ttft: total=4757 ms | template=0 tokenize=0 kv_match=0 prefill=4755 first_sample=1
ttft: ctx_held=0 rendered=33 reused=0 reprefill=33 (100.0% of rendered)
ttft: diverged_at=0 kv_had=-1|| rerender_has=200006|<|start|>|
tok 200005 |<|channel|>|
tok  35644 |analysis|
tok 200008 |<|message|>|
tok   2167 |We|
tok   1309 | need|
tok    316 | to|
tok  16644 | explain|
tok  10691 | hash|
tok   3293 | table|
tok   8496 | concept|
tok     11 |,|
tok   2140 | key|
tok  38798 |-value|
tok  22573 | mapping|
tok     11 |,|
tok 185245 | hashing|
tok   1114 | function|
tok     11 |,|
tok   2644 | array|
tok    328 | of|
tok  83230 | buckets|
tok     11 |,|
tok 100572 | collisions|
tok     11 |,|
tok 166438 | chaining|
tok    503 | or|
tok   2494 | open|
tok  43729 | addressing|
tok     11 |,|
tok   4436 | why|
tok   1631 | look|
tok  14409 |ups|
tok    553 | are|
tok    532 | O|
tok      7 |(|
tok     16 |1|
tok      8 |)|
tok   7848 | average|
tok     13 |.|
tok  51441 | Provide|
tok  52350 | intuitive|
tok  30547 | explanation|
tok     13 |.|
tok   8820 | Also|
tok   8633 | mention|
tok   4700 | load|
tok  12332 | factor|
tok     11 |,|
tok 194550 | resizing|
tok     11 |,|
tok   5178 | etc|
tok     13 |.|
tok  51441 | Provide|
tok   4994 | example|
tok     13 |.|
tok 200007 |<|end|>|
tok 200006 |<|start|>|
tok 173781 |assistant|
tok 200005 |<|channel|>|
tok  17196 |final|
tok 200008 |<|message|>|
tok  31639 |###|
tok    220 | |
tok     16 |1|
tok     13 |.|
tok   4614 | What|
tok    382 | is|
tok    261 | a|
tok  10691 | hash|
tok   3293 | table|
tok   1715 |?

|
tok     32 |A|
tok   6240 | **|
tok  16909 |hash|
tok   3293 | table|
tok    410 |**|
tok    350 | (|
tok  32038 |also|
tok   4358 | called|
tok    261 | a|
tok    425 | *|
tok  16909 |hash|
tok   4014 | map|
tok      9 |*|
tok    503 | or|
tok    425 | *|
tok  81947 |dictionary|
tok   8162 |*)|
tok    382 | is|
tok    261 | a|
tok   1238 | data|
tok   8866 | structure|
tok    484 | that|
tok  14604 | stores|
tok    261 | a|
tok   5801 | collection|
tok    328 | of|
tok   6240 | **|
tok   1898 |key|
tok   1585 |–|
tok   1594 |value|
tok  24702 | pairs|
tok    410 |**|
tok    326 | and|
tok  19733 | lets|
tok    481 | you|
tok  31053 | retrieve|
tok    290 | the|
tok   1432 | value|
tok    484 | that|
tok  33063 | belongs|
tok    316 | to|
tok    261 | a|
tok   4335 | given|
tok   2140 | key|
tok   1869 | very|
tok   8065 | quickly|
tok    364 |.

|
tok  26178 |``|
tok   7450 |`
|
tok   1898 |key|
tok    220 | |
tok  15155 | →|
tok    220 | |
tok   1432 | value|
tok    198 |
|
tok  26178 |``|
tok  38193 |`

|
tok 164657 |Typical|
tok  12084 | operations|
tok   1402 |:

|
tok     91 |||
tok  29600 | Operation|
tok   1022 | ||
tok  11664 | Description|
tok  15972 | |
|
tok     91 |||
tok  55929 |-----------|
tok     91 |||
tok  44451 |-------------|
tok  14876 ||
|
tok     91 |||
tok   2700 | `|
tok  14813 |insert|
tok   8932 |(key|
tok     11 |,|
tok   1432 | value|
tok 120738 |)`|
tok   1022 | ||
tok   4063 | Add|
tok    261 | a|
tok    620 | new|
tok   2140 | key|
tok 137311 |/value|
tok  10610 | pair|
tok    350 | (|
tok    267 |or|
tok   4027 | update|
tok    448 | an|
tok   9595 | existing|
tok   2140 | key|
tok    741 |).|
tok  15972 | |
|
tok     91 |||
tok   2700 | `|
tok  29712 |lookup|
tok   8932 |(key|
tok 120738 |)`|
tok   1022 | ||
tok   9764 | Find|
tok    290 | the|
tok   1432 | value|
tok    484 | that|
tok  33063 | belongs|
tok    316 | to|
tok   2700 | `|
tok   1898 |key|
tok  62102 |`.|
tok  15972 | |
|
tok     91 |||
tok   2700 | `|
tok   8509 |delete|
tok   8932 |(key|
tok 120738 |)`|
tok   1022 | ||
tok  18141 | Remove|
tok    290 | the|
tok   2140 | key|
tok 137311 |/value|
tok  10610 | pair|
tok     13 |.|
tok  47459 | |

|
tok    976 |The|
tok   2140 | key|
tok   6056 | idea|
tok    382 | is|
tok    484 | that|
tok    290 | the|
tok   3293 | table|
tok    665 | can|
mode=streamed prompt_toks=33 reused=0 generated=200 n_ubatch=128
prefill: 4.75 s (6.94 tok/s)
decode:  26.05 s (7.68 tok/s)
io: cb_calls=4824 decode_uses=19200 decode_misses=2533 (hit 0.868) prefill_uses=3040 prefill_misses=547
io: pf_calls=23 pf_experts=543 union avg=23.6 min=17 max=28 fill=3.77 s (pool 32 slots)
io: prefetch_issued=557 prefetch_hits=206 prefetch_used=502 stall=15.03 s total_read=48203.9 MB avg_bw=1565 MB/s
io: read_work=117.87 s preads=21822 per_stream_bw=409 MB/s
mem: peak_rss=12.47 GB phys_footprint=6.73 GB
therm: nominal
logits_hash=0a72c47b258234c4
text: <|channel|>analysis<|message|>We need to explain hash table concept, key-value mapping, hashing function, array of buckets, collisions, chaining or open addressing, why lookups are O(1) average. Provide intuitive explanation. Also mention load factor, resizing, etc. Provide example.<|end|><|start|>assistant<|channel|>final<|message|>### 1. What is a hash table?

A **hash table** (also called a *hash map* or *dictionary*) is a data structure that stores a collection of **key–value pairs** and lets you retrieve the value that belongs to a given key very quickly.

```
key  →  value
```

Typical operations:

| Operation | Description |
|-----------|-------------|
| `insert(key, value)` | Add a new key/value pair (or update an existing key). |
| `lookup(key)` | Find the value that belongs to `key`. |
| `delete(key)` | Remove the key/value pair. |

The key idea is that the table can
canon: held=233 kept=33 dropped=200 decoded=141 canonical=174 (10.04 s, post-reply)
canon_reply: ### 1. What is a hash table?\n\nA **hash table** (also called a *hash map* or *dictionary*) is a data structure that stores a collection of **key–value pairs** and lets you retrieve the value that belongs to a given key very quickly.\n\n```\nkey  →  value\n```\n\nTypical operations:\n\n| Operation | Description |\n|-----------|-------------|\n| `insert(key, value)` | Add a new key/value pair (or update an existing key). |\n| `lookup(key)` | Find the value that belongs to `key`. |\n| `delete(key)` | Remove the key/value pair. |\n\nThe key idea is that the table can

<<<TURN>>>
ttft: total=1913 ms | template=0 tokenize=3 kv_match=0 prefill=1908 first_sample=1
ttft: ctx_held=174 rendered=186 reused=174 reprefill=12 (6.5% of rendered)
ttft: diverged_at=174 kv_had=-1|| rerender_has=200006|<|start|>|
tok 200005 |<|channel|>|
tok  35644 |analysis|
tok 200008 |<|message|>|
tok   2167 |We|
tok   1309 | need|
tok    316 | to|
tok   6052 | answer|
tok     25 |:|
tok    392 | "|
tok   5958 |When|
tok   2226 | does|
tok    480 | it|
tok    717 | get|
tok   9800 | slow|
tok  16842 |?"|
tok    623 | The|
tok   1825 | user|
tok  14380 | previously|
tok   7747 | asked|
tok     25 |:|
tok    392 | "|
tok 176289 |Explain|
tok   1412 | what|
tok    261 | a|
tok  10691 | hash|
tok   3293 | table|
tok    382 | is|
tok    326 | and|
tok   4436 | why|
tok   1631 | look|
tok  14409 |ups|
tok    553 | are|
tok   5661 | fast|
tok   3692 |."|
tok    623 | The|
tok  29186 | assistant|
tok  34121 | responded|
tok    483 | with|
tok    261 | a|
tok   6496 | description|
tok     13 |.|
tok   6549 | Now|
tok    290 | the|
tok   1825 | user|
tok  31064 | asks|
tok     25 |:|
tok    392 | "|
tok   5958 |When|
tok   2226 | does|
tok    480 | it|
tok    717 | get|
tok   9800 | slow|
tok  16842 |?"|
tok   2632 | So|
tok    581 | we|
tok   1309 | need|
tok    316 | to|
tok  16644 | explain|
tok  42318 | scenarios|
tok   1919 | where|
tok  10691 | hash|
tok   3293 | table|
tok   6198 | performance|
tok    334 | de|
tok  68713 |grades|
tok     25 |:|
tok 100572 | collisions|
tok     11 |,|
tok   4700 | load|
tok  12332 | factor|
tok   1932 | high|
tok     11 |,|
tok  12530 | poor|
tok  10691 | hash|
tok   1114 | function|
tok     11 |,|
tok    322 | re|
tok  16909 |hash|
tok    289 |ing|
tok     11 |,|
tok   8197 | memory|
tok  52558 | overhead|
tok     11 |,|
tok  11956 | cache|
tok 100918 | misses|
tok     11 |,|
tok   5178 | etc|
tok     13 |.|
tok   8820 | Also|
tok   8633 | mention|
tok    484 | that|
tok  20486 | worst|
tok  83130 |-case|
tok  37342 | lookup|
tok    382 | is|
tok    532 | O|
tok   2406 |(n|
tok      8 |)|
tok    538 | if|
tok    722 | all|
tok  12994 | keys|
tok 133533 | collide|
tok     13 |.|
tok   8820 | Also|
tok   8633 | mention|
tok    484 | that|
tok  68906 | deletion|
tok  26985 |/in|
tok  21747 |sertion|
tok   1340 | may|
tok    413 | be|
tok  54189 | slower|
tok    538 | if|
tok    322 | re|
tok  16909 |hash|
tok    289 |ing|
tok     13 |.|
tok   8820 | Also|
tok   8633 | mention|
tok    484 | that|
tok    538 | if|
tok    290 | the|
tok  10691 | hash|
tok   3293 | table|
tok    382 | is|
tok   3101 | too|
tok   3291 | small|
tok  15001 | relative|
tok    316 | to|
tok   2086 | number|
tok    328 | of|
tok   8632 | elements|
tok     11 |,|
tok 100572 | collisions|
tok   7064 | increase|
tok     13 |.|
tok   8820 | Also|
tok   8633 | mention|
tok    484 | that|
tok    538 | if|
tok    290 | the|
tok  10691 | hash|
tok   1114 | function|
tok    382 | is|
tok  12530 | poor|
tok     11 |,|
tok   1991 | many|
tok 100572 | collisions|
tok     13 |.|
tok   8820 | Also|
tok   8633 | mention|
tok    484 | that|
tok    538 | if|
tok    290 | the|
tok  12994 | keys|
tok    553 | are|
tok    625 | not|
tok   1775 | well|
tok   7581 | distributed|
tok     11 |,|
tok    503 | or|
tok    538 | if|
tok    290 | the|
tok   3293 | table|
tok    382 | is|
tok    625 | not|
tok 130296 | resized|
tok  13425 | properly|
tok     13 |.|
tok   8820 | Also|
tok   8633 | mention|
tok    484 | that|
tok    538 | if|
tok    290 | the|
tok   3293 | table|
tok    382 | is|
tok   3101 | too|
tok   4410 | large|
tok     11 |,|
tok   8197 | memory|
tok  52558 | overhead|
tok    326 | and|
tok  11956 | cache|
tok 100918 | misses|
tok 179125 | degrade|
tok   6198 | performance|
tok     13 |.|
tok   8820 | Also|
tok   8633 | mention|
tok    484 | that|
tok    538 | if|
tok    290 | the|
tok   3293 | table|
tok    382 | is|
tok   2061 | used|
tok    306 | in|
tok    261 | a|
tok  12151 | multi|
tok 156104 |-thread|
tok    295 |ed|
mode=streamed prompt_toks=186 reused=174 generated=200 n_ubatch=128
prefill: 1.91 s (6.29 tok/s)
decode:  20.05 s (9.97 tok/s)
io: cb_calls=4824 decode_uses=19200 decode_misses=1927 (hit 0.900) prefill_uses=1108 prefill_misses=372
io: pf_calls=23 pf_experts=372 union avg=16.2 min=12 max=21 fill=1.60 s (pool 32 slots)
io: prefetch_issued=101 prefetch_hits=41 prefetch_used=81 stall=9.06 s total_read=31809.0 MB avg_bw=1449 MB/s
io: read_work=59.34 s preads=14400 per_stream_bw=536 MB/s
mem: peak_rss=12.47 GB phys_footprint=6.75 GB
therm: nominal
logits_hash=4e0402c1e205ffc8
text: <|channel|>analysis<|message|>We need to answer: "When does it get slow?" The user previously asked: "Explain what a hash table is and why lookups are fast." The assistant responded with a description. Now the user asks: "When does it get slow?" So we need to explain scenarios where hash table performance degrades: collisions, load factor high, poor hash function, rehashing, memory overhead, cache misses, etc. Also mention that worst-case lookup is O(n) if all keys collide. Also mention that deletion/insertion may be slower if rehashing. Also mention that if the hash table is too small relative to number of elements, collisions increase. Also mention that if the hash function is poor, many collisions. Also mention that if the keys are not well distributed, or if the table is not resized properly. Also mention that if the table is too large, memory overhead and cache misses degrade performance. Also mention that if the table is used in a multi-threaded
