llmstream: 24 layers, 24 slots/layer, 6 tensors/expert, 13.25 MB/expert, prefetch=on
tok 200005 |<|channel|>|
tok  35644 |analysis|
tok 200008 |<|message|>|
tok   2167 |We|
tok   1309 | need|
tok    316 | to|
tok   5067 | write|
tok    261 | a|
tok  26534 | Python|
tok   1114 | function|
tok    484 | that|
tok 176901 | merges|
tok   1920 | two|
tok  20099 | sorted|
tok  19471 | lists|
tok   1511 | into|
tok   1001 | one|
tok  20099 | sorted|
tok   1562 | list|
tok   2935 | without|
tok   2360 | using|
tok   4506 | sort|
tok   1454 |().|
tok   2632 | So|
tok  21924 | basically|
tok   6365 | implement|
tok  20345 | merge|
tok   5983 | step|
tok    328 | of|
tok  20345 | merge|
tok   4506 | sort|
tok     13 |.|
tok    623 | The|
tok   1114 | function|
tok   1757 | should|
tok   2304 | take|
tok   1920 | two|
tok  20099 | sorted|
tok  19471 | lists|
tok    326 | and|
tok    622 | return|
tok    261 | a|
tok  49536 | merged|
tok  20099 | sorted|
tok   1562 | list|
tok     13 |.|
tok   1416 | We|
tok    665 | can|
tok   1199 | use|
tok   1920 | two|
tok  58762 | pointers|
tok     13 |.|
tok    623 | The|
tok   1114 | function|
tok  18960 | signature|
tok     25 |:|
tok   1056 | def|
tok  20345 | merge|
tok 104993 |_sorted|
tok  93609 |_lists|
tok   6271 |(a|
tok     11 |,|
tok    287 | b|
tok   3127 |):|
mode=streamed prompt_toks=23 reused=0 generated=64 n_ubatch=1
prefill: 7.80 s (2.95 tok/s)
decode:  7.59 s (8.43 tok/s)
io: cb_calls=2088 decode_uses=6144 decode_misses=288 (hit 0.953) prefill_uses=2120 prefill_misses=276
io: prefetch_issued=246 prefetch_hits=118 prefetch_used=236 stall=9.83 s total_read=10735.5 MB avg_bw=697 MB/s
io: read_work=58.73 s preads=4860 per_stream_bw=183 MB/s
mem: peak_rss=9.17 GB phys_footprint=10.51 GB
therm: nominal
logits_hash=7fff2b7b9461da2a
text: <|channel|>analysis<|message|>We need to write a Python function that merges two sorted lists into one sorted list without using sort(). So basically implement merge step of merge sort. The function should take two sorted lists and return a merged sorted list. We can use two pointers. The function signature: def merge_sorted_lists(a, b):
