ttft: total=14120 ms | template=0 tokenize=1 kv_match=0 prefill=14117 first_sample=1
ttft: ctx_held=0 rendered=295 reused=0 reprefill=295 (100.0% of rendered)
ttft: diverged_at=0 kv_had=-1|| rerender_has=200006|<|start|>|
tok 200005 |<|channel|>|
tok  35644 |analysis|
tok 200008 |<|message|>|
tok   2167 |We|
tok   1309 | need|
tok    316 | to|
tok   6052 | answer|
tok   9809 | difference|
tok   2870 | between|
tok  10825 | stack|
tok    326 | and|
tok  13661 | queue|
tok     13 |.|
tok  51441 | Provide|
tok  82463 | concise|
tok  30547 | explanation|
tok     13 |.|
tok   7649 | Use|
tok  31926 | bullet|
tok   5571 | points|
tok     13 |.|
tok 200007 |<|end|>|
tok 200006 |<|start|>|
tok 173781 |assistant|
tok 200005 |<|channel|>|
tok  17196 |final|
tok 200008 |<|message|>|
tok    410 |**|
tok   5622 |Stack|
tok  10217 | vs|
tok     13 |.|
tok  35581 | Queue|
tok   1127 | –|
tok    290 | the|
tok   2140 | key|
tok   9809 | difference|
tok  91587 |**

|
tok     91 |||
tok  29261 | Feature|
tok   1022 | ||
tok  25134 | Stack|
tok   1022 | ||
tok  35581 | Queue|
tok  15972 | |
|
tok     91 |||
tok  55446 |---------|
tok     91 |||
tok  39028 |-------|
tok     91 |||
tok  39028 |-------|
tok  14876 ||
|
tok     91 |||
tok   6240 | **|
tok   4861 |Order|
tok    328 | of|
tok   3158 | access|
tok    410 |**|
tok   1022 | ||
tok  12246 | Last|
tok  50005 |‑|
tok    258 |in|
tok     11 |,|
tok   1577 | first|
tok  50005 |‑|
tok    468 |out|
tok    350 | (|
tok     43 |L|
tok  79012 |IFO|
tok      8 |)|
tok   1022 | ||
tok   8338 | First|
tok  50005 |‑|
tok    258 |in|
tok     11 |,|
tok   1577 | first|
tok  50005 |‑|
tok    468 |out|
tok    350 | (|
tok 196867 |FIFO|
tok      8 |)|
tok  15972 | |
|
tok     91 |||
tok   6240 | **|
tok  21536 |Primary|
tok  12084 | operations|
tok    410 |**|
tok   1022 | ||
tok   2700 | `|
tok  18873 |push|
tok     63 |`|
tok    350 | (|
tok    964 |add|
tok    316 | to|
tok   2344 | top|
tok    936 |),|
tok   2700 | `|
tok  15042 |pop|
tok     63 |`|
tok    350 | (|
tok   4942 |remove|
tok    591 | from|
tok   2344 | top|
tok      8 |)|
tok   1022 | ||
tok   2700 | `|
tok 133113 |enqueue|
tok     63 |`|
tok    350 | (|
tok    964 |add|
tok    316 | to|
tok  20749 | rear|
tok    936 |),|
tok   2700 | `|
tok    613 |de|
tok   9409 |queue|
tok     63 |`|
tok    350 | (|
tok   4942 |remove|
tok    591 | from|
tok   5567 | front|
tok      8 |)|
tok  15972 | |
|
tok     91 |||
tok   6240 | **|
tok 164657 |Typical|
tok   1199 | use|
tok  50005 |‑|
tok  39373 |cases|
tok    410 |**|
tok   1022 | ||
tok  11035 | Function|
tok   2421 | call|
tok  10825 | stack|
tok     11 |,|
tok  59427 | undo|
tok     14 |/|
tok  69380 |redo|
tok   5678 | history|
tok     11 |,|
tok  13636 | depth|
tok  50005 |‑|
tok   7743 |first|
tok   3684 | search|
tok   1022 | ||
tok   9178 | Message|
tok 101913 | queues|
tok     11 |,|
tok  76853 | breadth|
tok  50005 |‑|
tok   7743 |first|
tok   3684 | search|
tok     11 |,|
tok  28923 | printer|
tok   3349 | job|
tok   1562 | list|
tok  15972 | |
|
tok     91 |||
tok   6240 | **|
tok   1186 |Data|
tok   8866 | structure|
tok    410 |**|
tok   1022 | ||
tok  50680 | Often|
tok  20681 | implemented|
tok    483 | with|
tok    448 | an|
tok   2644 | array|
tok    503 | or|
tok  17002 | linked|
tok   1562 | list|
tok   1919 | where|
tok    290 | the|
tok    966 | “|
tok   8169 |top|
tok    693 |”|
tok    382 | is|
tok    261 | a|
tok   4590 | single|
tok   1268 | end|
tok   1022 | ||
tok  50680 | Often|
tok  20681 | implemented|
tok    483 | with|
tok    448 | an|
tok   2644 | array|
tok    503 | or|
tok  17002 | linked|
tok   1562 | list|
tok   1919 | where|
tok    966 | “|
tok  10313 |front|
tok    693 |”|
tok    326 | and|
tok    966 | “|
tok 108863 |rear|
tok    693 |”|
tok    553 | are|
tok   1920 | two|
tok  17095 | ends|
tok  15972 | |
|
tok     91 |||
tok   6240 | **|
tok   7324 |Access|
tok   8302 | pattern|
tok    410 |**|
tok   1022 | ||
tok  12817 | Only|
tok    290 | the|
tok   1645 | most|
tok   8422 | recently|
tok   5768 | added|
tok   3577 | element|
tok    382 | is|
tok  18240 | accessible|
tok   1022 | ||
tok  12817 | Only|
tok    290 | the|
tok  34331 | oldest|
tok   3577 | element|
tok    382 | is|
tok  18240 | accessible|
tok  47459 | |

|
tok    637 |In|
tok   4022 | short|
tok     25 |:|
tok    261 | a|
tok   6240 | **|
tok  15145 |stack|
tok    410 |**|
tok  19733 | lets|
tok    481 | you|
tok   1101 | work|
tok    483 | with|
tok    290 | the|
tok  29442 | newest|
tok   2169 | item|
tok   1577 | first|
tok     11 |,|
tok   2049 | while|
tok    261 | a|
tok   6240 | **|
tok   9409 |queue|
tok    410 |**|
tok  14340 | processes|
tok   4732 | items|
tok    306 | in|
tok    290 | the|
tok   2569 | order|
tok   1023 | they|
tok  18157 | arrived|
tok     13 |.|
mode=streamed prompt_toks=295 reused=0 generated=251 n_ubatch=128
prefill: 14.12 s (20.90 tok/s)
decode:  36.72 s (6.84 tok/s)
io: cb_calls=6096 decode_uses=24096 decode_misses=3179 (hit 0.868) prefill_uses=27144 prefill_misses=1605
io: pf_calls=69 pf_experts=1601 union avg=23.2 min=14 max=31 fill=6.78 s (pool 32 slots)
io: prefetch_issued=554 prefetch_hits=214 prefetch_used=469 stall=21.17 s total_read=70748.6 MB avg_bw=1392 MB/s
io: read_work=176.04 s preads=32028 per_stream_bw=402 MB/s
mem: peak_rss=11.00 GB phys_footprint=6.75 GB
therm: fair
logits_hash=4f785aaf06881efb
text: <|channel|>analysis<|message|>We need to answer difference between stack and queue. Provide concise explanation. Use bullet points.<|end|><|start|>assistant<|channel|>final<|message|>**Stack vs. Queue – the key difference**

| Feature | Stack | Queue |
|---------|-------|-------|
| **Order of access** | Last‑in, first‑out (LIFO) | First‑in, first‑out (FIFO) |
| **Primary operations** | `push` (add to top), `pop` (remove from top) | `enqueue` (add to rear), `dequeue` (remove from front) |
| **Typical use‑cases** | Function call stack, undo/redo history, depth‑first search | Message queues, breadth‑first search, printer job list |
| **Data structure** | Often implemented with an array or linked list where the “top” is a single end | Often implemented with an array or linked list where “front” and “rear” are two ends |
| **Access pattern** | Only the most recently added element is accessible | Only the oldest element is accessible |

In short: a **stack** lets you work with the newest item first, while a **queue** processes items in the order they arrived.
canon: held=546 kept=295 dropped=251 decoded=226 canonical=521 (15.25 s, post-reply)
canon_reply: **Stack vs. Queue – the key difference**\n\n| Feature | Stack | Queue |\n|---------|-------|-------|\n| **Order of access** | Last‑in, first‑out (LIFO) | First‑in, first‑out (FIFO) |\n| **Primary operations** | `push` (add to top), `pop` (remove from top) | `enqueue` (add to rear), `dequeue` (remove from front) |\n| **Typical use‑cases** | Function call stack, undo/redo history, depth‑first search | Message queues, breadth‑first search, printer job list |\n| **Data structure** | Often implemented with an array or linked list where the “top” is a single end | Often implemented with an array or linked list where “front” and “rear” are two ends |\n| **Access pattern** | Only the most recently added element is accessible | Only the oldest element is accessible |\n\nIn short: a **stack** lets you work with the newest item first, while a **queue** processes items in the order they arrived.

<<<TURN>>>
ttft: total=2530 ms | template=0 tokenize=25 kv_match=0 prefill=2504 first_sample=1
ttft: ctx_held=521 rendered=536 reused=521 reprefill=15 (2.8% of rendered)
ttft: diverged_at=521 kv_had=-1|| rerender_has=200006|<|start|>|
tok 200005 |<|channel|>|
tok  35644 |analysis|
tok 200008 |<|message|>|
tok    976 |The|
tok   1825 | user|
tok  10648 | wants|
tok   1001 | one|
tok   1374 | real|
tok   1199 | use|
tok   1890 | case|
tok    395 | for|
tok   2454 | each|
tok     25 |:|
tok  10825 | stack|
tok    326 | and|
tok  13661 | queue|
tok     13 |.|
tok  51441 | Provide|
tok  82463 | concise|
tok   1374 | real|
tok  52939 |-world|
tok  15652 | examples|
tok     13 |.|
tok  18057 | Should|
tok    413 | be|
tok   5364 | clear|
tok     13 |.|
tok 200007 |<|end|>|
tok 200006 |<|start|>|
tok 173781 |assistant|
tok 200005 |<|channel|>|
tok  17196 |final|
tok 200008 |<|message|>|
tok    410 |**|
tok   5622 |Stack|
tok   1127 | –|
tok 137052 | Undo|
tok     14 |/|
tok 139578 |Redo|
tok    306 | in|
tok    261 | a|
tok   2201 | text|
tok   9836 | editor|
tok  91587 |**

|
tok     12 |-|
tok   4296 | When|
tok    481 | you|
tok   1490 | type|
tok    503 | or|
tok   6168 | delete|
tok   2201 | text|
tok     11 |,|
tok   2454 | each|
tok   3736 | action|
tok    382 | is|
tok  31155 | pushed|
tok  13291 | onto|
tok    261 | a|
tok  10825 | stack|
tok     13 |.|
tok   4066 |  
|
tok     12 |-|
tok  13463 | Press|
tok    289 |ing|
tok   6240 | **|
tok  70762 |Undo|
tok    410 |**|
tok  76042 | pops|
tok    290 | the|
tok   1645 | most|
tok   7178 | recent|
tok   3736 | action|
tok    326 | and|
tok    322 | re|
tok  32557 |verts|
tok    480 | it|
tok     13 |.|
tok   4066 |  
|
tok     12 |-|
tok  13463 | Press|
tok    289 |ing|
tok   6240 | **|
tok 139578 |Redo|
tok    410 |**|
tok  85031 | pushes|
tok    290 | the|
tok 178433 | undone|
tok   3736 | action|
tok   1602 | back|
tok  13291 | onto|
tok    290 | the|
tok  10825 | stack|
tok     13 |.|
tok   4066 |  
|
tok     12 |-|
tok    623 | The|
tok    451 | L|
tok  79012 |IFO|
tok   7867 | nature|
tok  30005 | ensures|
tok    481 | you|
tok   3324 | always|
tok  34674 | revert|
tok    290 | the|
tok   2174 | last|
tok   3343 | change|
tok   1577 | first|
tok    364 |.

|
tok    410 |**|
tok   9801 |Queue|
tok   1127 | –|
tok  13103 | Print|
tok  50005 |‑|
tok   1148 |sp|
tok    971 |ool|
tok    259 |er|
tok   3349 | job|
tok  13661 | queue|
tok  91587 |**

|
tok     12 |-|
tok   4296 | When|
tok   7598 | multiple|
tok   5385 | users|
tok   4952 | send|
tok  13427 | documents|
tok    316 | to|
tok    261 | a|
tok   9599 | shared|
tok  28923 | printer|
tok     11 |,|
tok   2454 | each|
tok   2123 | print|
tok   3349 | job|
tok    382 | is|
tok    469 | en|
tok 116763 |queued|
tok    306 | in|
tok    290 | the|
tok   2569 | order|
tok   6100 | received|
tok     13 |.|
tok   4066 |  
|
tok     12 |-|
tok    623 | The|
tok  28923 | printer|
tok  90347 | deque|
tok   1406 |ues|
tok  10420 | jobs|
tok   1001 | one|
tok    656 | by|
tok   1001 | one|
tok     11 |,|
tok  24698 | printing|
tok    290 | the|
tok  34331 | oldest|
tok   3349 | job|
tok   1577 | first|
tok     13 |.|
tok   4066 |  
|
tok     12 |-|
tok 114077 | FIFO|
tok  49460 | guarantees|
tok  95389 | fairness|
tok    326 | and|
tok  81579 | predictable|
tok 104366 | turnaround|
tok   1058 | time|
tok     13 |.|
mode=streamed prompt_toks=536 reused=521 generated=168 n_ubatch=128
prefill: 2.50 s (5.99 tok/s)
decode:  21.18 s (7.93 tok/s)
io: cb_calls=4056 decode_uses=16128 decode_misses=2196 (hit 0.864) prefill_uses=1384 prefill_misses=386
io: pf_calls=23 pf_experts=384 union avg=16.7 min=11 max=24 fill=1.94 s (pool 32 slots)
io: prefetch_issued=122 prefetch_hits=37 prefetch_used=104 stall=11.40 s total_read=35838.2 MB avg_bw=1513 MB/s
io: read_work=74.46 s preads=16224 per_stream_bw=481 MB/s
mem: peak_rss=11.00 GB phys_footprint=6.75 GB
therm: fair
logits_hash=e36ed6668275e65d
text: <|channel|>analysis<|message|>The user wants one real use case for each: stack and queue. Provide concise real-world examples. Should be clear.<|end|><|start|>assistant<|channel|>final<|message|>**Stack – Undo/Redo in a text editor**

- When you type or delete text, each action is pushed onto a stack.  
- Pressing **Undo** pops the most recent action and reverts it.  
- Pressing **Redo** pushes the undone action back onto the stack.  
- The LIFO nature ensures you always revert the last change first.

**Queue – Print‑spooler job queue**

- When multiple users send documents to a shared printer, each print job is enqueued in the order received.  
- The printer dequeues jobs one by one, printing the oldest job first.  
- FIFO guarantees fairness and predictable turnaround time.
canon: held=704 kept=536 dropped=168 decoded=137 canonical=673 (9.80 s, post-reply)
canon_reply: **Stack – Undo/Redo in a text editor**\n\n- When you type or delete text, each action is pushed onto a stack.  \n- Pressing **Undo** pops the most recent action and reverts it.  \n- Pressing **Redo** pushes the undone action back onto the stack.  \n- The LIFO nature ensures you always revert the last change first.\n\n**Queue – Print‑spooler job queue**\n\n- When multiple users send documents to a shared printer, each print job is enqueued in the order received.  \n- The printer dequeues jobs one by one, printing the oldest job first.  \n- FIFO guarantees fairness and predictable turnaround time.
