ttft: total=12665 ms | template=0 tokenize=1 kv_match=0 prefill=12662 first_sample=1
ttft: ctx_held=0 rendered=291 reused=0 reprefill=291 (100.0% of rendered)
ttft: diverged_at=0 kv_had=-1|| rerender_has=200006|<|start|>|
tok 200005 |<|channel|>|
tok  35644 |analysis|
tok 200008 |<|message|>|
tok   2167 |We|
tok   1309 | need|
tok    316 | to|
tok   6052 | answer|
tok     25 |:|
tok   4614 | What|
tok  16431 | causes|
tok    290 | the|
tok  28089 | seasons|
tok    402 | on|
tok  16464 | Earth|
tok     30 |?|
tok  51441 | Provide|
tok  30547 | explanation|
tok     25 |:|
tok 146677 | Earth's|
tok 123167 | axial|
tok  68195 | tilt|
tok  15001 | relative|
tok    316 | to|
tok 132498 | orbital|
tok  16499 | plane|
tok     11 |,|
tok  44689 | varying|
tok  17624 | solar|
tok   2215 | ins|
tok  33369 |olation|
tok     11 |,|
tok   5178 | etc|
tok     13 |.|
tok  51441 | Provide|
tok   4878 | details|
tok     25 |:|
tok  68195 | tilt|
tok   6574 | ~|
tok   1860 |23|
tok     13 |.|
tok     20 |5|
tok 148177 |°,|
tok 146677 | Earth's|
tok  61353 | orbit|
tok 199115 | elliptical|
tok     11 |,|
tok    889 | but|
tok  28089 | seasons|
tok  19294 | mainly|
tok   5192 | due|
tok    316 | to|
tok  68195 | tilt|
tok     13 |.|
tok  51441 | Provide|
tok   8633 | mention|
tok    328 | of|
tok 146677 | Earth's|
tok  61353 | orbit|
tok   2846 | around|
tok  11628 | Sun|
tok     11 |,|
tok 123167 | axial|
tok  68195 | tilt|
tok     11 |,|
tok  44689 | varying|
tok  16538 | angle|
tok    328 | of|
tok  55414 | sunlight|
tok     11 |,|
tok   2163 | day|
tok   5517 | length|
tok     11 |,|
tok   5178 | etc|
tok     13 |.|
tok  51441 | Provide|
tok  30547 | explanation|
tok    328 | of|
tok   1495 | how|
tok  28089 | seasons|
tok   2171 | differ|
tok     25 |:|
tok   9333 | summer|
tok     11 |,|
tok  13655 | winter|
tok     11 |,|
tok   5178 | etc|
tok     13 |.|
tok  51441 | Provide|
tok   8633 | mention|
tok    328 | of|
tok 146677 | Earth's|
tok  61353 | orbit|
tok 199115 | elliptical|
tok  24297 | causing|
tok  12644 | slight|
tok  35930 | variation|
tok    306 | in|
tok   9324 | distance|
tok    889 | but|
tok    625 | not|
tok   2758 | main|
tok   7075 | cause|
tok     13 |.|
tok  51441 | Provide|
tok   8633 | mention|
tok    328 | of|
tok 123167 | axial|
tok    876 | pre|
tok  36438 |cession|
tok     11 |,|
tok   5178 | etc|
tok     13 |.|
tok  51441 | Provide|
tok   6052 | answer|
tok    306 | in|
tok  21402 | plain|
tok   6439 | language|
tok     13 |.|
tok 200007 |<|end|>|
tok 200006 |<|start|>|
tok 173781 |assistant|
tok 200005 |<|channel|>|
tok  17196 |final|
tok 200008 |<|message|>|
tok    410 |**|
tok   1584 |Se|
tok   8650 |asons|
tok    553 | are|
tok  14273 | caused|
tok    656 | by|
tok  16464 | Earth|
tok    802 |’s|
tok 123167 | axial|
tok  68195 | tilt|
tok     13 |.|
tok  91587 |**

|
tok     16 |1|
tok     13 |.|
tok   6240 | **|
tok  82865 |Earth|
tok    802 |’s|
tok  16300 | axis|
tok    382 | is|
tok 186352 | tilted|
tok    410 |**|
tok   4066 |  
|
tok    256 |  |
tok    533 | -|
tok    623 | The|
tok  17921 | planet|
tok    802 |’s|
tok  23769 | rotation|
tok  16300 | axis|
tok    382 | is|
tok 171096 | angled|
tok   1078 | about|
tok   6240 | **|
tok   1860 |23|
tok     13 |.|
tok     20 |5|
tok   6793 |°|
tok    410 |**|
tok  15001 | relative|
tok    316 | to|
tok    290 | the|
tok  16499 | plane|
tok    328 | of|
tok   1617 | its|
tok  61353 | orbit|
tok   2846 | around|
tok    290 | the|
tok  11628 | Sun|
tok    350 | (|
tok   3086 |the|
tok    319 | e|
tok  11945 |clip|
tok  64647 |tic|
tok    741 |).|
tok   4066 |  
|
tok    256 |  |
tok    533 | -|
tok   1328 | This|
tok  68195 | tilt|
tok    382 | is|
tok  13213 | fixed|
tok    306 | in|
tok   4918 | space|
tok   2049 | while|
tok  16464 | Earth|
tok  50316 | travels|
tok   2846 | around|
tok    290 | the|
tok  11628 | Sun|
tok    364 |.

|
tok     17 |2|
tok     13 |.|
tok   6240 | **|
tok  94519 |Changing|
tok  16538 | angle|
tok    328 | of|
tok  55414 | sunlight|
tok    410 |**|
tok   4066 |  
|
tok    256 |  |
tok    533 | -|
tok   1877 | As|
tok  16464 | Earth|
tok  19523 | moves|
tok   4251 | along|
tok   1617 | its|
tok  61353 | orbit|
tok     11 |,|
tok    290 | the|
tok  68195 | tilt|
tok   4787 | makes|
tok   2647 | different|
tok   7881 | parts|
tok    328 | of|
tok    290 | the|
tok  17921 | planet|
tok   2438 | point|
tok    945 | more|
tok    503 | or|
tok   3760 | less|
tok  15256 | toward|
tok    290 | the|
tok  11628 | Sun|
tok     13 |.|
tok   4066 |  
|
tok    256 |  |
tok    533 | -|
tok   4296 | When|
tok    261 | a|
tok 143971 | hemisphere|
tok    382 | is|
tok 186352 | tilted|
tok  15256 | toward|
tok    290 | the|
tok  11628 | Sun|
tok     11 |,|
tok    480 | it|
tok  35399 | receives|
tok  55414 | sunlight|
tok    540 | at|
tok    261 | a|
tok   2310 | ste|
tok  16767 |eper|
tok  16538 | angle|
tok    326 | and|
tok    395 | for|
tok   7411 | longer|
tok  27925 | periods|
tok   2454 | each|
tok   2163 | day|
tok  15155 | →|
tok   6240 | **|
tok 163133 |summer|
tok    410 |**|
tok     13 |.|
tok   4066 |  
|
tok    256 |  |
tok    533 | -|
tok   4296 | When|
tok    480 | it|
tok    382 | is|
tok 186352 | tilted|
tok   4194 | away|
tok     11 |,|
tok  55414 | sunlight|
tok  21571 | hits|
tok    540 | at|
tok    261 | a|
tok   8712 | shall|
tok   1611 |ower|
tok  16538 | angle|
tok    326 | and|
tok    395 | for|
tok  30732 | fewer|
tok   5123 | hours|
tok  15155 | →|
tok   6240 | **|
tok 170685 |winter|
tok    410 |**|
tok    364 |.

|
tok     18 |3|
tok     13 |.|
tok   6240 | **|
tok  10359 |Day|
tok  50005 |‑|
tok   7914 |length|
tok  35930 | variation|
tok    410 |**|
tok   4066 |  
|
tok    256 |  |
tok    533 | -|
tok    623 | The|
tok  68195 | tilt|
tok   1217 | also|
tok   6629 | changes|
tok    290 | the|
tok   5517 | length|
tok    328 | of|
tok  87478 | daylight|
tok     25 |:|
tok   7411 | longer|
tok   3376 | days|
tok    306 | in|
tok   9333 | summer|
tok     11 |,|
tok  37168 | shorter|
tok   3376 | days|
tok    306 | in|
tok  13655 | winter|
tok     11 |,|
tok   1118 | which|
tok  18451 | ampl|
tok  18573 |ifies|
tok  12088 | temperature|
tok  19504 | differences|
tok    364 |.

|
tok     19 |4|
tok     13 |.|
tok   6240 | **|
tok  86114 |Minor|
tok   5430 | role|
tok    328 | of|
tok 132498 | orbital|
tok   9591 | shape|
tok    410 |**|
tok   4066 |  
|
tok    256 |  |
tok    533 | -|
tok  16464 | Earth|
tok    802 |’s|
tok  61353 | orbit|
tok    382 | is|
tok  16132 | slightly|
tok 199115 | elliptical|
tok     11 |,|
tok    813 | so|
tok    290 | the|
tok   9324 | distance|
tok    316 | to|
tok    290 | the|
tok  11628 | Sun|
tok  47245 | varies|
tok    261 | a|
tok   3546 | bit|
tok     13 |.|
tok   4066 |  
|
tok    256 |  |
tok    533 | -|
tok   1328 | This|
tok   9324 | distance|
tok   3343 | change|
tok    382 | is|
tok   3291 | small|
tok  11223 | compared|
tok    316 | to|
tok    290 | the|
tok   3159 | effect|
tok    328 | of|
tok  68195 | tilt|
tok    326 | and|
tok   1606 | only|
tok  16132 | slightly|
tok  49166 | influences|
tok  44926 | seasonal|
tok  28295 | temperatures|
tok    364 |.

|
tok    410 |**|
tok  18610 |Summary|
tok 142760 |:**|
tok    623 | The|
tok    220 | |
tok   1860 |23|
tok     13 |.|
tok     20 |5|
tok   6793 |°|
tok  68195 | tilt|
tok    328 | of|
tok  16464 | Earth|
tok    802 |’s|
tok  16300 | axis|
tok     11 |,|
tok  15890 | combined|
tok    483 | with|
tok   1617 | its|
tok  61353 | orbit|
tok   2846 | around|
tok    290 | the|
tok  11628 | Sun|
tok     11 |,|
tok  16431 | causes|
tok    290 | the|
tok  44689 | varying|
tok  34636 | intensity|
tok    326 | and|
tok  13599 | duration|
tok    328 | of|
tok  55414 | sunlight|
tok    484 | that|
tok  10635 | produce|
tok    290 | the|
tok  28089 | seasons|
tok     13 |.|
mode=streamed prompt_toks=291 reused=0 generated=406 n_ubatch=128
prefill: 12.66 s (22.98 tok/s)
decode:  38.63 s (10.51 tok/s)
io: cb_calls=9816 decode_uses=38976 decode_misses=3697 (hit 0.905) prefill_uses=26776 prefill_misses=1593
io: pf_calls=69 pf_experts=1589 union avg=23.0 min=14 max=31 fill=5.82 s (pool 32 slots)
io: prefetch_issued=290 prefetch_hits=89 prefetch_used=268 stall=16.38 s total_read=73956.0 MB avg_bw=1442 MB/s
io: read_work=136.62 s preads=33480 per_stream_bw=541 MB/s
mem: peak_rss=12.24 GB phys_footprint=6.75 GB
therm: fair
logits_hash=bb10b95e1b82d839
text: <|channel|>analysis<|message|>We need to answer: What causes the seasons on Earth? Provide explanation: Earth's axial tilt relative to orbital plane, varying solar insolation, etc. Provide details: tilt ~23.5°, Earth's orbit elliptical, but seasons mainly due to tilt. Provide mention of Earth's orbit around Sun, axial tilt, varying angle of sunlight, day length, etc. Provide explanation of how seasons differ: summer, winter, etc. Provide mention of Earth's orbit elliptical causing slight variation in distance but not main cause. Provide mention of axial precession, etc. Provide answer in plain language.<|end|><|start|>assistant<|channel|>final<|message|>**Seasons are caused by Earth’s axial tilt.**

1. **Earth’s axis is tilted**  
   - The planet’s rotation axis is angled about **23.5°** relative to the plane of its orbit around the Sun (the ecliptic).  
   - This tilt is fixed in space while Earth travels around the Sun.

2. **Changing angle of sunlight**  
   - As Earth moves along its orbit, the tilt makes different parts of the planet point more or less toward the Sun.  
   - When a hemisphere is tilted toward the Sun, it receives sunlight at a steeper angle and for longer periods each day → **summer**.  
   - When it is tilted away, sunlight hits at a shallower angle and for fewer hours → **winter**.

3. **Day‑length variation**  
   - The tilt also changes the length of daylight: longer days in summer, shorter days in winter, which amplifies temperature differences.

4. **Minor role of orbital shape**  
   - Earth’s orbit is slightly elliptical, so the distance to the Sun varies a bit.  
   - This distance change is small compared to the effect of tilt and only slightly influences seasonal temperatures.

**Summary:** The 23.5° tilt of Earth’s axis, combined with its orbit around the Sun, causes the varying intensity and duration of sunlight that produce the seasons.

<<<TURN>>>
ttft: total=11856 ms | template=0 tokenize=18 kv_match=0 prefill=11837 first_sample=1
ttft: ctx_held=697 rendered=442 reused=291 reprefill=151 (34.2% of rendered)
ttft: diverged_at=291 kv_had=200005|<|channel|>| rerender_has=200008|<|message|>|
tok 200005 |<|channel|>|
tok  35644 |analysis|
tok 200008 |<|message|>|
tok   1844 |User|
tok  31064 | asks|
tok     25 |:|
tok  12587 | Why|
tok    382 | is|
tok    290 | the|
tok  30910 | southern|
tok 143971 | hemisphere|
tok  23821 | opposite|
tok     30 |?|
tok   3164 | They|
tok   6960 | likely|
tok   6716 | refer|
tok    316 | to|
tok  28089 | seasons|
tok   2447 | being|
tok  23821 | opposite|
tok   2870 | between|
tok 185815 | hemis|
tok 120056 |pheres|
tok     13 |.|
tok  19792 | Need|
tok    316 | to|
tok  16644 | explain|
tok    484 | that|
tok   2236 | because|
tok    328 | of|
tok 123167 | axial|
tok  68195 | tilt|
tok     11 |,|
tok   1261 | when|
tok   1001 | one|
tok 143971 | hemisphere|
tok    382 | is|
tok 186352 | tilted|
tok  15256 | toward|
tok    290 | the|
tok  11628 | Sun|
tok     11 |,|
tok    290 | the|
tok   1273 | other|
tok    382 | is|
tok 186352 | tilted|
tok   4194 | away|
tok     13 |.|
tok   2632 | So|
tok  28089 | seasons|
tok    553 | are|
tok  23821 | opposite|
tok     13 |.|
tok  51441 | Provide|
tok  30547 | explanation|
tok    328 | of|
tok  68195 | tilt|
tok   9262 | direction|
tok     11 |,|
tok 146677 | Earth's|
tok  61353 | orbit|
tok     11 |,|
tok   5178 | etc|
tok     13 |.|
tok  51441 | Provide|
tok   4878 | details|
tok     13 |.|
tok 200007 |<|end|>|
tok 200006 |<|start|>|
tok 173781 |assistant|
tok 200005 |<|channel|>|
tok  17196 |final|
tok 200008 |<|message|>|
tok  30105 |Because|
tok    290 | the|
tok  16464 | Earth|
tok    802 |’s|
tok  16300 | axis|
tok    382 | is|
tok 186352 | tilted|
tok     11 |,|
tok    290 | the|
tok   1920 | two|
tok 185815 | hemis|
tok 120056 |pheres|
tok    553 | are|
tok   3324 | always|
tok  45521 | pointing|
tok    306 | in|
tok  23821 | opposite|
tok  24921 | directions|
tok  15001 | relative|
tok    316 | to|
tok    290 | the|
tok  11628 | Sun|
tok    364 |.

|
tok     16 |1|
tok     13 |.|
tok   6240 | **|
tok    976 |The|
tok  68195 | tilt|
tok    410 |**|
tok   4066 |  
|
tok    256 |  |
tok    533 | -|
tok  16464 | Earth|
tok    802 |’s|
tok  16300 | axis|
tok    382 | is|
tok 186352 | tilted|
tok   1078 | about|
tok    220 | |
tok   1860 |23|
tok     13 |.|
tok     20 |5|
tok   6793 |°|
tok  15001 | relative|
tok    316 | to|
tok    290 | the|
tok  16499 | plane|
tok    328 | of|
tok   1617 | its|
tok  61353 | orbit|
tok    350 | (|
tok   3086 |the|
tok    319 | e|
tok  11945 |clip|
tok  64647 |tic|
tok    741 |).|
tok   4066 |  
|
tok    256 |  |
tok    533 | -|
tok   1328 | This|
tok  68195 | tilt|
tok    382 | is|
tok  13213 | fixed|
tok    306 | in|
tok   4918 | space|
tok    350 | (|
tok  25035 |except|
tok    395 | for|
tok   9800 | slow|
tok    876 | pre|
tok  36438 |cession|
tok    936 |),|
tok    813 | so|
tok    540 | at|
tok   1062 | any|
tok   4335 | given|
tok   1058 | time|
tok   1001 | one|
tok 143971 | hemisphere|
tok    382 | is|
tok 171096 | angled|
tok  15256 | toward|
tok    290 | the|
tok  11628 | Sun|
tok   2049 | while|
tok    290 | the|
tok   1273 | other|
tok    382 | is|
tok 171096 | angled|
tok   4194 | away|
tok    364 |.

|
tok     17 |2|
tok     13 |.|
tok   6240 | **|
tok   5958 |When|
tok    290 | the|
tok  33426 | northern|
tok 143971 | hemisphere|
tok   3453 | til|
tok   1561 |ts|
tok  15256 | toward|
tok    290 | the|
tok  11628 | Sun|
tok    410 |**|
tok   4066 |  
|
tok    256 |  |
tok    533 | -|
tok    623 | The|
tok  11628 | Sun|
tok    802 |’s|
tok  66477 | rays|
tok   7103 | hit|
tok    480 | it|
tok    945 | more|
tok   8516 | directly|
tok    350 | (|
tok 186811 |higher|
tok  17624 | solar|
tok  43683 | elevation|
tok    741 |).|
tok   4066 |  
|
tok    256 |  |
tok    533 | -|
tok  26450 | Days|
tok    553 | are|
tok   7411 | longer|
tok    326 | and|
tok    290 | the|
tok  11628 | Sun|
tok    382 | is|
tok   7266 | higher|
tok    306 | in|
tok    290 | the|
tok  17307 | sky|
tok  15155 | →|
tok   6240 | **|
tok 163133 |summer|
tok    410 |**|
tok    306 | in|
tok    290 | the|
tok  16173 | north|
tok     13 |.|
tok   4066 |  
|
tok    256 |  |
tok    533 | -|
tok    623 | The|
tok  30910 | southern|
tok 143971 | hemisphere|
tok    382 | is|
tok 186352 | tilted|
tok   4194 | away|
tok     11 |,|
tok  35399 | receives|
tok   3760 | less|
tok   2823 | direct|
tok  55414 | sunlight|
tok     11 |,|
tok    853 | has|
tok  37168 | shorter|
tok   3376 | days|
tok  15155 | →|
tok   6240 | **|
tok 170685 |winter|
tok    410 |**|
tok    306 | in|
tok    290 | the|
tok  15019 | south|
tok    364 |.

|
tok     18 |3|
tok     13 |.|
tok   6240 | **|
tok   5958 |When|
tok    290 | the|
tok  30910 | southern|
tok 143971 | hemisphere|
tok   3453 | til|
tok   1561 |ts|
tok  15256 | toward|
tok    290 | the|
tok  11628 | Sun|
tok    410 |**|
tok   4066 |  
|
tok    256 |  |
tok    533 | -|
tok    623 | The|
tok  18834 | roles|
tok  18199 | reverse|
tok     25 |:|
tok    290 | the|
tok  15019 | south|
tok   8625 | gets|
tok    290 | the|
tok   2823 | direct|
tok     11 |,|
tok   7411 | longer|
tok  50005 |‑|
tok   1635 |day|
tok  55414 | sunlight|
tok  15155 | →|
tok   6240 | **|
tok 163133 |summer|
tok    410 |**|
tok    306 | in|
tok    290 | the|
tok  15019 | south|
tok     11 |,|
tok   2049 | while|
tok    290 | the|
tok  16173 | north|
tok  13189 | experiences|
tok    290 | the|
tok  23821 | opposite|
tok  15155 | →|
tok   6240 | **|
tok 170685 |winter|
tok    410 |**|
tok    306 | in|
tok    290 | the|
tok  16173 | north|
tok    364 |.

|
tok   5808 |So|
tok    290 | the|
tok 185815 | hemis|
tok 120056 |pheres|
tok    553 | are|
tok    966 | “|
tok    467 |op|
tok  25800 |posite|
tok    693 |”|
tok   2236 | because|
tok    290 | the|
tok   2684 | same|
tok  68195 | tilt|
tok    484 | that|
tok   4787 | makes|
tok   1001 | one|
tok   4307 | side|
tok   2438 | point|
tok  15256 | toward|
tok    290 | the|
tok  11628 | Sun|
tok   4787 | makes|
tok    290 | the|
tok   1273 | other|
tok   4307 | side|
tok   2438 | point|
tok   4194 | away|
tok     13 |.|
tok    623 | The|
tok   3159 | effect|
tok    382 | is|
tok    290 | the|
tok   2684 | same|
tok   1753 | every|
tok   1284 | year|
tok     11 |,|
tok  24168 | producing|
tok    290 | the|
tok  14488 | familiar|
tok   8302 | pattern|
tok    328 | of|
tok  23821 | opposite|
tok  28089 | seasons|
tok     13 |.|
mode=streamed prompt_toks=442 reused=291 generated=337 n_ubatch=128
prefill: 11.84 s (12.76 tok/s)
decode:  33.78 s (9.98 tok/s)
io: cb_calls=8136 decode_uses=32352 decode_misses=3192 (hit 0.901) prefill_uses=13896 prefill_misses=1101
io: pf_calls=46 pf_experts=1098 union avg=23.9 min=16 max=32 fill=7.46 s (pool 32 slots)
io: prefetch_issued=103 prefetch_hits=40 prefetch_used=86 stall=13.56 s total_read=58263.5 MB avg_bw=1277 MB/s
io: read_work=135.73 s preads=26376 per_stream_bw=429 MB/s
mem: peak_rss=12.24 GB phys_footprint=6.75 GB
therm: fair
logits_hash=4f133af048cdb44d
text: <|channel|>analysis<|message|>User asks: Why is the southern hemisphere opposite? They likely refer to seasons being opposite between hemispheres. Need to explain that because of axial tilt, when one hemisphere is tilted toward the Sun, the other is tilted away. So seasons are opposite. Provide explanation of tilt direction, Earth's orbit, etc. Provide details.<|end|><|start|>assistant<|channel|>final<|message|>Because the Earth’s axis is tilted, the two hemispheres are always pointing in opposite directions relative to the Sun.

1. **The tilt**  
   - Earth’s axis is tilted about 23.5° relative to the plane of its orbit (the ecliptic).  
   - This tilt is fixed in space (except for slow precession), so at any given time one hemisphere is angled toward the Sun while the other is angled away.

2. **When the northern hemisphere tilts toward the Sun**  
   - The Sun’s rays hit it more directly (higher solar elevation).  
   - Days are longer and the Sun is higher in the sky → **summer** in the north.  
   - The southern hemisphere is tilted away, receives less direct sunlight, has shorter days → **winter** in the south.

3. **When the southern hemisphere tilts toward the Sun**  
   - The roles reverse: the south gets the direct, longer‑day sunlight → **summer** in the south, while the north experiences the opposite → **winter** in the north.

So the hemispheres are “opposite” because the same tilt that makes one side point toward the Sun makes the other side point away. The effect is the same every year, producing the familiar pattern of opposite seasons.
