ttft: total=12375 ms | template=0 tokenize=2 kv_match=0 prefill=12372 first_sample=1
ttft: ctx_held=0 rendered=297 reused=0 reprefill=297 (100.0% of rendered)
ttft: diverged_at=0 kv_had=-1|| rerender_has=200006|<|start|>|
tok 200005 |<|channel|>|
tok  35644 |analysis|
tok 200008 |<|message|>|
tok   2167 |We|
tok   1309 | need|
tok    316 | to|
tok  16644 | explain|
tok   1412 | what|
tok    261 | a|
tok  10691 | hash|
tok   3293 | table|
tok    382 | is|
tok    326 | and|
tok   4436 | why|
tok   1631 | look|
tok  14409 |ups|
tok    553 | are|
tok   5661 | fast|
tok     13 |.|
tok  51441 | Provide|
tok   5364 | clear|
tok  30547 | explanation|
tok     11 |,|
tok  10112 | maybe|
tok   8633 | mention|
tok 185245 | hashing|
tok     11 |,|
tok  83230 | buckets|
tok     11 |,|
tok 100572 | collisions|
tok     11 |,|
tok   7848 | average|
tok    532 | O|
tok      7 |(|
tok     16 |1|
tok    741 |).|
tok  51441 | Provide|
tok   4994 | example|
tok     13 |.|
tok  16835 | Keep|
tok  82463 | concise|
tok    889 | but|
tok  21182 | thorough|
tok     13 |.|
tok 200007 |<|end|>|
tok 200006 |<|start|>|
tok 173781 |assistant|
tok 200005 |<|channel|>|
tok  17196 |final|
tok 200008 |<|message|>|
tok  31639 |###|
tok   4614 | What|
tok    382 | is|
tok    261 | a|
tok  10691 | hash|
tok   3293 | table|
tok   1715 |?

|
tok     32 |A|
tok   6240 | **|
tok  16909 |hash|
tok   3293 | table|
tok    410 |**|
tok    350 | (|
tok  32038 |also|
tok   4358 | called|
tok    261 | a|
tok  10691 | hash|
tok   4014 | map|
tok    503 | or|
tok  22131 | dictionary|
tok      8 |)|
tok    382 | is|
tok    261 | a|
tok   1238 | data|
tok   8866 | structure|
tok    484 | that|
tok  14604 | stores|
tok   2140 | key|
tok   1585 |–|
tok   1594 |value|
tok  24702 | pairs|
tok    326 | and|
tok  19733 | lets|
tok    481 | you|
tok  31053 | retrieve|
tok    261 | a|
tok   1432 | value|
tok    656 | by|
tok   1617 | its|
tok   2140 | key|
tok   8065 | quickly|
tok    364 |.

|
tok      9 |*|
tok   6240 | **|
tok   2035 |Key|
tok    410 |**|
tok   1127 | –|
tok   1062 | any|
tok   1432 | value|
tok    484 | that|
tok  64699 | uniquely|
tok  59674 | identifies|
tok    448 | an|
tok   7251 | entry|
tok    350 | (|
tok     68 |e|
tok   1940 |.g|
tok   4213 |.,|
tok    261 | a|
tok   1621 | string|
tok     11 |,|
tok   2086 | number|
tok     11 |,|
tok    503 | or|
tok   2817 | object|
tok   6294 |).
|
tok      9 |*|
tok   6240 | **|
tok   1638 |Value|
tok    410 |**|
tok   1127 | –|
tok    290 | the|
tok   1238 | data|
tok    481 | you|
tok   1682 | want|
tok    316 | to|
tok  32766 | associate|
tok    483 | with|
tok    484 | that|
tok   2140 | key|
tok    558 |.
|
tok      9 |*|
tok   6240 | **|
tok   8579 |Hash|
tok   1114 | function|
tok    410 |**|
tok   1127 | –|
tok    261 | a|
tok 164009 | deterministic|
tok   1114 | function|
tok    484 | that|
tok  18304 | turns|
tok    261 | a|
tok   2140 | key|
tok   1511 | into|
tok    448 | an|
tok  16336 | integer|
tok    350 | (|
tok   3086 |the|
tok    425 | *|
tok  16909 |hash|
tok   3490 | code|
tok      9 |*|
tok   6294 |).
|
tok      9 |*|
tok   6240 | **|
tok 159253 |Buckets|
tok    820 | /|
tok  15340 | slots|
tok    410 |**|
tok   1127 | –|
tok    448 | an|
tok   2644 | array|
tok    328 | of|
tok    966 | “|
tok     65 |b|
tok  73451 |uckets|
tok    693 |”|
tok   1919 | where|
tok    290 | the|
tok  10691 | hash|
tok  17913 | codes|
tok    553 | are|
tok  47205 | mapped|
tok    316 | to|
tok  30378 | indices|
tok    364 |.

|
tok   5958 |When|
tok    481 | you|
tok  10898 | insert|
tok    261 | a|
tok  10610 | pair|
tok   1402 |:

|
tok     16 |1|
tok     13 |.|
tok  45438 | Compute|
tok    290 | the|
tok  10691 | hash|
tok   3490 | code|
tok    328 | of|
tok    290 | the|
tok   2140 | key|
tok    558 |.
|
tok     17 |2|
tok     13 |.|
tok  15629 | Convert|
tok    484 | that|
tok  10691 | hash|
tok   3490 | code|
tok    316 | to|
tok    448 | an|
tok   2644 | array|
tok   3472 | index|
tok    350 | (|
tok 119288 |often|
tok   2700 | `|
tok   2257 |index|
tok    314 | =|
tok  10691 | hash|
tok   1851 | %|
tok   2644 | array|
tok  11514 |_length|
tok     63 |`|
tok   6294 |).
|
tok     18 |3|
tok     13 |.|
tok  12600 | Store|
tok    290 | the|
tok  10610 | pair|
tok    306 | in|
tok    484 | that|
tok  28257 | bucket|
tok     13 |.|
tok   4066 |  
|
tok    256 |  |
tok    425 | *|
tok   3335 |If|
tok    290 | the|
tok  28257 | bucket|
tok   4279 | already|
tok   8895 | contains|
tok   3543 | something|
tok     11 |,|
tok    481 | you|
tok  14062 | resolve|
tok    290 | the|
tok  34967 | collision|
tok    350 | (|
tok     68 |e|
tok   1940 |.g|
tok   4213 |.,|
tok 166438 | chaining|
tok    483 | with|
tok    261 | a|
tok  17002 | linked|
tok   1562 | list|
tok    503 | or|
tok 186002 | probing|
tok    316 | to|
tok    290 | the|
tok   2613 | next|
tok   8215 | slot|
tok    741 |).|
tok  26289 |*

|
tok   5958 |When|
tok    481 | you|
tok   1631 | look|
tok    869 | up|
tok    261 | a|
tok   2140 | key|
tok   1402 |:

|
tok     16 |1|
tok     13 |.|
tok  45438 | Compute|
tok   1617 | its|
tok  10691 | hash|
tok   3490 | code|
tok    558 |.
|
tok     17 |2|
tok     13 |.|
tok   9764 | Find|
tok    290 | the|
tok  28257 | bucket|
tok   3472 | index|
tok    558 |.
|
tok     18 |3|
tok     13 |.|
tok  10497 | Search|
tok   1606 | only|
tok    484 | that|
tok  28257 | bucket|
tok    395 | for|
tok    290 | the|
tok   2140 | key|
tok    350 | (|
tok  77091 |usually|
tok   1327 | just|
tok   1001 | one|
tok   3577 | element|
tok    503 | or|
tok    261 | a|
tok   4022 | short|
tok   1562 | list|
tok   3991 |).

|
tok  31639 |###|
tok  12587 | Why|
tok   1631 | look|
tok  14409 |ups|
tok    553 | are|
tok   5661 | fast|
tok    279 |

|
tok     12 |-|
tok   6240 | **|
tok   9021 |Direct|
tok  43729 | addressing|
tok    410 |**|
tok     25 |:|
tok    623 | The|
tok  10691 | hash|
tok   1114 | function|
tok   8967 | gives|
tok    481 | you|
tok    290 | the|
tok   6354 | exact|
tok   2644 | array|
tok   3472 | index|
tok     11 |,|
tok    813 | so|
tok    481 | you|
tok  16677 | skip|
tok  53387 | scanning|
tok    290 | the|
tok   6062 | whole|
tok   3293 | table|
tok    558 |.
|
tok     12 |-|
tok   6240 | **|
tok  19510 |Constant|
tok  50005 |‑|
tok   4580 |time|
tok   7848 | average|
tok    410 |**|
tok     25 |:|
tok   3813 | With|
tok    261 | a|
tok   1899 | good|
tok  10691 | hash|
tok   1114 | function|
tok    326 | and|
tok    261 | a|
tok   4700 | load|
tok  12332 | factor|
tok    350 | (|
tok  26727 |entries|
tok    777 | per|
tok  28257 | bucket|
tok      8 |)|
tok  13185 | kept|
tok   4895 | below|
tok    261 | a|
tok  24313 | threshold|
tok     11 |,|
tok    290 | the|
tok   5930 | expected|
tok   2086 | number|
tok    328 | of|
tok   8632 | elements|
tok    306 | in|
tok    261 | a|
tok  28257 | bucket|
tok    382 | is|
tok   3291 | small|
tok     13 |.|
tok  23586 | Thus|
tok     11 |,|
tok    290 | the|
tok   1058 | time|
tok    316 | to|
tok   1646 | find|
tok    290 | the|
tok   2140 | key|
tok    382 | is|
tok    425 | *|
tok     46 |O|
tok      7 |(|
tok     16 |1|
tok  11043 |)*|
tok    402 | on|
tok   7848 | average|
tok    558 |.
|
tok     12 |-|
tok   6240 | **|
tok   8865 |Cache|
tok 184361 | friendliness|
tok    410 |**|
tok     25 |:|
tok    623 | The|
tok  27899 | underlying|
tok   2644 | array|
tok    382 | is|
tok 130997 | contiguous|
tok    306 | in|
tok   8197 | memory|
tok     11 |,|
tok   1118 | which|
tok  45865 | improves|
tok  11956 | cache|
tok   6198 | performance|
tok  11223 | compared|
tok    316 | to|
tok  17002 | linked|
tok  21207 | structures|
tok    364 |.

|
tok    637 |In|
tok   8248 | practice|
tok     11 |,|
tok    261 | a|
tok   1775 | well|
tok  50005 |‑|
tok 104159 |implemented|
tok  10691 | hash|
tok   3293 | table|
tok   8967 | gives|
tok    481 | you|
tok   5862 | near|
tok  50005 |‑|
tok  68070 |instant|
tok   1631 | look|
tok  14409 |ups|
tok     11 |,|
tok  10898 | insert|
tok    756 |ions|
tok     11 |,|
tok    326 | and|
tok 120784 | delet|
tok    756 |ions|
tok     11 |,|
tok   4137 | making|
tok    480 | it|
tok    261 | a|
tok 144018 | cornerstone|
tok    328 | of|
tok   1991 | many|
tok  23238 | programming|
tok  22772 | languages|
tok    438 |’|
tok   8113 | built|
tok  50005 |‑|
tok    258 |in|
tok 122111 | dictionaries|
tok     11 |,|
tok  11982 | sets|
tok     11 |,|
tok    326 | and|
tok  24267 | maps|
tok     13 |.|
mode=streamed prompt_toks=297 reused=0 generated=446 n_ubatch=128
prefill: 12.37 s (24.01 tok/s)
decode:  53.26 s (8.37 tok/s)
io: cb_calls=10776 decode_uses=42816 decode_misses=5440 (hit 0.873) prefill_uses=27328 prefill_misses=1616
io: pf_calls=69 pf_experts=1612 union avg=23.4 min=14 max=31 fill=5.39 s (pool 32 slots)
io: prefetch_issued=678 prefetch_hits=247 prefetch_used=590 stall=28.19 s total_read=102504.6 MB avg_bw=1562 MB/s
io: read_work=195.44 s preads=46404 per_stream_bw=524 MB/s
mem: peak_rss=12.26 GB phys_footprint=6.75 GB
therm: fair
logits_hash=e2907e1f35930609
text: <|channel|>analysis<|message|>We need to explain what a hash table is and why lookups are fast. Provide clear explanation, maybe mention hashing, buckets, collisions, average O(1). Provide example. Keep concise but thorough.<|end|><|start|>assistant<|channel|>final<|message|>### What is a hash table?

A **hash table** (also called a hash map or dictionary) is a data structure that stores key–value pairs and lets you retrieve a value by its key quickly.

* **Key** – any value that uniquely identifies an entry (e.g., a string, number, or object).
* **Value** – the data you want to associate with that key.
* **Hash function** – a deterministic function that turns a key into an integer (the *hash code*).
* **Buckets / slots** – an array of “buckets” where the hash codes are mapped to indices.

When you insert a pair:

1. Compute the hash code of the key.
2. Convert that hash code to an array index (often `index = hash % array_length`).
3. Store the pair in that bucket.  
   *If the bucket already contains something, you resolve the collision (e.g., chaining with a linked list or probing to the next slot).*

When you look up a key:

1. Compute its hash code.
2. Find the bucket index.
3. Search only that bucket for the key (usually just one element or a short list).

### Why lookups are fast

- **Direct addressing**: The hash function gives you the exact array index, so you skip scanning the whole table.
- **Constant‑time average**: With a good hash function and a load factor (entries per bucket) kept below a threshold, the expected number of elements in a bucket is small. Thus, the time to find the key is *O(1)* on average.
- **Cache friendliness**: The underlying array is contiguous in memory, which improves cache performance compared to linked structures.

In practice, a well‑implemented hash table gives you near‑instant lookups, insertions, and deletions, making it a cornerstone of many programming languages’ built‑in dictionaries, sets, and maps.
canon: held=743 kept=297 dropped=446 decoded=398 canonical=695 (25.78 s, post-reply)
canon_reply: ### What is a hash table?\n\nA **hash table** (also called a hash map or dictionary) is a data structure that stores key–value pairs and lets you retrieve a value by its key quickly.\n\n* **Key** – any value that uniquely identifies an entry (e.g., a string, number, or object).\n* **Value** – the data you want to associate with that key.\n* **Hash function** – a deterministic function that turns a key into an integer (the *hash code*).\n* **Buckets / slots** – an array of “buckets” where the hash codes are mapped to indices.\n\nWhen you insert a pair:\n\n1. Compute the hash code of the key.\n2. Convert that hash code to an array index (often `index = hash % array_length`).\n3. Store the pair in that bucket.  \n   *If the bucket already contains something, you resolve the collision (e.g., chaining with a linked list or probing to the next slot).*\n\nWhen you look up a key:\n\n1. Compute its hash code.\n2. Find the bucket index.\n3. Search only that bucket for the key (usually just one element or a short list).\n\n### Why lookups are fast\n\n- **Direct addressing**: The hash function gives you the exact array index, so you skip scanning the whole table.\n- **Constant‑time average**: With a good hash function and a load factor (entries per bucket) kept below a threshold, the expected number of elements in a bucket is small. Thus, the time to find the key is *O(1)* on average.\n- **Cache friendliness**: The underlying array is contiguous in memory, which improves cache performance compared to linked structures.\n\nIn practice, a well‑implemented hash table gives you near‑instant lookups, insertions, and deletions, making it a cornerstone of many programming languages’ built‑in dictionaries, sets, and maps.

<<<TURN>>>
ttft: total=2088 ms | template=0 tokenize=11 kv_match=0 prefill=2076 first_sample=1
ttft: ctx_held=695 rendered=707 reused=695 reprefill=12 (1.7% of rendered)
ttft: diverged_at=695 kv_had=-1|| rerender_has=200006|<|start|>|
tok 200005 |<|channel|>|
tok  35644 |analysis|
tok 200008 |<|message|>|
tok   2167 |We|
tok   1309 | need|
tok    316 | to|
tok  16644 | explain|
tok   1261 | when|
tok  10691 | hash|
tok   3293 | table|
tok   1631 | look|
tok  14409 |ups|
tok    717 | get|
tok   9800 | slow|
tok     13 |.|
tok  51441 | Provide|
tok   4878 | details|
tok     25 |:|
tok 100572 | collisions|
tok     11 |,|
tok   4700 | load|
tok  12332 | factor|
tok     11 |,|
tok  12530 | poor|
tok  10691 | hash|
tok   1114 | function|
tok     11 |,|
tok 194550 | resizing|
tok     11 |,|
tok   8197 | memory|
tok 169971 | fragmentation|
tok     11 |,|
tok  11956 | cache|
tok 100918 | misses|
tok     11 |,|
tok   5178 | etc|
tok     13 |.|
tok   8820 | Also|
tok   8633 | mention|
tok  20486 | worst|
tok  83130 |-case|
tok    532 | O|
tok   2406 |(n|
tok    741 |).|
tok  51441 | Provide|
tok  15652 | examples|
tok     13 |.|
tok   8820 | Also|
tok   8633 | mention|
tok    484 | that|
tok    306 | in|
tok   8248 | practice|
tok     11 |,|
tok    483 | with|
tok   1899 | good|
tok  10691 | hash|
tok   1114 | function|
tok    326 | and|
tok   4700 | load|
tok  12332 | factor|
tok     11 |,|
tok   7848 | average|
tok    532 | O|
tok      7 |(|
tok     16 |1|
tok    741 |).|
tok  51441 | Provide|
tok  42318 | scenarios|
tok     25 |:|
tok   1932 | high|
tok   4700 | load|
tok  12332 | factor|
tok     11 |,|
tok  12530 | poor|
tok  10691 | hash|
tok   1114 | function|
tok     11 |,|
tok   1991 | many|
tok 100572 | collisions|
tok     11 |,|
tok   4410 | large|
tok  12994 | keys|
tok     11 |,|
tok  14012 | dynamic|
tok 194550 | resizing|
tok     11 |,|
tok   8197 | memory|
tok 118461 | locality|
tok     11 |,|
tok   5178 | etc|
tok     13 |.|
tok   8820 | Also|
tok   8633 | mention|
tok    484 | that|
tok    306 | in|
tok   1236 | some|
tok  22772 | languages|
tok     11 |,|
tok  10691 | hash|
tok   3293 | table|
tok   1340 | may|
tok 179125 | degrade|
tok    316 | to|
tok    532 | O|
tok   2406 |(n|
tok      8 |)|
tok    538 | if|
tok    722 | all|
tok  12994 | keys|
tok  10691 | hash|
tok    316 | to|
tok   2684 | same|
tok  28257 | bucket|
tok     13 |.|
tok   8820 | Also|
tok   8633 | mention|
tok    484 | that|
tok    538 | if|
tok    290 | the|
tok  10691 | hash|
tok   3293 | table|
tok    382 | is|
tok   3101 | too|
tok   4410 | large|
tok  15001 | relative|
tok    316 | to|
tok   1238 | data|
tok     11 |,|
tok   8197 | memory|
tok  52558 | overhead|
tok   1340 | may|
tok   7075 | cause|
tok  11956 | cache|
tok 100918 | misses|
tok     13 |.|
tok   8820 | Also|
tok   8633 | mention|
tok    484 | that|
tok    538 | if|
tok    290 | the|
tok  10691 | hash|
tok   3293 | table|
tok    382 | is|
tok    306 | in|
tok    261 | a|
tok   7581 | distributed|
tok   2420 | system|
tok     11 |,|
tok   5402 | network|
tok  52558 | overhead|
tok     13 |.|
tok  51441 | Provide|
tok  21561 | suggestions|
tok     25 |:|
tok    322 | re|
tok  16909 |hash|
tok     11 |,|
tok   5655 | choose|
tok   3432 | better|
tok  10691 | hash|
tok   1114 | function|
tok     11 |,|
tok   3357 | keep|
tok   4700 | load|
tok  12332 | factor|
tok   4895 | below|
tok  24313 | threshold|
tok     11 |,|
tok   1199 | use|
tok   2494 | open|
tok  43729 | addressing|
tok  10217 | vs|
tok 166438 | chaining|
tok     11 |,|
tok   5178 | etc|
tok     13 |.|
tok  51441 | Provide|
tok  31926 | bullet|
tok   5571 | points|
tok     13 |.|
tok   8820 | Also|
tok   8633 | mention|
tok    484 | that|
tok   1631 | look|
tok  14409 |ups|
tok    665 | can|
tok    413 | be|
tok   9800 | slow|
tok    538 | if|
tok    290 | the|
tok  10691 | hash|
tok   1114 | function|
tok    382 | is|
tok  14818 | expensive|
tok    316 | to|
tok  23864 | compute|
tok     13 |.|
tok  51441 | Provide|
tok  15652 | examples|
tok     25 |:|
tok 185245 | hashing|
tok   4410 | large|
tok  18279 | strings|
tok     11 |,|
tok   8012 | complex|
tok  11736 | objects|
tok     13 |.|
tok   8820 | Also|
tok   8633 | mention|
tok    484 | that|
tok    538 | if|
tok    290 | the|
tok  10691 | hash|
tok   3293 | table|
tok    382 | is|
tok   2447 | being|
tok 130296 | resized|
tok 148548 | concurrently|
tok     11 |,|
tok   1631 | look|
tok  14409 |ups|
tok   1340 | may|
tok    413 | be|
tok  35275 | blocked|
tok     13 |.|
tok  51441 | Provide|
tok   1721 | final|
tok   6052 | answer|
tok     13 |.|
tok 200007 |<|end|>|
tok 200006 |<|start|>|
tok 173781 |assistant|
tok 200005 |<|channel|>|
tok  17196 |final|
tok 200008 |<|message|>|
tok  31639 |###|
tok   4296 | When|
tok    261 | a|
tok  10691 | hash|
tok   3293 | table|
tok  29924 | stops|
tok   2447 | being|
tok    966 | “|
tok  10472 |fast|
tok   6343 |”

|
tok     91 |||
tok  70131 | Cause|
tok   1022 | ||
tok   4614 | What|
tok  13367 | happens|
tok   1022 | ||
tok 123857 | Typical|
tok   6232 | impact|
tok  15972 | |
|
tok     91 |||
tok  39028 |-------|
tok     91 |||
tok  41309 |--------------|
tok     91 |||
tok   1297 |----------------|
tok  14876 ||
|
tok     91 |||
tok   6240 | **|
tok  48381 |Too|
tok   1991 | many|
tok 100572 | collisions|
tok    410 |**|
tok   1022 | ||
tok  11048 | Many|
tok  12994 | keys|
tok   4014 | map|
tok    316 | to|
tok    290 | the|
tok   2684 | same|
tok  28257 | bucket|
tok     13 |.|
tok   1022 | ||
tok    623 | The|
tok  28257 | bucket|
tok  14081 | becomes|
tok    261 | a|
tok   1562 | list|
tok     14 |/|
tok  13289 |chain|
tok    503 | or|
tok    261 | a|
tok  31925 | probe|
tok  16281 | sequence|
tok    484 | that|
tok   2804 | must|
tok    413 | be|
tok  23272 | walked|
tok  15155 | →|
tok  35971 | |
tok     46 |O|
tok   2406 |(n|
tok      8 |)|
tok    306 | in|
tok    290 | the|
tok  20486 | worst|
tok   1890 | case|
tok     13 |.|
tok  15972 | |
|
tok     91 |||
tok   6240 | **|
tok  12664 |High|
tok   4700 | load|
tok  12332 | factor|
tok    410 |**|
tok   1022 | ||
tok    623 | The|
tok   3293 | table|
tok    382 | is|
tok   6787 | almost|
tok   3149 | full|
tok    350 | (|
tok     68 |e|
tok   1940 |.g|
tok   4213 |.,|
tok    220 | |
tok     15 |0|
tok     13 |.|
tok     24 |9|
tok   1585 |–|
tok     16 |1|
tok     13 |.|
tok     15 |0|
tok    741 |).|
tok   1022 | ||
tok  11555 | Each|
tok  28257 | bucket|
tok  18305 | holds|
tok    945 | more|
tok  18614 | entries|
tok  15155 | →|
tok   7411 | longer|
tok  42636 | chains|
tok    503 | or|
tok    945 | more|
tok 186002 | probing|
tok  15155 | →|
tok    945 | more|
tok  11956 | cache|
tok 100918 | misses|
tok    326 | and|
tok    945 | more|
tok   1101 | work|
tok    777 | per|
tok  37342 | lookup|
tok     13 |.|
tok  15972 | |
|
tok     91 |||
tok   6240 | **|
tok 123747 |Poor|
tok  10691 | hash|
tok   1114 | function|
tok    410 |**|
tok   1022 | ||
tok    623 | The|
tok  10691 | hash|
tok 163118 | distributes|
tok  12994 | keys|
tok  94517 | uneven|
tok    423 |ly|
tok    350 | (|
tok     68 |e|
tok   1940 |.g|
tok   4213 |.,|
tok    722 | all|
tok  12994 | keys|
tok  10691 | hash|
tok    316 | to|
tok    220 | |
tok     15 |0|
tok    741 |).|
tok   1022 | ||
tok  38569 | Same|
tok    472 | as|
tok 100572 | collisions|
tok     25 |:|
tok   1001 | one|
tok  28257 | bucket|
tok   8625 | gets|
tok    722 | all|
tok  18614 | entries|
tok  15155 | →|
tok  37342 | lookup|
tok    334 | de|
tok  68713 |grades|
tok    316 | to|
tok  23876 | linear|
tok  14659 | scan|
tok     13 |.|
tok  15972 | |
|
tok     91 |||
tok   6240 | **|
tok   9061 |Exp|
tok   5206 |ensive|
tok  10691 | hash|
tok  76411 | computation|
tok    410 |**|
tok   1022 | ||
tok    623 | The|
tok   2140 | key|
tok    382 | is|
tok   4410 | large|
tok    503 | or|
tok    290 | the|
tok  10691 | hash|
tok  22184 | algorithm|
tok    382 | is|
tok   8012 | complex|
tok     13 |.|
tok   1022 | ||
tok    623 | The|
tok   3097 | cost|
tok    328 | of|
tok  34349 | computing|
tok    290 | the|
tok  10691 | hash|
tok 168430 | dominates|
tok    290 | the|
tok  37342 | lookup|
tok   1058 | time|
tok     13 |.|
tok  15972 | |
|
tok     91 |||
tok   6240 | **|
tok   1204 |Res|
tok   6396 |izing|
tok    306 | in|
tok   7408 | progress|
tok    410 |**|
tok   1022 | ||
tok    623 | The|
tok   3293 | table|
tok    382 | is|
tok   2447 | being|
tok    322 | re|
tok 192232 |hashed|
tok    316 | to|
tok    261 | a|
tok  12384 | larger|
tok   2644 | array|
tok     13 |.|
tok   1022 | ||
tok  11889 | Look|
tok  14409 |ups|
tok   1340 | may|
tok    413 | be|
tok  35275 | blocked|
tok    503 | or|
tok   1309 | need|
tok    316 | to|
tok   2371 | check|
tok   1920 | two|
tok  16584 | tables|
tok  15155 | →|
tok   5018 | extra|
tok  52558 | overhead|
tok     13 |.|
tok  15972 | |
|
tok     91 |||
tok   6240 | **|
tok  15009 |Memory|
tok 118461 | locality|
tok   6266 | loss|
tok    410 |**|
tok   1022 | ||
tok    623 | The|
tok   3293 | table|
tok    382 | is|
tok   9560 | huge|
tok    503 | or|
tok  11402 | spread|
tok   5251 | across|
tok   1991 | many|
tok   8537 | pages|
tok     13 |.|
tok   1022 | ||
tok  35118 | Cache|
tok 100918 | misses|
tok   7064 | increase|
tok     26 |;|
tok   2454 | each|
tok  37342 | lookup|
tok   1340 | may|
tok   7381 | touch|
tok   1991 | many|
tok   8197 | memory|
tok  14245 | locations|
tok     13 |.|
tok  15972 | |
|
tok     91 |||
tok   6240 | **|
tok 117620 |Concurrent|
tok   3158 | access|
tok    410 |**|
tok   1022 | ||
tok  39109 | Multiple|
tok  29249 | threads|
tok   1729 | read|
tok 152064 |/write|
tok   2935 | without|
tok   7937 | proper|
tok 115553 | synchronization|
tok     13 |.|
tok   1022 | ||
tok 150083 | Locks|
tok    503 | or|
tok  50468 | atomic|
tok  12084 | operations|
tok   1147 | add|
tok 115778 | contention|
tok     26 |;|
tok    306 | in|
tok   8109 | lock|
tok  50005 |‑|
tok  18847 |free|
tok  15744 | designs|
tok     11 |,|
tok   8197 | memory|
tok  47588 | barriers|
tok    665 | can|
tok   9800 | slow|
tok   3283 | things|
tok   1917 | down|
tok     13 |.|
tok  15972 | |
|
tok     91 |||
tok   6240 | **|
tok 144881 |Distributed|
tok  10691 | hash|
tok  16584 | tables|
tok    410 |**|
tok   1022 | ||
tok  47618 | Keys|
tok    553 | are|
tok  16240 | stored|
tok    402 | on|
tok  13571 | remote|
tok  15749 | nodes|
tok     13 |.|
tok   1022 | ||
tok  11220 | Network|
tok  85157 | latency|
tok 168430 | dominates|
tok    290 | the|
tok  37342 | lookup|
tok   1058 | time|
tok     13 |.|
tok  47459 | |

|
tok 103995 |---

|
tok   1509 |####|
tok  12587 | Why|
tok   1879 | these|
tok  11652 | factors|
tok   7165 | matter|
tok    279 |

|
tok     16 |1|
tok     13 |.|
tok   6240 | **|
tok  16123 |Coll|
tok  25527 |isions|
tok    827 | &|
tok   4700 | load|
tok  12332 | factor|
tok    410 |**|
tok   4066 |  
|
tok    256 |  |
tok    425 | *|
tok   2886 |With|
tok 166438 | chaining|
tok 148799 |*:|
tok   2454 | each|
tok  28257 | bucket|
tok    382 | is|
tok    261 | a|
tok  17002 | linked|
tok   1562 | list|
tok    350 | (|
tok    267 |or|
tok   9727 | vector|
tok    741 |).|
tok   1843 | If|
tok    290 | the|
tok   7848 | average|
tok   1562 | list|
tok   5517 | length|
tok    382 | is|
tok    425 | *|
tok     74 |k|
tok  24077 |*,|
tok  37342 | lookup|
tok   1058 | time|
tok    382 | is|
tok    425 | *|
tok     46 |O|
tok  12125 |(k|
tok  11043 |)*|
tok     13 |.|
tok   4066 |  
|
tok    256 |  |
tok    425 | *|
tok   2886 |With|
tok   2494 | open|
tok  43729 | addressing|
tok 148799 |*:|
tok    261 | a|
tok   1701 | long|
tok  31925 | probe|
tok  16281 | sequence|
tok   4748 | means|
tok   1991 | many|
tok   8197 | memory|
tok 175361 | accesses|
tok    326 | and|
tok    945 | more|
tok  11956 | cache|
tok 100918 | misses|
tok     13 |.|
tok   4066 |  
|
tok    256 |  |
tok  76460 | Keeping|
tok    290 | the|
tok   4700 | load|
tok  12332 | factor|
tok   4895 | below|
tok    261 | a|
tok  24313 | threshold|
tok    350 | (|
tok 119288 |often|
tok    220 | |
tok     15 |0|
tok     13 |.|
tok     22 |7|
tok   1585 |–|
tok     15 |0|
tok     13 |.|
tok   3384 |75|
tok      8 |)|
tok  18295 | keeps|
tok    425 | *|
tok     74 |k|
tok      9 |*|
tok   3291 | small|
tok    364 |.

|
tok     17 |2|
tok     13 |.|
tok   6240 | **|
tok   8579 |Hash|
tok   1114 | function|
tok   4169 | quality|
tok    410 |**|
tok   4066 |  
|
tok    256 |  |
tok    355 | A|
tok   1899 | good|
tok  10691 | hash|
tok  63691 | spreads|
tok  12994 | keys|
tok 161240 | uniformly|
tok   5251 | across|
tok    290 | the|
tok   3293 | table|
tok     13 |.|
tok   1843 | If|
tok    290 | the|
tok  10691 | hash|
tok    382 | is|
tok 164009 | deterministic|
tok    889 | but|
tok  99913 | biased|
tok     11 |,|
tok    481 | you|
tok   4720 |’ll|
tok   1921 | see|
tok    966 | “|
tok  15303 |hot|
tok    693 |”|
tok  83230 | buckets|
tok    484 | that|
tok   5025 | become|
tok  14489 | bott|
tok  56960 |lene|
tok  50199 |cks|
tok    364 |.

|
tok     18 |3|
tok     13 |.|
tok   6240 | **|
tok   8579 |Hash|
tok   3097 | cost|
tok    410 |**|
tok   4066 |  
|
tok    256 |  |
tok   2214 | For|
tok   4705 | simple|
tok  12994 | keys|
tok    350 | (|
tok  18750 |inte|
tok  13027 |gers|
tok     11 |,|
tok   3291 | small|
tok  18279 | strings|
tok      8 |)|
tok    290 | the|
tok  10691 | hash|
tok    382 | is|
tok  12424 | cheap|
tok     13 |.|
tok   2214 | For|
tok   8012 | complex|
tok  11736 | objects|
tok    350 | (|
tok  32551 |large|
tok 171867 | structs|
tok     11 |,|
tok  40773 | composite|
tok  12994 | keys|
tok      8 |)|
tok    290 | the|
tok  10691 | hash|
tok   1340 | may|
tok   1309 | need|
tok    316 | to|
tok   5229 | walk|
tok    290 | the|
tok   6062 | whole|
tok   2817 | object|
tok     11 |,|
tok  12673 | adding|
tok  69115 | noticeable|
tok  52558 | overhead|
tok    364 |.

|
tok     19 |4|
tok     13 |.|
tok   6240 | **|
tok   1204 |Res|
tok   6396 |izing|
tok    410 |**|
tok   4066 |  
|
tok    256 |  |
tok    907 | Re|
tok  16909 |hash|
tok    289 |ing|
tok  20138 | copies|
tok    722 | all|
tok  18614 | entries|
tok    316 | to|
tok    261 | a|
tok    620 | new|
tok   2644 | array|
tok     13 |.|
tok  17081 | During|
tok    495 | this|
tok   1058 | time|
tok     11 |,|
tok   1631 | look|
tok  14409 |ups|
tok   1340 | may|
tok   1309 | need|
tok    316 | to|
tok   2371 | check|
tok   2973 | both|
tok    290 | the|
tok   2890 | old|
tok    326 | and|
tok    620 | new|
tok  16584 | tables|
tok    503 | or|
tok    413 | be|
tok  35275 | blocked|
tok     11 |,|
tok   1118 | which|
tok    665 | can|
tok  70746 | spike|
tok  85157 | latency|
tok    364 |.

|
tok     20 |5|
tok     13 |.|
tok   6240 | **|
tok   8865 |Cache|
tok  12741 | behavior|
tok    410 |**|
tok   4066 |  
|
tok    256 |  |
tok    355 | A|
tok  10691 | hash|
tok   3293 | table|
tok    382 | is|
tok    448 | an|
tok   2644 | array|
tok     11 |,|
tok    813 | so|
tok    480 | it|
tok    802 |’s|
tok  11956 | cache|
tok  50005 |‑|
tok 158233 |friendly|
tok   1261 | when|
tok    290 | the|
tok   2644 | array|
tok  23440 | fits|
tok    306 | in|
tok    451 | L|
tok     16 |1|
tok  26049 |/L|
tok     17 |2|
tok     13 |.|
tok   1843 | If|
tok    290 | the|
tok   3293 | table|
tok  42326 | grows|
tok  11615 | beyond|
tok  11956 | cache|
tok   2349 | size|
tok     11 |,|
tok   2454 | each|
tok  37342 | lookup|
tok   1340 | may|
tok   5141 | miss|
tok    290 | the|
tok  11956 | cache|
tok     11 |,|
tok   6980 | especially|
tok    538 | if|
tok 186002 | probing|
tok  65613 | jumps|
tok   2846 | around|
tok    364 |.

|
tok     21 |6|
tok     13 |.|
tok   6240 | **|
tok 139091 |Concurrency|
tok    410 |**|
tok   4066 |  
|
tok    256 |  |
tok 150083 | Locks|
tok  50889 | serialize|
tok   3158 | access|
tok     26 |;|
tok   8109 | lock|
tok  50005 |‑|
tok  18847 |free|
tok  15744 | designs|
tok  26650 | introduce|
tok   8197 | memory|
tok  47588 | barriers|
tok    326 | and|
tok  50468 | atomic|
tok  12084 | operations|
tok    484 | that|
tok    665 | can|
tok   9800 | slow|
tok   1917 | down|
tok  10275 | otherwise|
tok  86130 | trivial|
tok   1631 | look|
tok  14409 |ups|
tok    364 |.

|
tok     22 |7|
tok     13 |.|
tok   6240 | **|
tok 144881 |Distributed|
tok   7511 | systems|
tok    410 |**|
tok   4066 |  
|
tok    256 |  |
tok    623 | The|
tok    966 | “|
tok  16909 |hash|
tok    693 |”|
tok    382 | is|
tok   4783 | often|
tok   2061 | used|
tok    316 | to|
tok  13001 | decide|
tok   1118 | which|
tok   4596 | node|
tok  18305 | holds|
tok    290 | the|
tok   2140 | key|
tok     13 |.|
tok    623 | The|
tok   5402 | network|
tok   7353 | round|
tok  50005 |‑|
tok  51122 |trip|
tok 168430 | dominates|
tok    290 | the|
tok   3097 | cost|
tok     11 |,|
tok   4137 | making|
tok    290 | the|
tok  10691 | hash|
tok   3293 | table|
tok   1631 | look|
tok   9800 | slow|
tok   1952 | even|
tok   5495 | though|
tok    290 | the|
tok   2698 | local|
tok  37342 | lookup|
tok    382 | is|
tok    532 | O|
tok      7 |(|
tok     16 |1|
tok   3991 |).

|
tok 103995 |---

|
tok   1509 |####|
tok  97110 | Practical|
tok   2304 | take|
tok  50005 |‑|
tok  51781 |aways|
tok    279 |

|
tok     12 |-|
tok   6240 | **|
tok  27902 |Choose|
tok    261 | a|
tok   1899 | good|
tok  10691 | hash|
tok   1114 | function|
tok    410 |**|
tok    350 | (|
tok     68 |e|
tok   1940 |.g|
tok   4213 |.,|
tok  21291 | Mur|
tok  88762 |mur|
tok   8579 |Hash|
tok     11 |,|
tok  44242 | xx|
tok   8579 |Hash|
tok      8 |)|
tok    326 | and|
tok   1746 | test|
tok    480 | it|
tok    402 | on|
tok    634 | your|
tok   2140 | key|
tok  12545 | distribution|
tok    558 |.
|
tok     12 |-|
tok   6240 | **|
tok  25627 |Keep|
tok    290 | the|
tok   4700 | load|
tok  12332 | factor|
tok   4465 | low|
tok    410 |**|
tok     26 |;|
tok   1991 | many|
tok  34098 | libraries|
tok   1632 | let|
tok    481 | you|
tok    920 | set|
tok    261 | a|
tok  24313 | threshold|
tok    484 | that|
tok  58237 | triggers|
tok 194550 | resizing|
tok    558 |.
|
tok     12 |-|
tok   6240 | **|
tok  82837 |Avoid|
tok  14818 | expensive|
tok   2140 | key|
tok 185245 | hashing|
tok    410 |**|
tok     26 |;|
tok    538 | if|
tok    481 | you|
tok   2804 | must|
tok  10691 | hash|
tok   4410 | large|
tok  11736 | objects|
tok     11 |,|
tok  11956 | cache|
tok    290 | the|
tok  10691 | hash|
tok   1432 | value|
tok    558 |.
|
tok     12 |-|
tok   6240 | **|
tok  27279 |Monitor|
tok  34967 | collision|
tok  21729 | statistics|
tok    410 |**|
tok     26 |;|
tok    538 | if|
tok    481 | you|
tok   1921 | see|
tok    261 | a|
tok   3120 | few|
tok  83230 | buckets|
tok    483 | with|
tok   1991 | many|
tok  18614 | entries|
tok     11 |,|
tok    290 | the|
tok  10691 | hash|
tok    382 | is|
tok   4790 | bad|
tok    558 |.
|
tok     12 |-|
tok   6240 | **|
tok  45366 |Resize|
tok 158550 | proactively|
tok    410 |**|
tok    350 | (|
tok  29615 |before|
tok    290 | the|
tok   3293 | table|
tok   8625 | gets|
tok   3101 | too|
tok   3149 | full|
tok      8 |)|
tok    316 | to|
tok   8397 | avoid|
tok   1701 | long|
tok  31925 | probe|
tok  45665 | sequences|
tok    558 |.
|
tok     12 |-|
tok   6240 | **|
tok  49377 |Consider|
tok    290 | the|
tok   8197 | memory|
tok  62896 | footprint|
tok    410 |**|
tok     26 |;|
tok    261 | a|
tok   1869 | very|
tok   4410 | large|
tok   3293 | table|
tok    665 | can|
tok  20206 | hurt|
tok  11956 | cache|
tok   6198 | performance|
tok    558 |.
|
tok     12 |-|
tok   6240 | **|
tok   2653 |For|
tok  47517 | concurrent|
tok 180229 | workloads|
tok 191888 |**,|
tok   1199 | use|
tok   8109 | lock|
tok  50005 |‑|
tok  18847 |free|
tok    503 | or|
tok   8975 | fine|
tok  50005 |‑|
tok    896 |gr|
tok   3883 |ained|
tok  67321 | locking|
tok  50474 | schemes|
tok     11 |,|
tok    503 | or|
tok   5923 | accept|
tok    261 | a|
tok   3291 | small|
tok 160855 | slowdown|
tok    395 | for|
tok  57516 | simplicity|
tok    364 |.

|
tok   5958 |When|
tok   1879 | these|
tok   6409 | conditions|
tok    553 | are|
tok   1421 | met|
tok     11 |,|
tok    261 | a|
tok  10691 | hash|
tok   3293 | table|
tok  14777 | remains|
tok    261 | a|
tok   5661 | fast|
tok     11 |,|
tok    532 | O|
tok      7 |(|
tok     16 |1|
tok      8 |)|
tok   7848 | average|
tok  50005 |‑|
tok   9994 |case|
tok   1238 | data|
tok   8866 | structure|
tok     13 |.|
tok   4296 | When|
tok   1023 | they|
tok   3462 |’re|
tok  84402 | violated|
tok     11 |,|
tok   1631 | look|
tok  14409 |ups|
tok    665 | can|
tok 179125 | degrade|
tok    316 | to|
tok  23876 | linear|
tok   1058 | time|
tok    503 | or|
tok  17170 | suffer|
tok    591 | from|
tok   1932 | high|
tok  85157 | latency|
tok   5192 | due|
tok    316 | to|
tok  11956 | cache|
tok 100918 | misses|
tok     11 |,|
tok 115778 | contention|
tok     11 |,|
tok    503 | or|
tok   5402 | network|
tok  48529 | delays|
tok     13 |.|
mode=streamed prompt_toks=707 reused=695 generated=1117 n_ubatch=128
prefill: 2.08 s (5.78 tok/s)
decode:  119.73 s (9.33 tok/s)
io: cb_calls=26832 decode_uses=107232 decode_misses=11958 (hit 0.888) prefill_uses=1108 prefill_misses=375
io: pf_calls=23 pf_experts=373 union avg=16.2 min=13 max=22 fill=1.66 s (pool 32 slots)
io: prefetch_issued=922 prefetch_hits=372 prefetch_used=752 stall=52.88 s total_read=175678.6 MB avg_bw=1442 MB/s
io: read_work=282.48 s preads=79530 per_stream_bw=622 MB/s
mem: peak_rss=12.26 GB phys_footprint=6.75 GB
therm: fair
logits_hash=c6a3b669df48c868
text: <|channel|>analysis<|message|>We need to explain when hash table lookups get slow. Provide details: collisions, load factor, poor hash function, resizing, memory fragmentation, cache misses, etc. Also mention worst-case O(n). Provide examples. Also mention that in practice, with good hash function and load factor, average O(1). Provide scenarios: high load factor, poor hash function, many collisions, large keys, dynamic resizing, memory locality, etc. Also mention that in some languages, hash table may degrade to O(n) if all keys hash to same bucket. Also mention that if the hash table is too large relative to data, memory overhead may cause cache misses. Also mention that if the hash table is in a distributed system, network overhead. Provide suggestions: rehash, choose better hash function, keep load factor below threshold, use open addressing vs chaining, etc. Provide bullet points. Also mention that lookups can be slow if the hash function is expensive to compute. Provide examples: hashing large strings, complex objects. Also mention that if the hash table is being resized concurrently, lookups may be blocked. Provide final answer.<|end|><|start|>assistant<|channel|>final<|message|>### When a hash table stops being “fast”

| Cause | What happens | Typical impact |
|-------|--------------|----------------|
| **Too many collisions** | Many keys map to the same bucket. | The bucket becomes a list/chain or a probe sequence that must be walked → O(n) in the worst case. |
| **High load factor** | The table is almost full (e.g., 0.9–1.0). | Each bucket holds more entries → longer chains or more probing → more cache misses and more work per lookup. |
| **Poor hash function** | The hash distributes keys unevenly (e.g., all keys hash to 0). | Same as collisions: one bucket gets all entries → lookup degrades to linear scan. |
| **Expensive hash computation** | The key is large or the hash algorithm is complex. | The cost of computing the hash dominates the lookup time. |
| **Resizing in progress** | The table is being rehashed to a larger array. | Lookups may be blocked or need to check two tables → extra overhead. |
| **Memory locality loss** | The table is huge or spread across many pages. | Cache misses increase; each lookup may touch many memory locations. |
| **Concurrent access** | Multiple threads read/write without proper synchronization. | Locks or atomic operations add contention; in lock‑free designs, memory barriers can slow things down. |
| **Distributed hash tables** | Keys are stored on remote nodes. | Network latency dominates the lookup time. |

---

#### Why these factors matter

1. **Collisions & load factor**  
   *With chaining*: each bucket is a linked list (or vector). If the average list length is *k*, lookup time is *O(k)*.  
   *With open addressing*: a long probe sequence means many memory accesses and more cache misses.  
   Keeping the load factor below a threshold (often 0.7–0.75) keeps *k* small.

2. **Hash function quality**  
   A good hash spreads keys uniformly across the table. If the hash is deterministic but biased, you’ll see “hot” buckets that become bottlenecks.

3. **Hash cost**  
   For simple keys (integers, small strings) the hash is cheap. For complex objects (large structs, composite keys) the hash may need to walk the whole object, adding noticeable overhead.

4. **Resizing**  
   Rehashing copies all entries to a new array. During this time, lookups may need to check both the old and new tables or be blocked, which can spike latency.

5. **Cache behavior**  
   A hash table is an array, so it’s cache‑friendly when the array fits in L1/L2. If the table grows beyond cache size, each lookup may miss the cache, especially if probing jumps around.

6. **Concurrency**  
   Locks serialize access; lock‑free designs introduce memory barriers and atomic operations that can slow down otherwise trivial lookups.

7. **Distributed systems**  
   The “hash” is often used to decide which node holds the key. The network round‑trip dominates the cost, making the hash table look slow even though the local lookup is O(1).

---

#### Practical take‑aways

- **Choose a good hash function** (e.g., MurmurHash, xxHash) and test it on your key distribution.
- **Keep the load factor low**; many libraries let you set a threshold that triggers resizing.
- **Avoid expensive key hashing**; if you must hash large objects, cache the hash value.
- **Monitor collision statistics**; if you see a few buckets with many entries, the hash is bad.
- **Resize proactively** (before the table gets too full) to avoid long probe sequences.
- **Consider the memory footprint**; a very large table can hurt cache performance.
- **For concurrent workloads**, use lock‑free or fine‑grained locking schemes, or accept a small slowdown for simplicity.

When these conditions are met, a hash table remains a fast, O(1) average‑case data structure. When they’re violated, lookups can degrade to linear time or suffer from high latency due to cache misses, contention, or network delays.
canon: held=1824 kept=707 dropped=1117 decoded=884 canonical=1591 (55.61 s, post-reply)
canon_reply: ### When a hash table stops being “fast”\n\n| Cause | What happens | Typical impact |\n|-------|--------------|----------------|\n| **Too many collisions** | Many keys map to the same bucket. | The bucket becomes a list/chain or a probe sequence that must be walked → O(n) in the worst case. |\n| **High load factor** | The table is almost full (e.g., 0.9–1.0). | Each bucket holds more entries → longer chains or more probing → more cache misses and more work per lookup. |\n| **Poor hash function** | The hash distributes keys unevenly (e.g., all keys hash to 0). | Same as collisions: one bucket gets all entries → lookup degrades to linear scan. |\n| **Expensive hash computation** | The key is large or the hash algorithm is complex. | The cost of computing the hash dominates the lookup time. |\n| **Resizing in progress** | The table is being rehashed to a larger array. | Lookups may be blocked or need to check two tables → extra overhead. |\n| **Memory locality loss** | The table is huge or spread across many pages. | Cache misses increase; each lookup may touch many memory locations. |\n| **Concurrent access** | Multiple threads read/write without proper synchronization. | Locks or atomic operations add contention; in lock‑free designs, memory barriers can slow things down. |\n| **Distributed hash tables** | Keys are stored on remote nodes. | Network latency dominates the lookup time. |\n\n---\n\n#### Why these factors matter\n\n1. **Collisions & load factor**  \n   *With chaining*: each bucket is a linked list (or vector). If the average list length is *k*, lookup time is *O(k)*.  \n   *With open addressing*: a long probe sequence means many memory accesses and more cache misses.  \n   Keeping the load factor below a threshold (often 0.7–0.75) keeps *k* small.\n\n2. **Hash function quality**  \n   A good hash spreads keys uniformly across the table. If the hash is deterministic but biased, you’ll see “hot” buckets that become bottlenecks.\n\n3. **Hash cost**  \n   For simple keys (integers, small strings) the hash is cheap. For complex objects (large structs, composite keys) the hash may need to walk the whole object, adding noticeable overhead.\n\n4. **Resizing**  \n   Rehashing copies all entries to a new array. During this time, lookups may need to check both the old and new tables or be blocked, which can spike latency.\n\n5. **Cache behavior**  \n   A hash table is an array, so it’s cache‑friendly when the array fits in L1/L2. If the table grows beyond cache size, each lookup may miss the cache, especially if probing jumps around.\n\n6. **Concurrency**  \n   Locks serialize access; lock‑free designs introduce memory barriers and atomic operations that can slow down otherwise trivial lookups.\n\n7. **Distributed systems**  \n   The “hash” is often used to decide which node holds the key. The network round‑trip dominates the cost, making the hash table look slow even though the local lookup is O(1).\n\n---\n\n#### Practical take‑aways\n\n- **Choose a good hash function** (e.g., MurmurHash, xxHash) and test it on your key distribution.\n- **Keep the load factor low**; many libraries let you set a threshold that triggers resizing.\n- **Avoid expensive key hashing**; if you must hash large objects, cache the hash value.\n- **Monitor collision statistics**; if you see a few buckets with many entries, the hash is bad.\n- **Resize proactively** (before the table gets too full) to avoid long probe sequences.\n- **Consider the memory footprint**; a very large table can hurt cache performance.\n- **For concurrent workloads**, use lock‑free or fine‑grained locking schemes, or accept a small slowdown for simplicity.\n\nWhen these conditions are met, a hash table remains a fast, O(1) average‑case data structure. When they’re violated, lookups can degrade to linear time or suffer from high latency due to cache misses, contention, or network delays.
