ttft: total=13500 ms | template=0 tokenize=1 kv_match=0 prefill=13497 first_sample=1
ttft: ctx_held=0 rendered=297 reused=0 reprefill=297 (100.0% of rendered)
ttft: diverged_at=0 kv_had=-1|| rerender_has=200006|<|start|>|
tok 200005 |<|channel|>|
tok  35644 |analysis|
tok 200008 |<|message|>|
tok   2167 |We|
tok   1309 | need|
tok    316 | to|
tok  16644 | explain|
tok   1412 | what|
tok    261 | a|
tok  10691 | hash|
tok   3293 | table|
tok    382 | is|
tok    326 | and|
tok   4436 | why|
tok   1631 | look|
tok  14409 |ups|
tok    553 | are|
tok   5661 | fast|
tok     13 |.|
tok  51441 | Provide|
tok   5364 | clear|
tok  30547 | explanation|
tok     11 |,|
tok  10112 | maybe|
tok   8633 | mention|
tok 185245 | hashing|
tok     11 |,|
tok  83230 | buckets|
tok     11 |,|
tok 100572 | collisions|
tok     11 |,|
tok   7848 | average|
tok    532 | O|
tok      7 |(|
tok     16 |1|
tok    741 |).|
tok  51441 | Provide|
tok   4994 | example|
tok     13 |.|
tok  16835 | Keep|
tok  82463 | concise|
tok    889 | but|
tok  21182 | thorough|
tok     13 |.|
tok 200007 |<|end|>|
tok 200006 |<|start|>|
tok 173781 |assistant|
tok 200005 |<|channel|>|
tok  17196 |final|
tok 200008 |<|message|>|
tok  31639 |###|
tok   4614 | What|
tok    382 | is|
tok    261 | a|
tok  10691 | hash|
tok   3293 | table|
tok   1715 |?

|
tok     32 |A|
tok   6240 | **|
tok  16909 |hash|
tok   3293 | table|
tok    410 |**|
tok    350 | (|
tok  32038 |also|
tok   4358 | called|
tok    261 | a|
tok  10691 | hash|
tok   4014 | map|
tok    503 | or|
tok  22131 | dictionary|
tok      8 |)|
tok    382 | is|
tok    261 | a|
tok   1238 | data|
tok   8866 | structure|
tok    484 | that|
tok  14604 | stores|
tok   2140 | key|
tok   1585 |–|
tok   1594 |value|
tok  24702 | pairs|
tok    326 | and|
tok  19733 | lets|
tok    481 | you|
tok  31053 | retrieve|
tok    261 | a|
tok   1432 | value|
tok    656 | by|
tok   1617 | its|
tok   2140 | key|
tok   8065 | quickly|
tok    364 |.

|
tok      9 |*|
tok   6240 | **|
tok   2035 |Key|
tok    410 |**|
tok   1127 | –|
tok   1062 | any|
tok   1432 | value|
tok    484 | that|
tok  64699 | uniquely|
tok  59674 | identifies|
tok    448 | an|
tok   7251 | entry|
tok    350 | (|
tok     68 |e|
tok   1940 |.g|
tok   4213 |.,|
tok    261 | a|
tok   1621 | string|
tok     11 |,|
tok   2086 | number|
tok     11 |,|
tok    503 | or|
tok   2817 | object|
tok   6294 |).
|
tok      9 |*|
tok   6240 | **|
tok   1638 |Value|
tok    410 |**|
tok   1127 | –|
tok    290 | the|
tok   1238 | data|
tok    481 | you|
tok   1682 | want|
tok    316 | to|
tok  32766 | associate|
tok    483 | with|
tok    484 | that|
tok   2140 | key|
tok    558 |.
|
tok      9 |*|
tok   6240 | **|
tok   8579 |Hash|
tok   1114 | function|
tok    410 |**|
tok   1127 | –|
tok    261 | a|
tok 164009 | deterministic|
tok   1114 | function|
tok    484 | that|
tok  18304 | turns|
tok    261 | a|
tok   2140 | key|
tok   1511 | into|
tok    448 | an|
tok  16336 | integer|
tok    350 | (|
tok   3086 |the|
tok    425 | *|
tok  16909 |hash|
tok   3490 | code|
tok      9 |*|
tok   6294 |).
|
tok      9 |*|
tok   6240 | **|
tok 159253 |Buckets|
tok    820 | /|
tok  15340 | slots|
tok    410 |**|
tok   1127 | –|
tok    448 | an|
tok   2644 | array|
tok    328 | of|
tok    966 | “|
tok     65 |b|
tok  73451 |uckets|
tok    693 |”|
tok   1919 | where|
tok    290 | the|
tok  10691 | hash|
tok  17913 | codes|
tok    553 | are|
tok  47205 | mapped|
tok    316 | to|
tok  30378 | indices|
tok    364 |.

|
tok   5958 |When|
tok    481 | you|
tok  10898 | insert|
tok    261 | a|
tok  10610 | pair|
tok   1402 |:

|
tok     16 |1|
tok     13 |.|
tok  45438 | Compute|
tok    290 | the|
tok  10691 | hash|
tok   3490 | code|
tok    328 | of|
tok    290 | the|
tok   2140 | key|
tok    558 |.
|
tok     17 |2|
tok     13 |.|
tok  15629 | Convert|
tok    484 | that|
tok  10691 | hash|
tok   3490 | code|
tok    316 | to|
tok    448 | an|
tok   2644 | array|
tok   3472 | index|
tok    350 | (|
tok 119288 |often|
tok   2700 | `|
tok   2257 |index|
tok    314 | =|
tok  10691 | hash|
tok   1851 | %|
tok   2644 | array|
tok  11514 |_length|
tok     63 |`|
tok   6294 |).
|
tok     18 |3|
tok     13 |.|
tok  12600 | Store|
tok    290 | the|
tok  10610 | pair|
tok    306 | in|
tok    484 | that|
tok  28257 | bucket|
tok     13 |.|
tok   4066 |  
|
tok    256 |  |
tok    425 | *|
tok   3335 |If|
tok    290 | the|
tok  28257 | bucket|
tok   4279 | already|
tok   8895 | contains|
tok   3543 | something|
tok     11 |,|
tok    481 | you|
tok  14062 | resolve|
tok    290 | the|
tok  34967 | collision|
tok    350 | (|
tok     68 |e|
tok   1940 |.g|
tok   4213 |.,|
tok 166438 | chaining|
tok    483 | with|
tok    261 | a|
tok  17002 | linked|
tok   1562 | list|
tok    503 | or|
tok 186002 | probing|
tok    316 | to|
tok    290 | the|
tok   2613 | next|
tok   8215 | slot|
tok    741 |).|
tok  26289 |*

|
tok   5958 |When|
tok    481 | you|
tok   1631 | look|
tok    869 | up|
tok    261 | a|
tok   2140 | key|
tok   1402 |:

|
tok     16 |1|
tok     13 |.|
tok  45438 | Compute|
tok   1617 | its|
tok  10691 | hash|
tok   3490 | code|
tok    558 |.
|
tok     17 |2|
tok     13 |.|
tok   9764 | Find|
tok    290 | the|
tok  28257 | bucket|
tok   3472 | index|
tok    558 |.
|
tok     18 |3|
tok     13 |.|
tok  10497 | Search|
tok   1606 | only|
tok    484 | that|
tok  28257 | bucket|
tok    395 | for|
tok    290 | the|
tok   2140 | key|
tok    350 | (|
tok  77091 |usually|
tok   1327 | just|
tok   1001 | one|
tok   3577 | element|
tok    503 | or|
tok    261 | a|
tok   4022 | short|
tok   1562 | list|
tok   3991 |).

|
tok  31639 |###|
tok  12587 | Why|
tok   1631 | look|
tok  14409 |ups|
tok    553 | are|
tok   5661 | fast|
tok    279 |

|
tok     12 |-|
tok   6240 | **|
tok   9021 |Direct|
tok  43729 | addressing|
tok    410 |**|
tok     25 |:|
tok    623 | The|
tok  10691 | hash|
tok   1114 | function|
tok   8967 | gives|
tok    481 | you|
tok    290 | the|
tok   6354 | exact|
tok   2644 | array|
tok   3472 | index|
tok     11 |,|
tok    813 | so|
tok    481 | you|
tok  16677 | skip|
tok  53387 | scanning|
tok    290 | the|
tok   6062 | whole|
tok   3293 | table|
tok    558 |.
|
tok     12 |-|
tok   6240 | **|
tok  19510 |Constant|
tok  50005 |‑|
tok   4580 |time|
tok   7848 | average|
tok    410 |**|
tok     25 |:|
tok   3813 | With|
tok    261 | a|
tok   1899 | good|
tok  10691 | hash|
tok   1114 | function|
tok    326 | and|
tok    261 | a|
tok   4700 | load|
tok  12332 | factor|
tok    350 | (|
tok  26727 |entries|
tok    777 | per|
tok  28257 | bucket|
tok      8 |)|
tok  13185 | kept|
tok   4895 | below|
tok    261 | a|
tok  24313 | threshold|
tok     11 |,|
tok    290 | the|
tok   5930 | expected|
tok   2086 | number|
tok    328 | of|
tok   8632 | elements|
tok    306 | in|
tok    261 | a|
tok  28257 | bucket|
tok    382 | is|
tok   3291 | small|
tok     13 |.|
tok  23586 | Thus|
tok     11 |,|
tok    290 | the|
tok   1058 | time|
tok    316 | to|
tok   1646 | find|
tok    290 | the|
tok   2140 | key|
tok    382 | is|
tok    425 | *|
tok     46 |O|
tok      7 |(|
tok     16 |1|
tok  11043 |)*|
tok    402 | on|
tok   7848 | average|
tok    558 |.
|
tok     12 |-|
tok   6240 | **|
tok   8865 |Cache|
tok 184361 | friendliness|
tok    410 |**|
tok     25 |:|
tok    623 | The|
tok  27899 | underlying|
tok   2644 | array|
tok    382 | is|
tok 130997 | contiguous|
tok    306 | in|
tok   8197 | memory|
tok     11 |,|
tok   1118 | which|
tok  45865 | improves|
tok  11956 | cache|
tok   6198 | performance|
tok  11223 | compared|
tok    316 | to|
tok  17002 | linked|
tok  21207 | structures|
tok    364 |.

|
tok    637 |In|
tok   8248 | practice|
tok     11 |,|
tok    261 | a|
tok   1775 | well|
tok  50005 |‑|
tok 104159 |implemented|
tok  10691 | hash|
tok   3293 | table|
tok   8967 | gives|
tok    481 | you|
tok   5862 | near|
tok  50005 |‑|
tok  68070 |instant|
tok   1631 | look|
tok  14409 |ups|
tok     11 |,|
tok  10898 | insert|
tok    756 |ions|
tok     11 |,|
tok    326 | and|
tok 120784 | delet|
tok    756 |ions|
tok     11 |,|
tok   4137 | making|
tok    480 | it|
tok    261 | a|
tok 144018 | cornerstone|
tok    328 | of|
tok   1991 | many|
tok  23238 | programming|
tok  22772 | languages|
tok    438 |’|
tok   8113 | built|
tok  50005 |‑|
tok    258 |in|
tok 122111 | dictionaries|
tok     11 |,|
tok  11982 | sets|
tok     11 |,|
tok    326 | and|
tok  24267 | maps|
tok     13 |.|
mode=streamed prompt_toks=297 reused=0 generated=446 n_ubatch=128
prefill: 13.50 s (22.01 tok/s)
decode:  51.40 s (8.68 tok/s)
io: cb_calls=10776 decode_uses=42816 decode_misses=5427 (hit 0.873) prefill_uses=27328 prefill_misses=1616
io: pf_calls=69 pf_experts=1612 union avg=23.4 min=14 max=31 fill=6.57 s (pool 32 slots)
io: prefetch_issued=694 prefetch_hits=286 prefetch_used=603 stall=27.04 s total_read=102544.3 MB avg_bw=1580 MB/s
io: read_work=201.79 s preads=46422 per_stream_bw=508 MB/s
mem: peak_rss=12.41 GB phys_footprint=6.75 GB
therm: fair
logits_hash=e2907e1f35930609
text: <|channel|>analysis<|message|>We need to explain what a hash table is and why lookups are fast. Provide clear explanation, maybe mention hashing, buckets, collisions, average O(1). Provide example. Keep concise but thorough.<|end|><|start|>assistant<|channel|>final<|message|>### What is a hash table?

A **hash table** (also called a hash map or dictionary) is a data structure that stores key–value pairs and lets you retrieve a value by its key quickly.

* **Key** – any value that uniquely identifies an entry (e.g., a string, number, or object).
* **Value** – the data you want to associate with that key.
* **Hash function** – a deterministic function that turns a key into an integer (the *hash code*).
* **Buckets / slots** – an array of “buckets” where the hash codes are mapped to indices.

When you insert a pair:

1. Compute the hash code of the key.
2. Convert that hash code to an array index (often `index = hash % array_length`).
3. Store the pair in that bucket.  
   *If the bucket already contains something, you resolve the collision (e.g., chaining with a linked list or probing to the next slot).*

When you look up a key:

1. Compute its hash code.
2. Find the bucket index.
3. Search only that bucket for the key (usually just one element or a short list).

### Why lookups are fast

- **Direct addressing**: The hash function gives you the exact array index, so you skip scanning the whole table.
- **Constant‑time average**: With a good hash function and a load factor (entries per bucket) kept below a threshold, the expected number of elements in a bucket is small. Thus, the time to find the key is *O(1)* on average.
- **Cache friendliness**: The underlying array is contiguous in memory, which improves cache performance compared to linked structures.

In practice, a well‑implemented hash table gives you near‑instant lookups, insertions, and deletions, making it a cornerstone of many programming languages’ built‑in dictionaries, sets, and maps.

<<<TURN>>>
ttft: total=6916 ms | template=0 tokenize=14 kv_match=0 prefill=6900 first_sample=1
ttft: ctx_held=743 rendered=368 reused=297 reprefill=71 (19.3% of rendered)
ttft: diverged_at=297 kv_had=200005|<|channel|>| rerender_has=200008|<|message|>|
tok 200005 |<|channel|>|
tok  35644 |analysis|
tok 200008 |<|message|>|
tok 176289 |Explain|
tok  42318 | scenarios|
tok     25 |:|
tok   1932 | high|
tok   4700 | load|
tok  12332 | factor|
tok     11 |,|
tok   1991 | many|
tok 100572 | collisions|
tok     11 |,|
tok  12530 | poor|
tok  10691 | hash|
tok   1114 | function|
tok     11 |,|
tok 194550 | resizing|
tok     11 |,|
tok   8197 | memory|
tok 118461 | locality|
tok     11 |,|
tok   5178 | etc|
tok     13 |.|
tok  51441 | Provide|
tok   4878 | details|
tok     13 |.|
tok 200007 |<|end|>|
tok 200006 |<|start|>|
tok 173781 |assistant|
tok 200005 |<|channel|>|
tok  17196 |final|
tok 200008 |<|message|>|
tok     32 |A|
tok  10691 | hash|
tok   3293 | table|
tok    665 | can|
tok   5025 | become|
tok   9800 | slow|
tok   1261 | when|
tok    290 | the|
tok  58384 | assumptions|
tok    484 | that|
tok   3644 | give|
tok    480 | it|
tok    425 | *|
tok  33570 |average|
tok  50005 |‑|
tok   9994 |case|
tok      9 |*|
tok    532 | O|
tok      7 |(|
tok     16 |1|
tok      8 |)|
tok   6198 | performance|
tok   2338 | break|
tok   1917 | down|
tok     13 |.|
tok    623 | The|
tok   2758 | main|
tok  15328 | cul|
tok 130762 |prits|
tok    553 | are|
tok   1402 |:

|
tok     91 |||
tok  70131 | Cause|
tok   1022 | ||
tok  12587 | Why|
tok    480 | it|
tok  74891 | hurts|
tok   1022 | ||
tok 123857 | Typical|
tok  16629 | symptoms|
tok  15972 | |
|
tok     91 |||
tok  39028 |-------|
tok     91 |||
tok  41309 |--------------|
tok     91 |||
tok   1297 |----------------|
tok    375 |--|
tok  14876 ||
|
tok     91 |||
tok   6240 | **|
tok  12664 |High|
tok   4700 | load|
tok  12332 | factor|
tok    410 |**|
tok   1022 | ||
tok   4296 | When|
tok    290 | the|
tok   3293 | table|
tok    382 | is|
tok   6787 | almost|
tok   3149 | full|
tok     11 |,|
tok   1991 | many|
tok  12994 | keys|
tok   4014 | map|
tok    316 | to|
tok    290 | the|
tok   2684 | same|
tok  28257 | bucket|
tok     13 |.|
tok   1022 | ||
tok   7790 | Long|
tok  42636 | chains|
tok    503 | or|
tok   1991 | many|
tok 127387 | probes|
tok     26 |;|
tok   1631 | look|
tok  14409 |ups|
tok   2304 | take|
tok    532 | O|
tok   2406 |(n|
tok      8 |)|
tok    306 | in|
tok    290 | the|
tok  20486 | worst|
tok   1890 | case|
tok     13 |.|
tok  15972 | |
|
tok     91 |||
tok   6240 | **|
tok 123747 |Poor|
tok  10691 | hash|
tok   1114 | function|
tok    410 |**|
tok   1022 | ||
tok   1843 | If|
tok    290 | the|
tok  10691 | hash|
tok   1114 | function|
tok  28135 | produces|
tok   1991 | many|
tok 100572 | collisions|
tok    350 | (|
tok     68 |e|
tok   1940 |.g|
tok   4213 |.,|
tok    722 | all|
tok  12994 | keys|
tok  10691 | hash|
tok    316 | to|
tok    290 | the|
tok   2684 | same|
tok   1432 | value|
tok    936 |),|
tok    290 | the|
tok   3293 | table|
tok 104507 | degener|
tok   1381 |ates|
tok   1511 | into|
tok    261 | a|
tok  17002 | linked|
tok   1562 | list|
tok    503 | or|
tok    261 | a|
tok   4590 | single|
tok  28257 | bucket|
tok     13 |.|
tok   1022 | ||
tok   9312 | Every|
tok  37342 | lookup|
tok  72856 | scans|
tok    261 | a|
tok   1701 | long|
tok   1562 | list|
tok     26 |;|
tok   6198 | performance|
tok  32321 | drops|
tok    316 | to|
tok    532 | O|
tok   2406 |(n|
tok    741 |).|
tok  15972 | |
|
tok     91 |||
tok   6240 | **|
tok  43004 |Collision|
tok  17365 | resolution|
tok 142394 | ineff|
tok  12895 |iciency|
tok    410 |**|
tok   1022 | ||
tok   6083 | Some|
tok  15142 | strategies|
tok    350 | (|
tok     68 |e|
tok   1940 |.g|
tok   4213 |.,|
tok  23876 | linear|
tok 186002 | probing|
tok      8 |)|
tok  17170 | suffer|
tok    591 | from|
tok    425 | *|
tok  11289 |primary|
tok 114338 | clustering|
tok 148799 |*:|
tok    261 | a|
tok   1701 | long|
tok   2461 | run|
tok    328 | of|
tok  46186 | occupied|
tok  15340 | slots|
tok  16691 | forces|
tok   1991 | many|
tok 127387 | probes|
tok     13 |.|
tok   1022 | ||
tok   1258 | Pro|
tok  13639 |bes|
tok    777 | per|
tok  37342 | lookup|
tok   7064 | increase|
tok 101687 | sharply|
tok    472 | as|
tok    290 | the|
tok   3293 | table|
tok  65651 | fills|
tok     13 |.|
tok  15972 | |
|
tok     91 |||
tok   6240 | **|
tok   1204 |Res|
tok   6396 |izing|
tok  52558 | overhead|
tok    410 |**|
tok   1022 | ||
tok   4296 | When|
tok    290 | the|
tok   3293 | table|
tok  42326 | grows|
tok     11 |,|
tok    722 | all|
tok   9595 | existing|
tok  12994 | keys|
tok   2804 | must|
tok    413 | be|
tok    322 | re|
tok 192232 |hashed|
tok    326 | and|
tok  12183 | moved|
tok    316 | to|
tok    261 | a|
tok    620 | new|
tok   2644 | array|
tok     13 |.|
tok   1022 | ||
tok    355 | A|
tok   4590 | single|
tok  37342 | lookup|
tok    665 | can|
tok  14699 | trigger|
tok    261 | a|
tok  44091 | costly|
tok    322 | re|
tok  16909 |hash|
tok     26 |;|
tok  29068 | subsequent|
tok   1631 | look|
tok  14409 |ups|
tok    553 | are|
tok  54189 | slower|
tok   4609 | until|
tok    290 | the|
tok  40625 | resize|
tok  48473 | finishes|
tok     13 |.|
tok  15972 | |
|
tok     91 |||
tok   6240 | **|
tok   8865 |Cache|
tok   5712 |/m|
tok   8002 |emory|
tok 118461 | locality|
tok    410 |**|
tok   1022 | ||
tok   1843 | If|
tok    290 | the|
tok   3293 | table|
tok    382 | is|
tok   4410 | large|
tok    503 | or|
tok    290 | the|
tok 186002 | probing|
tok   8302 | pattern|
tok    382 | is|
tok  52454 | irregular|
tok     11 |,|
tok   1991 | many|
tok  11956 | cache|
tok 100918 | misses|
tok  11416 | occur|
tok     13 |.|
tok   1022 | ||
tok  11555 | Each|
tok  37342 | lookup|
tok   1340 | may|
tok   1309 | need|
tok    316 | to|
tok  12011 | fetch|
tok   1238 | data|
tok    591 | from|
tok   2758 | main|
tok   8197 | memory|
tok     11 |,|
tok  12673 | adding|
tok  85157 | latency|
tok     13 |.|
tok  15972 | |
|
tok     91 |||
tok   6240 | **|
tok 117620 |Concurrent|
tok   3158 | access|
tok   2935 | without|
tok   7937 | proper|
tok  67321 | locking|
tok    410 |**|
tok   1022 | ||
tok  24613 | Lock|
tok 115778 | contention|
tok    503 | or|
tok   8109 | lock|
tok  50005 |‑|
tok  18847 |free|
tok 115778 | contention|
tok    665 | can|
tok  50889 | serialize|
tok   3158 | access|
tok    503 | or|
tok   7075 | cause|
tok 147909 | retries|
tok     13 |.|
tok   1022 | ||
tok  20684 | Through|
tok    772 |put|
tok  32321 | drops|
tok     26 |;|
tok   4445 | individual|
tok   1631 | look|
tok  14409 |ups|
tok  73312 | stall|
tok     13 |.|
tok  47459 | |

|
tok   1509 |####|
tok   3253 | How|
tok    316 | to|
tok  79391 | mitigate|
tok    279 |

|
tok     12 |-|
tok  16835 | Keep|
tok    290 | the|
tok   4700 | load|
tok  12332 | factor|
tok   4895 | below|
tok    261 | a|
tok  24313 | threshold|
tok    350 | (|
tok 119288 |often|
tok    220 | |
tok     15 |0|
tok     13 |.|
tok     22 |7|
tok   1585 |–|
tok     15 |0|
tok     13 |.|
tok   3384 |75|
tok      8 |)|
tok    316 | to|
tok  10389 | reduce|
tok 100572 | collisions|
tok    558 |.
|
tok     12 |-|
tok   7649 | Use|
tok    261 | a|
tok   1932 | high|
tok  50005 |‑|
tok  14761 |quality|
tok  10691 | hash|
tok   1114 | function|
tok    484 | that|
tok 163118 | distributes|
tok  12994 | keys|
tok 161240 | uniformly|
tok    558 |.
|
tok     12 |-|
tok  25151 | Choose|
tok    261 | a|
tok  34967 | collision|
tok  50005 |‑|
tok 129543 |resolution|
tok  10772 | strategy|
tok    484 | that|
tok  37131 | suits|
tok    634 | your|
tok  73025 | workload|
tok    350 | (|
tok     68 |e|
tok   1940 |.g|
tok   4213 |.,|
tok  13574 | separate|
tok 166438 | chaining|
tok    395 | for|
tok   1991 | many|
tok  87900 | inserts|
tok     11 |,|
tok   2494 | open|
tok  43729 | addressing|
tok    395 | for|
tok  11956 | cache|
tok  50005 |‑|
tok 158233 |friendly|
tok   3158 | access|
tok   6294 |).
|
tok     12 |-|
tok 130449 | Resize|
tok    290 | the|
tok   3293 | table|
tok    306 | in|
tok    261 | a|
tok   2006 | way|
tok    484 | that|
tok  89185 | amort|
tok   6370 |izes|
tok    290 | the|
tok   3097 | cost|
tok    350 | (|
tok     68 |e|
tok   1940 |.g|
tok   4213 |.,|
tok   3503 | double|
tok    290 | the|
tok   2349 | size|
tok     11 |,|
tok    322 | re|
tok  16909 |hash|
tok  24032 | increment|
tok   2146 |ally|
tok    538 | if|
tok   4149 | possible|
tok   6294 |).
|
tok     12 |-|
tok   2214 | For|
tok   4410 | large|
tok  16584 | tables|
tok     11 |,|
tok   3331 | consider|
tok  31512 | partition|
tok    289 |ing|
tok    503 | or|
tok    641 | sh|
tok  36207 |arding|
tok    316 | to|
tok   8400 | improve|
tok 118461 | locality|
tok    558 |.
|
tok     12 |-|
tok    730 | In|
tok   3469 | mult|
tok    437 |ith|
tok   1293 |read|
tok    295 |ed|
tok  67568 | contexts|
tok     11 |,|
tok   1199 | use|
tok   8975 | fine|
tok  50005 |‑|
tok    896 |gr|
tok   3883 |ained|
tok  50098 | locks|
tok    503 | or|
tok   8109 | lock|
tok  50005 |‑|
tok  18847 |free|
tok  15744 | designs|
tok    316 | to|
tok   8397 | avoid|
tok 115778 | contention|
tok    364 |.

|
tok   5958 |When|
tok   1879 | these|
tok   6409 | conditions|
tok    553 | are|
tok  55911 | avoided|
tok     11 |,|
tok    261 | a|
tok  10691 | hash|
tok   3293 | table|
tok  13729 | typically|
tok  32195 | delivers|
tok   5661 | fast|
tok     11 |,|
tok  81579 | predictable|
tok   1631 | look|
tok  14409 |ups|
tok     13 |.|
mode=streamed prompt_toks=368 reused=297 generated=498 n_ubatch=128
prefill: 6.90 s (10.29 tok/s)
decode:  55.48 s (8.98 tok/s)
io: cb_calls=11976 decode_uses=47808 decode_misses=5783 (hit 0.879) prefill_uses=6536 prefill_misses=624
io: pf_calls=23 pf_experts=623 union avg=27.1 min=21 max=32 fill=4.93 s (pool 32 slots)
io: prefetch_issued=446 prefetch_hits=162 prefetch_used=364 stall=26.20 s total_read=90828.0 MB avg_bw=1456 MB/s
io: read_work=181.99 s preads=41118 per_stream_bw=499 MB/s
mem: peak_rss=12.41 GB phys_footprint=6.75 GB
therm: fair
logits_hash=4f7ca62e4b4613d2
text: <|channel|>analysis<|message|>Explain scenarios: high load factor, many collisions, poor hash function, resizing, memory locality, etc. Provide details.<|end|><|start|>assistant<|channel|>final<|message|>A hash table can become slow when the assumptions that give it *average‑case* O(1) performance break down. The main culprits are:

| Cause | Why it hurts | Typical symptoms |
|-------|--------------|------------------|
| **High load factor** | When the table is almost full, many keys map to the same bucket. | Long chains or many probes; lookups take O(n) in the worst case. |
| **Poor hash function** | If the hash function produces many collisions (e.g., all keys hash to the same value), the table degenerates into a linked list or a single bucket. | Every lookup scans a long list; performance drops to O(n). |
| **Collision resolution inefficiency** | Some strategies (e.g., linear probing) suffer from *primary clustering*: a long run of occupied slots forces many probes. | Probes per lookup increase sharply as the table fills. |
| **Resizing overhead** | When the table grows, all existing keys must be rehashed and moved to a new array. | A single lookup can trigger a costly rehash; subsequent lookups are slower until the resize finishes. |
| **Cache/memory locality** | If the table is large or the probing pattern is irregular, many cache misses occur. | Each lookup may need to fetch data from main memory, adding latency. |
| **Concurrent access without proper locking** | Lock contention or lock‑free contention can serialize access or cause retries. | Throughput drops; individual lookups stall. |

#### How to mitigate

- Keep the load factor below a threshold (often 0.7–0.75) to reduce collisions.
- Use a high‑quality hash function that distributes keys uniformly.
- Choose a collision‑resolution strategy that suits your workload (e.g., separate chaining for many inserts, open addressing for cache‑friendly access).
- Resize the table in a way that amortizes the cost (e.g., double the size, rehash incrementally if possible).
- For large tables, consider partitioning or sharding to improve locality.
- In multithreaded contexts, use fine‑grained locks or lock‑free designs to avoid contention.

When these conditions are avoided, a hash table typically delivers fast, predictable lookups.
