llmstream: 24 layers, 16 slots/layer, 6 tensors/expert, 13.25 MB/expert, prefetch=on
llmstream: prefill pool 32 slots x 6 type-variants (424 MB), shared across layers
ids ffn_moe_topk_slots-0     ne=[4,23]: 5 9 6 18
ids ffn_moe_topk_slots-1     ne=[4,23]: 28 29 6 11
ids ffn_moe_topk_slots-2     ne=[4,23]: 26 23 28 27
ids ffn_moe_topk_slots-3     ne=[4,23]: 1 10 29 23
ids ffn_moe_topk_slots-4     ne=[4,23]: 23 19 24 6
ids ffn_moe_topk_slots-5     ne=[4,23]: 24 19 15 26
ids ffn_moe_topk_slots-6     ne=[4,23]: 5 27 29 2
ids ffn_moe_topk_slots-7     ne=[4,23]: 8 26 23 22
ids ffn_moe_topk_slots-8     ne=[4,23]: 24 17 9 12
ids ffn_moe_topk_slots-9     ne=[4,23]: 31 14 1 18
ids ffn_moe_topk_slots-10    ne=[4,23]: 28 9 6 7
ids ffn_moe_topk_slots-11    ne=[4,23]: 25 5 15 10
ids ffn_moe_topk_slots-12    ne=[4,23]: 26 9 15 23
ids ffn_moe_topk_slots-13    ne=[4,23]: 4 9 27 25
ids ffn_moe_topk_slots-14    ne=[4,23]: 18 30 14 16
ids ffn_moe_topk_slots-15    ne=[4,23]: 21 13 17 24
ids ffn_moe_topk_slots-16    ne=[4,23]: 4 24 13 31
ids ffn_moe_topk_slots-17    ne=[4,23]: 5 21 3 24
ids ffn_moe_topk_slots-18    ne=[4,23]: 1 17 18 22
ids ffn_moe_topk_slots-19    ne=[4,23]: 21 28 7 4
ids ffn_moe_topk_slots-20    ne=[4,23]: 19 12 26 24
ids ffn_moe_topk_slots-21    ne=[4,23]: 9 4 3 16
ids ffn_moe_topk_slots-22    ne=[4,23]: 23 25 27 26
ids ffn_moe_topk_slots-23    ne=[4,1]: 16 14 20 31
ids ffn_moe_topk_slots-0     ne=[4,1]: 31 21 22 6
ids ffn_moe_topk_slots-1     ne=[4,1]: 18 29 12 9
ids ffn_moe_topk_slots-2     ne=[4,1]: 29 4 23 8
ids ffn_moe_topk_slots-3     ne=[4,1]: 1 9 7 19
ids ffn_moe_topk_slots-4     ne=[4,1]: 6 20 23 17
ids ffn_moe_topk_slots-5     ne=[4,1]: 24 26 0 14
ids ffn_moe_topk_slots-6     ne=[4,1]: 5 10 9 2
ids ffn_moe_topk_slots-7     ne=[4,1]: 13 5 24 19
ids ffn_moe_topk_slots-8     ne=[4,1]: 24 17 13 0
ids ffn_moe_topk_slots-9     ne=[4,1]: 21 19 9 8
ids ffn_moe_topk_slots-10    ne=[4,1]: 26 10 23 7
ids ffn_moe_topk_slots-11    ne=[4,1]: 4 30 9 27
ids ffn_moe_topk_slots-12    ne=[4,1]: 1 23 12 24
ids ffn_moe_topk_slots-13    ne=[4,1]: 19 21 9 15
ids ffn_moe_topk_slots-14    ne=[4,1]: 9 24 18 6
ids ffn_moe_topk_slots-15    ne=[4,1]: 31 13 28 1
ids ffn_moe_topk_slots-16    ne=[4,1]: 24 31 15 2
ids ffn_moe_topk_slots-17    ne=[4,1]: 21 4 11 5
ids ffn_moe_topk_slots-18    ne=[4,1]: 24 18 1 30
ids ffn_moe_topk_slots-19    ne=[4,1]: 22 7 0 19
ids ffn_moe_topk_slots-20    ne=[4,1]: 7 12 24 23
ids ffn_moe_topk_slots-21    ne=[4,1]: 7 3 30 16
ids ffn_moe_topk_slots-22    ne=[4,1]: 26 17 23 14
ids ffn_moe_topk_slots-23    ne=[4,1]: 19 14 28 3
ids ffn_moe_topk_slots-0     ne=[4,1]: 4 5 9 3
ids ffn_moe_topk_slots-1     ne=[4,1]: 19 28 10 5
ids ffn_moe_topk_slots-2     ne=[4,1]: 21 26 18 31
ids ffn_moe_topk_slots-3     ne=[4,1]: 27 2 0 1
ids ffn_moe_topk_slots-4     ne=[4,1]: 15 6 17 18
ids ffn_moe_topk_slots-5     ne=[4,1]: 24 10 6 21
ids ffn_moe_topk_slots-6     ne=[4,1]: 14 9 3 24
ids ffn_moe_topk_slots-7     ne=[4,1]: 5 9 4 29
ids ffn_moe_topk_slots-8     ne=[4,1]: 17 20 25 5
ids ffn_moe_topk_slots-9     ne=[4,1]: 8 15 19 18
ids ffn_moe_topk_slots-10    ne=[4,1]: 10 7 23 5
ids ffn_moe_topk_slots-11    ne=[4,1]: 24 5 4 30
ids ffn_moe_topk_slots-12    ne=[4,1]: 26 23 8 3
ids ffn_moe_topk_slots-13    ne=[4,1]: 4 1 15 9
ids ffn_moe_topk_slots-14    ne=[4,1]: 18 12 0 29
ids ffn_moe_topk_slots-15    ne=[4,1]: 13 18 29 10
ids ffn_moe_topk_slots-16    ne=[4,1]: 26 13 4 31
ids ffn_moe_topk_slots-17    ne=[4,1]: 11 12 5 14
ids ffn_moe_topk_slots-18    ne=[4,1]: 1 24 29 14
ids ffn_moe_topk_slots-19    ne=[4,1]: 13 3 19 0
ids ffn_moe_topk_slots-20    ne=[4,1]: 23 12 22 24
ids ffn_moe_topk_slots-21    ne=[4,1]: 30 3 14 5
ids ffn_moe_topk_slots-22    ne=[4,1]: 16 14 20 26
ids ffn_moe_topk_slots-23    ne=[4,1]: 16 20 23 28
ids ffn_moe_topk_slots-0     ne=[4,1]: 30 27 3 9
ids ffn_moe_topk_slots-1     ne=[4,1]: 29 18 28 31
ids ffn_moe_topk_slots-2     ne=[4,1]: 29 31 21 23
ids ffn_moe_topk_slots-3     ne=[4,1]: 1 0 27 9
ids ffn_moe_topk_slots-4     ne=[4,1]: 6 20 4 15
ids ffn_moe_topk_slots-5     ne=[4,1]: 10 0 26 24
ids ffn_moe_topk_slots-6     ne=[4,1]: 9 10 2 5
ids ffn_moe_topk_slots-7     ne=[4,1]: 5 13 14 24
ids ffn_moe_topk_slots-8     ne=[4,1]: 24 17 5 4
ids ffn_moe_topk_slots-9     ne=[4,1]: 8 19 15 3
ids ffn_moe_topk_slots-10    ne=[4,1]: 10 7 26 23
ids ffn_moe_topk_slots-11    ne=[4,1]: 9 27 30 4
ids ffn_moe_topk_slots-12    ne=[4,1]: 28 1 23 8
ids ffn_moe_topk_slots-13    ne=[4,1]: 9 21 15 1
ids ffn_moe_topk_slots-14    ne=[4,1]: 18 9 0 24
ids ffn_moe_topk_slots-15    ne=[4,1]: 13 31 3 18
ids ffn_moe_topk_slots-16    ne=[4,1]: 15 20 24 4
ids ffn_moe_topk_slots-17    ne=[4,1]: 8 4 28 11
ids ffn_moe_topk_slots-18    ne=[4,1]: 15 16 18 23
ids ffn_moe_topk_slots-19    ne=[4,1]: 29 7 19 12
ids ffn_moe_topk_slots-20    ne=[4,1]: 24 11 7 30
ids ffn_moe_topk_slots-21    ne=[4,1]: 27 22 3 9
ids ffn_moe_topk_slots-22    ne=[4,1]: 14 16 25 31
ids ffn_moe_topk_slots-23    ne=[4,1]: 22 31 7 3
ids ffn_moe_topk_slots-0     ne=[4,1]: 13 17 1 21
ids ffn_moe_topk_slots-1     ne=[4,1]: 12 27 3 18
ids ffn_moe_topk_slots-2     ne=[4,1]: 29 8 21 31
ids ffn_moe_topk_slots-3     ne=[4,1]: 7 19 3 1
ids ffn_moe_topk_slots-4     ne=[4,1]: 6 20 18 15
ids ffn_moe_topk_slots-5     ne=[4,1]: 0 10 24 17
ids ffn_moe_topk_slots-6     ne=[4,1]: 9 5 10 16
ids ffn_moe_topk_slots-7     ne=[4,1]: 13 14 5 20
ids ffn_moe_topk_slots-8     ne=[4,1]: 24 17 3 19
ids ffn_moe_topk_slots-9     ne=[4,1]: 19 8 14 3
ids ffn_moe_topk_slots-10    ne=[4,1]: 7 10 23 26
ids ffn_moe_topk_slots-11    ne=[4,1]: 30 9 27 4
ids ffn_moe_topk_slots-12    ne=[4,1]: 23 1 28 12
ids ffn_moe_topk_slots-13    ne=[4,1]: 21 15 19 4
ids ffn_moe_topk_slots-14    ne=[4,1]: 9 18 24 17
ids ffn_moe_topk_slots-15    ne=[4,1]: 13 31 3 17
ids ffn_moe_topk_slots-16    ne=[4,1]: 15 24 5 20
ids ffn_moe_topk_slots-17    ne=[4,1]: 8 28 4 11
ids ffn_moe_topk_slots-18    ne=[4,1]: 12 23 16 5
ids ffn_moe_topk_slots-19    ne=[4,1]: 29 12 19 7
ids ffn_moe_topk_slots-20    ne=[4,1]: 2 30 24 21
ids ffn_moe_topk_slots-21    ne=[4,1]: 3 27 21 22
ids ffn_moe_topk_slots-22    ne=[4,1]: 30 18 25 31
ids ffn_moe_topk_slots-23    ne=[4,1]: 0 31 18 7
ids ffn_moe_topk_slots-0     ne=[4,1]: 7 16 2 27
ids ffn_moe_topk_slots-1     ne=[4,1]: 10 12 26 27
ids ffn_moe_topk_slots-2     ne=[4,1]: 21 0 29 6
ids ffn_moe_topk_slots-3     ne=[4,1]: 7 3 19 12
ids ffn_moe_topk_slots-4     ne=[4,1]: 6 13 20 15
ids ffn_moe_topk_slots-5     ne=[4,1]: 0 17 10 24
ids ffn_moe_topk_slots-6     ne=[4,1]: 16 4 9 8
ids ffn_moe_topk_slots-7     ne=[4,1]: 14 23 13 20
ids ffn_moe_topk_slots-8     ne=[4,1]: 3 24 19 17
ids ffn_moe_topk_slots-9     ne=[4,1]: 19 14 8 9
ids ffn_moe_topk_slots-10    ne=[4,1]: 23 7 10 6
ids ffn_moe_topk_slots-11    ne=[4,1]: 27 30 4 20
ids ffn_moe_topk_slots-12    ne=[4,1]: 23 28 12 9
ids ffn_moe_topk_slots-13    ne=[4,1]: 15 21 4 1
ids ffn_moe_topk_slots-14    ne=[4,1]: 9 18 24 21
ids ffn_moe_topk_slots-15    ne=[4,1]: 13 3 4 17
ids ffn_moe_topk_slots-16    ne=[4,1]: 5 15 12 20
ids ffn_moe_topk_slots-17    ne=[4,1]: 28 11 4 19
ids ffn_moe_topk_slots-18    ne=[4,1]: 19 12 9 23
ids ffn_moe_topk_slots-19    ne=[4,1]: 26 12 2 19
ids ffn_moe_topk_slots-20    ne=[4,1]: 13 30 20 21
ids ffn_moe_topk_slots-21    ne=[4,1]: 1 22 3 31
ids ffn_moe_topk_slots-22    ne=[4,1]: 18 31 4 25
ids ffn_moe_topk_slots-23    ne=[4,1]: 22 31 15 2
ids ffn_moe_topk_slots-0     ne=[4,1]: 25 22 10 7
ids ffn_moe_topk_slots-1     ne=[4,1]: 12 26 17 8
ids ffn_moe_topk_slots-2     ne=[4,1]: 21 0 31 4
ids ffn_moe_topk_slots-3     ne=[4,1]: 14 18 5 3
ids ffn_moe_topk_slots-4     ne=[4,1]: 26 5 1 28
ids ffn_moe_topk_slots-5     ne=[4,1]: 25 16 3 22
ids ffn_moe_topk_slots-6     ne=[4,1]: 17 12 13 0
ids ffn_moe_topk_slots-7     ne=[4,1]: 18 31 16 13
ids ffn_moe_topk_slots-8     ne=[4,1]: 29 2 3 17
ids ffn_moe_topk_slots-9     ne=[4,1]: 6 3 29 14
ids ffn_moe_topk_slots-10    ne=[4,1]: 31 4 6 20
ids ffn_moe_topk_slots-11    ne=[4,1]: 26 2 31 0
ids ffn_moe_topk_slots-12    ne=[4,1]: 4 27 20 12
ids ffn_moe_topk_slots-13    ne=[4,1]: 15 29 22 18
ids ffn_moe_topk_slots-14    ne=[4,1]: 22 5 28 2
ids ffn_moe_topk_slots-15    ne=[4,1]: 14 15 13 17
ids ffn_moe_topk_slots-16    ne=[4,1]: 22 5 24 15
ids ffn_moe_topk_slots-17    ne=[4,1]: 4 8 28 11
ids ffn_moe_topk_slots-18    ne=[4,1]: 5 12 23 30
ids ffn_moe_topk_slots-19    ne=[4,1]: 12 29 19 7
ids ffn_moe_topk_slots-20    ne=[4,1]: 21 30 0 11
ids ffn_moe_topk_slots-21    ne=[4,1]: 27 3 22 21
ids ffn_moe_topk_slots-22    ne=[4,1]: 18 31 25 8
ids ffn_moe_topk_slots-23    ne=[4,1]: 31 22 18 4
ids ffn_moe_topk_slots-0     ne=[4,1]: 4 16 24 29
ids ffn_moe_topk_slots-1     ne=[4,1]: 10 9 0 30
ids ffn_moe_topk_slots-2     ne=[4,1]: 21 0 4 17
ids ffn_moe_topk_slots-3     ne=[4,1]: 11 0 2 1
ids ffn_moe_topk_slots-4     ne=[4,1]: 15 30 6 20
ids ffn_moe_topk_slots-5     ne=[4,1]: 22 24 17 10
ids ffn_moe_topk_slots-6     ne=[4,1]: 4 16 6 9
ids ffn_moe_topk_slots-7     ne=[4,1]: 14 21 17 31
ids ffn_moe_topk_slots-8     ne=[4,1]: 3 17 28 19
ids ffn_moe_topk_slots-9     ne=[4,1]: 9 19 8 1
ids ffn_moe_topk_slots-10    ne=[4,1]: 23 7 10 6
ids ffn_moe_topk_slots-11    ne=[4,1]: 4 30 27 20
ids ffn_moe_topk_slots-12    ne=[4,1]: 23 12 28 22
ids ffn_moe_topk_slots-13    ne=[4,1]: 15 21 29 18
ids ffn_moe_topk_slots-14    ne=[4,1]: 27 18 21 24
ids ffn_moe_topk_slots-15    ne=[4,1]: 0 13 6 17
ids ffn_moe_topk_slots-16    ne=[4,1]: 5 17 12 7
ids ffn_moe_topk_slots-17    ne=[4,1]: 19 11 28 1
ids ffn_moe_topk_slots-18    ne=[4,1]: 6 19 9 2
ids ffn_moe_topk_slots-19    ne=[4,1]: 25 20 2 19
ids ffn_moe_topk_slots-20    ne=[4,1]: 13 30 20 6
ids ffn_moe_topk_slots-21    ne=[4,1]: 22 1 3 9
ids ffn_moe_topk_slots-22    ne=[4,1]: 31 4 10 0
ids ffn_moe_topk_slots-23    ne=[4,1]: 15 5 22 14
ids ffn_moe_topk_slots-0     ne=[4,1]: 25 13 4 8
ids ffn_moe_topk_slots-1     ne=[4,1]: 21 27 12 15
ids ffn_moe_topk_slots-2     ne=[4,1]: 21 26 0 25
ids ffn_moe_topk_slots-3     ne=[4,1]: 22 14 15 27
ids ffn_moe_topk_slots-4     ne=[4,1]: 28 5 15 26
ids ffn_moe_topk_slots-5     ne=[4,1]: 22 2 24 27
ids ffn_moe_topk_slots-6     ne=[4,1]: 5 28 20 7
ids ffn_moe_topk_slots-7     ne=[4,1]: 16 13 3 14
ids ffn_moe_topk_slots-8     ne=[4,1]: 2 24 17 30
ids ffn_moe_topk_slots-9     ne=[4,1]: 3 19 9 8
ids ffn_moe_topk_slots-10    ne=[4,1]: 23 6 31 11
ids ffn_moe_topk_slots-11    ne=[4,1]: 31 4 2 26
ids ffn_moe_topk_slots-12    ne=[4,1]: 12 4 23 20
ids ffn_moe_topk_slots-13    ne=[4,1]: 15 18 29 12
ids ffn_moe_topk_slots-14    ne=[4,1]: 22 17 9 24
ids ffn_moe_topk_slots-15    ne=[4,1]: 14 27 13 2
ids ffn_moe_topk_slots-16    ne=[4,1]: 22 24 7 8
ids ffn_moe_topk_slots-17    ne=[4,1]: 19 4 1 11
ids ffn_moe_topk_slots-18    ne=[4,1]: 12 6 9 4
ids ffn_moe_topk_slots-19    ne=[4,1]: 20 15 5 2
ids ffn_moe_topk_slots-20    ne=[4,1]: 6 3 30 13
ids ffn_moe_topk_slots-21    ne=[4,1]: 22 3 9 25
ids ffn_moe_topk_slots-22    ne=[4,1]: 31 4 0 10
ids ffn_moe_topk_slots-23    ne=[4,1]: 15 5 14 22
ids ffn_moe_topk_slots-0     ne=[4,1]: 26 18 4 9
ids ffn_moe_topk_slots-1     ne=[4,1]: 6 28 31 9
ids ffn_moe_topk_slots-2     ne=[4,1]: 26 21 4 25
ids ffn_moe_topk_slots-3     ne=[4,1]: 15 28 14 23
ids ffn_moe_topk_slots-4     ne=[4,1]: 0 15 5 28
ids ffn_moe_topk_slots-5     ne=[4,1]: 22 24 25 1
ids ffn_moe_topk_slots-6     ne=[4,1]: 28 6 20 11
ids ffn_moe_topk_slots-7     ne=[4,1]: 30 4 10 7
ids ffn_moe_topk_slots-8     ne=[4,1]: 17 31 30 25
ids ffn_moe_topk_slots-9     ne=[4,1]: 9 30 23 25
ids ffn_moe_topk_slots-10    ne=[4,1]: 27 23 6 7
ids ffn_moe_topk_slots-11    ne=[4,1]: 4 5 31 30
ids ffn_moe_topk_slots-12    ne=[4,1]: 23 25 22 17
ids ffn_moe_topk_slots-13    ne=[4,1]: 29 15 24 18
ids ffn_moe_topk_slots-14    ne=[4,1]: 4 1 29 3
ids ffn_moe_topk_slots-15    ne=[4,1]: 17 28 26 9
ids ffn_moe_topk_slots-16    ne=[4,1]: 0 11 7 9
ids ffn_moe_topk_slots-17    ne=[4,1]: 5 1 30 11
ids ffn_moe_topk_slots-18    ne=[4,1]: 26 20 14 3
ids ffn_moe_topk_slots-19    ne=[4,1]: 13 20 5 6
ids ffn_moe_topk_slots-20    ne=[4,1]: 14 6 31 27
ids ffn_moe_topk_slots-21    ne=[4,1]: 22 2 3 9
ids ffn_moe_topk_slots-22    ne=[4,1]: 31 0 10 23
ids ffn_moe_topk_slots-23    ne=[4,1]: 9 15 5 21
ids ffn_moe_topk_slots-0     ne=[4,1]: 18 25 4 15
ids ffn_moe_topk_slots-1     ne=[4,1]: 6 31 1 15
ids ffn_moe_topk_slots-2     ne=[4,1]: 25 21 26 4
ids ffn_moe_topk_slots-3     ne=[4,1]: 3 15 14 18
ids ffn_moe_topk_slots-4     ne=[4,1]: 28 15 2 5
ids ffn_moe_topk_slots-5     ne=[4,1]: 22 24 26 1
ids ffn_moe_topk_slots-6     ne=[4,1]: 11 3 9 12
ids ffn_moe_topk_slots-7     ne=[4,1]: 4 31 3 15
ids ffn_moe_topk_slots-8     ne=[4,1]: 17 31 25 10
ids ffn_moe_topk_slots-9     ne=[4,1]: 9 30 11 6
ids ffn_moe_topk_slots-10    ne=[4,1]: 6 17 23 9
ids ffn_moe_topk_slots-11    ne=[4,1]: 4 31 13 30
ids ffn_moe_topk_slots-12    ne=[4,1]: 23 20 22 14
ids ffn_moe_topk_slots-13    ne=[4,1]: 15 18 4 21
ids ffn_moe_topk_slots-14    ne=[4,1]: 4 1 18 19
ids ffn_moe_topk_slots-15    ne=[4,1]: 9 26 28 13
ids ffn_moe_topk_slots-16    ne=[4,1]: 21 0 7 11
ids ffn_moe_topk_slots-17    ne=[4,1]: 25 1 11 7
ids ffn_moe_topk_slots-18    ne=[4,1]: 20 27 3 29
ids ffn_moe_topk_slots-19    ne=[4,1]: 31 8 12 5
ids ffn_moe_topk_slots-20    ne=[4,1]: 16 0 27 25
ids ffn_moe_topk_slots-21    ne=[4,1]: 22 2 18 25
ids ffn_moe_topk_slots-22    ne=[4,1]: 22 18 15 31
ids ffn_moe_topk_slots-23    ne=[4,1]: 15 5 0 24
ids ffn_moe_topk_slots-0     ne=[4,1]: 13 25 21 20
ids ffn_moe_topk_slots-1     ne=[4,1]: 30 16 12 20
ids ffn_moe_topk_slots-2     ne=[4,1]: 17 21 3 4
ids ffn_moe_topk_slots-3     ne=[4,1]: 7 22 0 1
ids ffn_moe_topk_slots-4     ne=[4,1]: 6 20 15 30
ids ffn_moe_topk_slots-5     ne=[4,1]: 0 22 24 17
ids ffn_moe_topk_slots-6     ne=[4,1]: 10 31 16 8
ids ffn_moe_topk_slots-7     ne=[4,1]: 13 14 17 24
ids ffn_moe_topk_slots-8     ne=[4,1]: 0 24 17 19
ids ffn_moe_topk_slots-9     ne=[4,1]: 19 21 9 3
ids ffn_moe_topk_slots-10    ne=[4,1]: 23 7 10 11
ids ffn_moe_topk_slots-11    ne=[4,1]: 9 4 30 27
ids ffn_moe_topk_slots-12    ne=[4,1]: 23 28 1 12
ids ffn_moe_topk_slots-13    ne=[4,1]: 15 21 19 4
ids ffn_moe_topk_slots-14    ne=[4,1]: 17 24 9 27
ids ffn_moe_topk_slots-15    ne=[4,1]: 13 3 18 4
ids ffn_moe_topk_slots-16    ne=[4,1]: 17 15 5 7
ids ffn_moe_topk_slots-17    ne=[4,1]: 1 20 13 29
ids ffn_moe_topk_slots-18    ne=[4,1]: 23 5 0 9
ids ffn_moe_topk_slots-19    ne=[4,1]: 29 12 8 2
ids ffn_moe_topk_slots-20    ne=[4,1]: 21 27 0 30
ids ffn_moe_topk_slots-21    ne=[4,1]: 22 27 21 12
ids ffn_moe_topk_slots-22    ne=[4,1]: 18 10 31 22
ids ffn_moe_topk_slots-23    ne=[4,1]: 15 5 0 22
ids ffn_moe_topk_slots-0     ne=[4,1]: 18 9 24 16
ids ffn_moe_topk_slots-1     ne=[4,1]: 10 4 16 19
ids ffn_moe_topk_slots-2     ne=[4,1]: 22 13 26 3
ids ffn_moe_topk_slots-3     ne=[4,1]: 5 14 28 30
ids ffn_moe_topk_slots-4     ne=[4,1]: 26 5 30 15
ids ffn_moe_topk_slots-5     ne=[4,1]: 16 25 22 3
ids ffn_moe_topk_slots-6     ne=[4,1]: 4 17 12 13
ids ffn_moe_topk_slots-7     ne=[4,1]: 31 18 21 11
ids ffn_moe_topk_slots-8     ne=[4,1]: 29 31 14 25
ids ffn_moe_topk_slots-9     ne=[4,1]: 6 30 11 29
ids ffn_moe_topk_slots-10    ne=[4,1]: 31 1 19 4
ids ffn_moe_topk_slots-11    ne=[4,1]: 13 2 31 26
ids ffn_moe_topk_slots-12    ne=[4,1]: 4 20 27 25
ids ffn_moe_topk_slots-13    ne=[4,1]: 24 20 29 7
ids ffn_moe_topk_slots-14    ne=[4,1]: 1 4 27 29
ids ffn_moe_topk_slots-15    ne=[4,1]: 26 0 23 15
ids ffn_moe_topk_slots-16    ne=[4,1]: 11 0 17 21
ids ffn_moe_topk_slots-17    ne=[4,1]: 19 1 27 25
ids ffn_moe_topk_slots-18    ne=[4,1]: 6 19 9 14
ids ffn_moe_topk_slots-19    ne=[4,1]: 25 2 20 22
ids ffn_moe_topk_slots-20    ne=[4,1]: 27 13 20 16
ids ffn_moe_topk_slots-21    ne=[4,1]: 1 22 25 8
ids ffn_moe_topk_slots-22    ne=[4,1]: 4 10 31 8
ids ffn_moe_topk_slots-23    ne=[4,1]: 15 5 13 30
ids ffn_moe_topk_slots-0     ne=[4,1]: 15 25 16 20
ids ffn_moe_topk_slots-1     ne=[4,1]: 30 21 27 3
ids ffn_moe_topk_slots-2     ne=[4,1]: 28 3 13 19
ids ffn_moe_topk_slots-3     ne=[4,1]: 5 22 14 28
ids ffn_moe_topk_slots-4     ne=[4,1]: 26 27 5 1
ids ffn_moe_topk_slots-5     ne=[4,1]: 2 25 16 3
ids ffn_moe_topk_slots-6     ne=[4,1]: 20 12 15 23
ids ffn_moe_topk_slots-7     ne=[4,1]: 3 18 30 31
ids ffn_moe_topk_slots-8     ne=[4,1]: 8 14 29 21
ids ffn_moe_topk_slots-9     ne=[4,1]: 6 11 30 28
ids ffn_moe_topk_slots-10    ne=[4,1]: 31 4 16 18
ids ffn_moe_topk_slots-11    ne=[4,1]: 31 2 13 12
ids ffn_moe_topk_slots-12    ne=[4,1]: 30 27 4 5
ids ffn_moe_topk_slots-13    ne=[4,1]: 22 10 20 6
ids ffn_moe_topk_slots-14    ne=[4,1]: 17 28 19 3
ids ffn_moe_topk_slots-15    ne=[4,1]: 27 15 18 23
ids ffn_moe_topk_slots-16    ne=[4,1]: 17 0 11 7
ids ffn_moe_topk_slots-17    ne=[4,1]: 19 30 27 1
ids ffn_moe_topk_slots-18    ne=[4,1]: 6 26 12 28
ids ffn_moe_topk_slots-19    ne=[4,1]: 20 15 5 2
ids ffn_moe_topk_slots-20    ne=[4,1]: 27 3 6 13
ids ffn_moe_topk_slots-21    ne=[4,1]: 25 22 15 0
ids ffn_moe_topk_slots-22    ne=[4,1]: 4 10 31 8
ids ffn_moe_topk_slots-23    ne=[4,1]: 15 5 19 13
ids ffn_moe_topk_slots-0     ne=[4,1]: 18 3 9 8
ids ffn_moe_topk_slots-1     ne=[4,1]: 17 0 4 30
ids ffn_moe_topk_slots-2     ne=[4,1]: 17 6 26 27
ids ffn_moe_topk_slots-3     ne=[4,1]: 9 14 5 28
ids ffn_moe_topk_slots-4     ne=[4,1]: 1 26 5 19
ids ffn_moe_topk_slots-5     ne=[4,1]: 16 25 3 20
ids ffn_moe_topk_slots-6     ne=[4,1]: 9 20 17 0
ids ffn_moe_topk_slots-7     ne=[4,1]: 30 18 11 3
ids ffn_moe_topk_slots-8     ne=[4,1]: 31 29 14 17
ids ffn_moe_topk_slots-9     ne=[4,1]: 6 30 11 29
ids ffn_moe_topk_slots-10    ne=[4,1]: 31 4 1 0
ids ffn_moe_topk_slots-11    ne=[4,1]: 13 7 2 31
ids ffn_moe_topk_slots-12    ne=[4,1]: 27 4 30 19
ids ffn_moe_topk_slots-13    ne=[4,1]: 22 24 6 20
ids ffn_moe_topk_slots-14    ne=[4,1]: 19 1 4 28
ids ffn_moe_topk_slots-15    ne=[4,1]: 26 9 23 15
ids ffn_moe_topk_slots-16    ne=[4,1]: 11 0 21 24
ids ffn_moe_topk_slots-17    ne=[4,1]: 25 27 30 1
ids ffn_moe_topk_slots-18    ne=[4,1]: 26 20 14 11
ids ffn_moe_topk_slots-19    ne=[4,1]: 15 20 5 3
ids ffn_moe_topk_slots-20    ne=[4,1]: 27 6 10 31
ids ffn_moe_topk_slots-21    ne=[4,1]: 2 25 22 24
ids ffn_moe_topk_slots-22    ne=[4,1]: 0 10 31 4
ids ffn_moe_topk_slots-23    ne=[4,1]: 15 5 7 9
ids ffn_moe_topk_slots-0     ne=[4,1]: 18 27 6 10
ids ffn_moe_topk_slots-1     ne=[4,1]: 31 1 4 11
ids ffn_moe_topk_slots-2     ne=[4,1]: 17 13 26 12
ids ffn_moe_topk_slots-3     ne=[4,1]: 14 28 18 5
ids ffn_moe_topk_slots-4     ne=[4,1]: 26 28 5 8
ids ffn_moe_topk_slots-5     ne=[4,1]: 25 3 16 24
ids ffn_moe_topk_slots-6     ne=[4,1]: 11 0 25 28
ids ffn_moe_topk_slots-7     ne=[4,1]: 4 3 9 18
ids ffn_moe_topk_slots-8     ne=[4,1]: 25 31 14 29
ids ffn_moe_topk_slots-9     ne=[4,1]: 6 11 28 30
ids ffn_moe_topk_slots-10    ne=[4,1]: 31 1 0 17
ids ffn_moe_topk_slots-11    ne=[4,1]: 31 13 4 18
ids ffn_moe_topk_slots-12    ne=[4,1]: 27 4 0 5
ids ffn_moe_topk_slots-13    ne=[4,1]: 22 26 24 6
ids ffn_moe_topk_slots-14    ne=[4,1]: 19 4 1 28
ids ffn_moe_topk_slots-15    ne=[4,1]: 23 26 9 15
ids ffn_moe_topk_slots-16    ne=[4,1]: 0 21 11 7
ids ffn_moe_topk_slots-17    ne=[4,1]: 25 1 20 7
ids ffn_moe_topk_slots-18    ne=[4,1]: 20 27 29 5
ids ffn_moe_topk_slots-19    ne=[4,1]: 31 3 10 8
ids ffn_moe_topk_slots-20    ne=[4,1]: 16 31 0 25
ids ffn_moe_topk_slots-21    ne=[4,1]: 18 2 22 8
ids ffn_moe_topk_slots-22    ne=[4,1]: 22 15 31 7
ids ffn_moe_topk_slots-23    ne=[4,1]: 0 15 5 24
ids ffn_moe_topk_slots-0     ne=[4,1]: 25 22 10 6
ids ffn_moe_topk_slots-1     ne=[4,1]: 16 30 20 10
ids ffn_moe_topk_slots-2     ne=[4,1]: 3 19 24 25
ids ffn_moe_topk_slots-3     ne=[4,1]: 5 12 14 28
ids ffn_moe_topk_slots-4     ne=[4,1]: 30 26 5 11
ids ffn_moe_topk_slots-5     ne=[4,1]: 16 30 25 22
ids ffn_moe_topk_slots-6     ne=[4,1]: 31 4 12 21
ids ffn_moe_topk_slots-7     ne=[4,1]: 31 17 24 18
ids ffn_moe_topk_slots-8     ne=[4,1]: 0 7 13 17
ids ffn_moe_topk_slots-9     ne=[4,1]: 29 21 6 11
ids ffn_moe_topk_slots-10    ne=[4,1]: 31 6 26 7
ids ffn_moe_topk_slots-11    ne=[4,1]: 2 31 30 25
ids ffn_moe_topk_slots-12    ne=[4,1]: 4 20 27 23
ids ffn_moe_topk_slots-13    ne=[4,1]: 7 15 23 3
ids ffn_moe_topk_slots-14    ne=[4,1]: 27 28 6 2
ids ffn_moe_topk_slots-15    ne=[4,1]: 18 15 6 2
ids ffn_moe_topk_slots-16    ne=[4,1]: 17 3 7 27
ids ffn_moe_topk_slots-17    ne=[4,1]: 19 1 27 18
ids ffn_moe_topk_slots-18    ne=[4,1]: 6 2 9 19
ids ffn_moe_topk_slots-19    ne=[4,1]: 25 2 20 5
ids ffn_moe_topk_slots-20    ne=[4,1]: 20 27 13 29
ids ffn_moe_topk_slots-21    ne=[4,1]: 1 22 25 12
ids ffn_moe_topk_slots-22    ne=[4,1]: 4 8 10 31
ids ffn_moe_topk_slots-23    ne=[4,1]: 15 5 22 13
ids ffn_moe_topk_slots-0     ne=[4,1]: 4 25 15 13
ids ffn_moe_topk_slots-1     ne=[4,1]: 27 22 6 12
ids ffn_moe_topk_slots-2     ne=[4,1]: 3 18 1 25
ids ffn_moe_topk_slots-3     ne=[4,1]: 22 5 14 28
ids ffn_moe_topk_slots-4     ne=[4,1]: 8 26 5 30
ids ffn_moe_topk_slots-5     ne=[4,1]: 2 25 16 3
ids ffn_moe_topk_slots-6     ne=[4,1]: 20 12 31 6
ids ffn_moe_topk_slots-7     ne=[4,1]: 3 18 31 30
ids ffn_moe_topk_slots-8     ne=[4,1]: 29 14 8 31
ids ffn_moe_topk_slots-9     ne=[4,1]: 6 30 11 29
ids ffn_moe_topk_slots-10    ne=[4,1]: 31 4 16 20
ids ffn_moe_topk_slots-11    ne=[4,1]: 31 2 29 13
ids ffn_moe_topk_slots-12    ne=[4,1]: 27 4 30 20
ids ffn_moe_topk_slots-13    ne=[4,1]: 22 3 20 6
ids ffn_moe_topk_slots-14    ne=[4,1]: 17 19 28 26
ids ffn_moe_topk_slots-15    ne=[4,1]: 27 15 18 23
ids ffn_moe_topk_slots-16    ne=[4,1]: 0 21 17 27
ids ffn_moe_topk_slots-17    ne=[4,1]: 1 19 25 27
ids ffn_moe_topk_slots-18    ne=[4,1]: 26 12 27 6
ids ffn_moe_topk_slots-19    ne=[4,1]: 15 20 31 3
ids ffn_moe_topk_slots-20    ne=[4,1]: 3 16 6 27
ids ffn_moe_topk_slots-21    ne=[4,1]: 25 2 18 22
ids ffn_moe_topk_slots-22    ne=[4,1]: 10 15 4 8
ids ffn_moe_topk_slots-23    ne=[4,1]: 15 5 0 27
ids ffn_moe_topk_slots-0     ne=[4,1]: 18 9 3 16
ids ffn_moe_topk_slots-1     ne=[4,1]: 0 17 4 30
ids ffn_moe_topk_slots-2     ne=[4,1]: 17 6 22 27
ids ffn_moe_topk_slots-3     ne=[4,1]: 9 14 5 28
ids ffn_moe_topk_slots-4     ne=[4,1]: 5 26 1 31
ids ffn_moe_topk_slots-5     ne=[4,1]: 16 25 3 20
ids ffn_moe_topk_slots-6     ne=[4,1]: 9 17 20 13
ids ffn_moe_topk_slots-7     ne=[4,1]: 16 18 11 31
ids ffn_moe_topk_slots-8     ne=[4,1]: 2 29 14 25
ids ffn_moe_topk_slots-9     ne=[4,1]: 6 3 11 29
ids ffn_moe_topk_slots-10    ne=[4,1]: 31 4 6 0
ids ffn_moe_topk_slots-11    ne=[4,1]: 31 26 2 29
ids ffn_moe_topk_slots-12    ne=[4,1]: 4 27 10 20
ids ffn_moe_topk_slots-13    ne=[4,1]: 22 17 26 15
ids ffn_moe_topk_slots-14    ne=[4,1]: 22 5 19 28
ids ffn_moe_topk_slots-15    ne=[4,1]: 14 15 20 2
ids ffn_moe_topk_slots-16    ne=[4,1]: 22 23 6 3
ids ffn_moe_topk_slots-17    ne=[4,1]: 29 18 4 9
ids ffn_moe_topk_slots-18    ne=[4,1]: 30 26 11 17
ids ffn_moe_topk_slots-19    ne=[4,1]: 15 13 8 3
ids ffn_moe_topk_slots-20    ne=[4,1]: 10 27 6 31
ids ffn_moe_topk_slots-21    ne=[4,1]: 2 25 18 22
ids ffn_moe_topk_slots-22    ne=[4,1]: 0 10 15 31
ids ffn_moe_topk_slots-23    ne=[4,1]: 15 27 7 5
ids ffn_moe_topk_slots-0     ne=[4,1]: 18 27 4 12
ids ffn_moe_topk_slots-1     ne=[4,1]: 31 1 11 4
ids ffn_moe_topk_slots-2     ne=[4,1]: 17 13 12 22
ids ffn_moe_topk_slots-3     ne=[4,1]: 14 28 9 5
ids ffn_moe_topk_slots-4     ne=[4,1]: 26 28 5 11
ids ffn_moe_topk_slots-5     ne=[4,1]: 25 16 3 24
ids ffn_moe_topk_slots-6     ne=[4,1]: 11 0 21 25
ids ffn_moe_topk_slots-7     ne=[4,1]: 31 4 18 3
ids ffn_moe_topk_slots-8     ne=[4,1]: 29 31 25 14
ids ffn_moe_topk_slots-9     ne=[4,1]: 6 30 11 24
ids ffn_moe_topk_slots-10    ne=[4,1]: 31 6 20 1
ids ffn_moe_topk_slots-11    ne=[4,1]: 31 13 2 29
ids ffn_moe_topk_slots-12    ne=[4,1]: 27 4 20 17
ids ffn_moe_topk_slots-13    ne=[4,1]: 3 22 15 23
ids ffn_moe_topk_slots-14    ne=[4,1]: 4 19 28 1
ids ffn_moe_topk_slots-15    ne=[4,1]: 26 18 9 23
ids ffn_moe_topk_slots-16    ne=[4,1]: 21 0 11 27
ids ffn_moe_topk_slots-17    ne=[4,1]: 25 20 1 7
ids ffn_moe_topk_slots-18    ne=[4,1]: 20 27 29 3
ids ffn_moe_topk_slots-19    ne=[4,1]: 31 3 10 8
ids ffn_moe_topk_slots-20    ne=[4,1]: 0 16 25 31
ids ffn_moe_topk_slots-21    ne=[4,1]: 22 18 2 8
ids ffn_moe_topk_slots-22    ne=[4,1]: 22 15 31 7
ids ffn_moe_topk_slots-23    ne=[4,1]: 0 15 5 25
ids ffn_moe_topk_slots-0     ne=[4,1]: 25 2 21 20
ids ffn_moe_topk_slots-1     ne=[4,1]: 16 24 20 30
ids ffn_moe_topk_slots-2     ne=[4,1]: 3 24 15 0
ids ffn_moe_topk_slots-3     ne=[4,1]: 12 30 14 7
ids ffn_moe_topk_slots-4     ne=[4,1]: 12 30 5 6
ids ffn_moe_topk_slots-5     ne=[4,1]: 17 24 27 14
ids ffn_moe_topk_slots-6     ne=[4,1]: 6 31 10 16
ids ffn_moe_topk_slots-7     ne=[4,1]: 17 30 24 28
ids ffn_moe_topk_slots-8     ne=[4,1]: 0 17 26 10
ids ffn_moe_topk_slots-9     ne=[4,1]: 9 29 22 23
ids ffn_moe_topk_slots-10    ne=[4,1]: 11 23 14 31
ids ffn_moe_topk_slots-11    ne=[4,1]: 17 4 11 30
ids ffn_moe_topk_slots-12    ne=[4,1]: 12 24 23 4
ids ffn_moe_topk_slots-13    ne=[4,1]: 11 15 20 14
ids ffn_moe_topk_slots-14    ne=[4,1]: 27 21 6 11
ids ffn_moe_topk_slots-15    ne=[4,1]: 18 8 6 2
ids ffn_moe_topk_slots-16    ne=[4,1]: 17 12 10 27
ids ffn_moe_topk_slots-17    ne=[4,1]: 1 20 13 30
ids ffn_moe_topk_slots-18    ne=[4,1]: 8 23 2 5
ids ffn_moe_topk_slots-19    ne=[4,1]: 2 12 5 25
ids ffn_moe_topk_slots-20    ne=[4,1]: 21 20 13 0
ids ffn_moe_topk_slots-21    ne=[4,1]: 22 1 27 21
ids ffn_moe_topk_slots-22    ne=[4,1]: 18 31 19 10
ids ffn_moe_topk_slots-23    ne=[4,1]: 15 5 22 27
ids ffn_moe_topk_slots-0     ne=[4,1]: 20 25 8 2
ids ffn_moe_topk_slots-1     ne=[4,1]: 10 16 0 30
ids ffn_moe_topk_slots-2     ne=[4,1]: 3 24 0 21
ids ffn_moe_topk_slots-3     ne=[4,1]: 14 2 30 28
ids ffn_moe_topk_slots-4     ne=[4,1]: 12 5 30 28
ids ffn_moe_topk_slots-5     ne=[4,1]: 11 17 27 22
ids ffn_moe_topk_slots-6     ne=[4,1]: 6 4 31 12
ids ffn_moe_topk_slots-7     ne=[4,1]: 17 30 21 28
ids ffn_moe_topk_slots-8     ne=[4,1]: 10 28 17 7
ids ffn_moe_topk_slots-9     ne=[4,1]: 9 22 29 23
ids ffn_moe_topk_slots-10    ne=[4,1]: 11 23 27 31
ids ffn_moe_topk_slots-11    ne=[4,1]: 17 31 5 4
ids ffn_moe_topk_slots-12    ne=[4,1]: 12 22 24 4
ids ffn_moe_topk_slots-13    ne=[4,1]: 15 11 18 23
ids ffn_moe_topk_slots-14    ne=[4,1]: 27 21 11 6
ids ffn_moe_topk_slots-15    ne=[4,1]: 8 18 6 2
ids ffn_moe_topk_slots-16    ne=[4,1]: 17 12 27 10
ids ffn_moe_topk_slots-17    ne=[4,1]: 1 19 30 20
ids ffn_moe_topk_slots-18    ne=[4,1]: 6 9 19 2
ids ffn_moe_topk_slots-19    ne=[4,1]: 5 2 25 20
ids ffn_moe_topk_slots-20    ne=[4,1]: 13 20 28 27
ids ffn_moe_topk_slots-21    ne=[4,1]: 1 22 14 25
ids ffn_moe_topk_slots-22    ne=[4,1]: 26 4 31 10
ids ffn_moe_topk_slots-23    ne=[4,1]: 15 5 14 23
ids ffn_moe_topk_slots-0     ne=[4,1]: 18 9 7 5
ids ffn_moe_topk_slots-1     ne=[4,1]: 4 28 21 31
ids ffn_moe_topk_slots-2     ne=[4,1]: 17 26 12 22
ids ffn_moe_topk_slots-3     ne=[4,1]: 9 14 15 4
ids ffn_moe_topk_slots-4     ne=[4,1]: 28 5 19 26
ids ffn_moe_topk_slots-5     ne=[4,1]: 16 25 19 3
ids ffn_moe_topk_slots-6     ne=[4,1]: 13 17 4 11
ids ffn_moe_topk_slots-7     ne=[4,1]: 18 30 31 4
ids ffn_moe_topk_slots-8     ne=[4,1]: 31 25 29 27
ids ffn_moe_topk_slots-9     ne=[4,1]: 6 29 30 16
ids ffn_moe_topk_slots-10    ne=[4,1]: 31 1 4 19
ids ffn_moe_topk_slots-11    ne=[4,1]: 31 13 7 2
ids ffn_moe_topk_slots-12    ne=[4,1]: 12 4 27 20
ids ffn_moe_topk_slots-13    ne=[4,1]: 24 14 15 23
ids ffn_moe_topk_slots-14    ne=[4,1]: 1 4 19 29
ids ffn_moe_topk_slots-15    ne=[4,1]: 26 9 2 8
ids ffn_moe_topk_slots-16    ne=[4,1]: 11 0 21 8
ids ffn_moe_topk_slots-17    ne=[4,1]: 25 30 20 7
ids ffn_moe_topk_slots-18    ne=[4,1]: 27 20 14 29
ids ffn_moe_topk_slots-19    ne=[4,1]: 3 31 13 5
ids ffn_moe_topk_slots-20    ne=[4,1]: 16 31 25 19
ids ffn_moe_topk_slots-21    ne=[4,1]: 2 18 17 22
ids ffn_moe_topk_slots-22    ne=[4,1]: 22 15 13 3
ids ffn_moe_topk_slots-23    ne=[4,1]: 16 5 28 15
ids ffn_moe_topk_slots-0     ne=[4,1]: 30 6 10 17
ids ffn_moe_topk_slots-1     ne=[4,1]: 13 29 18 25
ids ffn_moe_topk_slots-2     ne=[4,1]: 29 8 18 23
ids ffn_moe_topk_slots-3     ne=[4,1]: 7 19 15 1
ids ffn_moe_topk_slots-4     ne=[4,1]: 10 20 6 23
ids ffn_moe_topk_slots-5     ne=[4,1]: 0 10 14 24
ids ffn_moe_topk_slots-6     ne=[4,1]: 10 21 6 5
ids ffn_moe_topk_slots-7     ne=[4,1]: 19 24 13 29
ids ffn_moe_topk_slots-8     ne=[4,1]: 0 24 13 26
ids ffn_moe_topk_slots-9     ne=[4,1]: 21 14 9 29
ids ffn_moe_topk_slots-10    ne=[4,1]: 11 26 23 10
ids ffn_moe_topk_slots-11    ne=[4,1]: 9 17 4 11
ids ffn_moe_topk_slots-12    ne=[4,1]: 1 23 12 24
ids ffn_moe_topk_slots-13    ne=[4,1]: 19 15 11 21
ids ffn_moe_topk_slots-14    ne=[4,1]: 9 24 26 21
ids ffn_moe_topk_slots-15    ne=[4,1]: 31 3 2 13
ids ffn_moe_topk_slots-16    ne=[4,1]: 15 20 24 27
ids ffn_moe_topk_slots-17    ne=[4,1]: 8 4 28 1
ids ffn_moe_topk_slots-18    ne=[4,1]: 15 16 23 3
ids ffn_moe_topk_slots-19    ne=[4,1]: 29 12 7 16
ids ffn_moe_topk_slots-20    ne=[4,1]: 11 7 30 21
ids ffn_moe_topk_slots-21    ne=[4,1]: 27 22 1 8
ids ffn_moe_topk_slots-22    ne=[4,1]: 14 31 18 16
ids ffn_moe_topk_slots-23    ne=[4,1]: 22 31 15 17
ids ffn_moe_topk_slots-0     ne=[4,1]: 15 7 1 17
ids ffn_moe_topk_slots-1     ne=[4,1]: 27 16 12 26
ids ffn_moe_topk_slots-2     ne=[4,1]: 29 8 17 31
ids ffn_moe_topk_slots-3     ne=[4,1]: 19 27 7 0
ids ffn_moe_topk_slots-4     ne=[4,1]: 6 20 18 12
ids ffn_moe_topk_slots-5     ne=[4,1]: 0 10 17 24
ids ffn_moe_topk_slots-6     ne=[4,1]: 10 16 8 5
ids ffn_moe_topk_slots-7     ne=[4,1]: 14 13 24 5
ids ffn_moe_topk_slots-8     ne=[4,1]: 24 0 19 13
ids ffn_moe_topk_slots-9     ne=[4,1]: 19 21 14 8
ids ffn_moe_topk_slots-10    ne=[4,1]: 26 23 7 10
ids ffn_moe_topk_slots-11    ne=[4,1]: 9 27 30 4
ids ffn_moe_topk_slots-12    ne=[4,1]: 1 23 28 12
ids ffn_moe_topk_slots-13    ne=[4,1]: 19 15 21 11
ids ffn_moe_topk_slots-14    ne=[4,1]: 9 24 18 21
ids ffn_moe_topk_slots-15    ne=[4,1]: 31 3 13 2
ids ffn_moe_topk_slots-16    ne=[4,1]: 20 15 5 24
ids ffn_moe_topk_slots-17    ne=[4,1]: 8 28 1 4
ids ffn_moe_topk_slots-18    ne=[4,1]: 0 23 15 9
ids ffn_moe_topk_slots-19    ne=[4,1]: 29 12 2 5
ids ffn_moe_topk_slots-20    ne=[4,1]: 11 13 30 21
ids ffn_moe_topk_slots-21    ne=[4,1]: 22 1 27 8
ids ffn_moe_topk_slots-22    ne=[4,1]: 31 18 10 14
ids ffn_moe_topk_slots-23    ne=[4,1]: 15 5 22 25
mode=streamed prompt_toks=23 reused=0 generated=24 n_ubatch=128
prefill: 7.92 s (2.91 tok/s)
decode:  17.86 s (1.34 tok/s)
io: cb_calls=600 decode_uses=2304 decode_misses=583 (hit 0.747) prefill_uses=2120 prefill_misses=506
io: pf_calls=23 pf_experts=502 union avg=21.8 min=17 max=27 fill=6.93 s (pool 32 slots)
io: prefetch_issued=863 prefetch_hits=261 prefetch_used=619 stall=14.09 s total_read=25871.3 MB avg_bw=1004 MB/s
io: read_work=191.38 s preads=11712 per_stream_bw=135 MB/s
io: guard pressure_drops=6 cap_evictions=72 final_cap=5
mem: peak_rss=4.08 GB phys_footprint=5.78 GB
therm: nominal
logits_hash=8f6ac0395357eee5
text: <|channel|>analysis<|message|>We need to write a Python function that merges two sorted lists into one sorted list without using sort(). So
