ttft: total=12702 ms | template=0 tokenize=2 kv_match=0 prefill=12699 first_sample=1
ttft: ctx_held=0 rendered=296 reused=0 reprefill=296 (100.0% of rendered)
ttft: diverged_at=0 kv_had=-1|| rerender_has=200006|<|start|>|
mode=streamed prompt_toks=296 reused=0 generated=200 n_ubatch=128
prefill: 12.70 s (23.31 tok/s)
decode:  22.01 s (9.09 tok/s)
io: cb_calls=4872 decode_uses=19200 decode_misses=1782 (hit 0.907) prefill_uses=27236 prefill_misses=1599
io: pf_calls=69 pf_experts=1595 union avg=23.1 min=14 max=31 fill=5.94 s (pool 32 slots)
io: prefetch_issued=267 prefetch_hits=78 prefetch_used=248 stall=10.75 s total_read=48349.7 MB avg_bw=1393 MB/s
io: read_work=111.20 s preads=21888 per_stream_bw=435 MB/s
mem: peak_rss=11.54 GB phys_footprint=6.75 GB
therm: nominal
logits_hash=95bbde6ba90ae818
text: <|channel|>analysis<|message|>We need to explain Earth's formation and why it can support life. Provide concise but thorough explanation. Use headings, bullet points. Should cover: solar nebula, accretion, differentiation, cooling, atmosphere, water, magnetic field, plate tectonics, stable climate, etc. Also mention why Earth is habitable: distance from Sun, size, gravity, magnetic field, atmosphere, water, etc. Provide simple language.<|end|><|start|>assistant<|channel|>final<|message|>**How Earth Came to Be**

| Stage | What Happened | Key Result |
|-------|---------------|------------|
| **Solar Nebula (≈4.6 billion yr ago)** | A rotating cloud of gas and dust collapsed under gravity, forming a protostar (the Sun) at the center. | Sun ignites; material flattens into a protoplanetary disk. |
| **Planetesimal Formation** | Dust grains stuck together, grew into kilometer‑sized “planetes

<<<TURN>>>
ttft: total=8220 ms | template=0 tokenize=17 kv_match=0 prefill=8202 first_sample=1
ttft: ctx_held=496 rendered=421 reused=296 reprefill=125 (29.7% of rendered)
ttft: diverged_at=296 kv_had=200005|<|channel|>| rerender_has=200008|<|message|>|
mode=streamed prompt_toks=421 reused=296 generated=200 n_ubatch=128
prefill: 8.20 s (15.24 tok/s)
decode:  23.99 s (8.34 tok/s)
io: cb_calls=4824 decode_uses=19200 decode_misses=2537 (hit 0.868) prefill_uses=11504 prefill_misses=572
io: pf_calls=23 pf_experts=570 union avg=24.8 min=16 max=32 fill=5.15 s (pool 32 slots)
io: prefetch_issued=363 prefetch_hits=171 prefetch_used=295 stall=12.79 s total_read=46017.1 MB avg_bw=1430 MB/s
io: read_work=120.01 s preads=20832 per_stream_bw=383 MB/s
io: guard pressure_drops=1 cap_evictions=48 final_cap=14
mem: peak_rss=11.54 GB phys_footprint=6.12 GB
therm: nominal
logits_hash=81e84aa667640f55
text: <|channel|>analysis<|message|>The user wants a summary in three bullet points. They previously asked "Explain how the Earth formed and why it can support life." The assistant gave a table. Now they want a summary in three bullet points. So we need to produce three bullet points summarizing Earth formation and why it can support life. Should be concise. Let's do that.<|end|><|start|>assistant<|channel|>final<|message|>- **Formation**: About 4.6 billion years ago, a rotating cloud of gas and dust collapsed under gravity, forming the Sun and a surrounding protoplanetary disk; dust grains in the disk accreted into planetesimals, which merged into the Earth.  
- **Key conditions**: The Earth’s distance from the Sun places it in the “habitable zone,” giving it a temperate climate; its gravity and magnetic field protect the surface from harmful solar radiation and retain an atmosphere.  
- **Life‑supporting features**: A stable, water‑
