llmstream: 24 layers, 16 slots/layer, 6 tensors/expert, 13.25 MB/expert, prefetch=on
llmstream: prefill pool 32 slots x 6 type-variants (424 MB), shared across layers
<<<READY>>>
ttft: total=3614 ms | template=0 tokenize=1 kv_match=0 prefill=3611 first_sample=1
ttft: ctx_held=324 rendered=296 reused=281 reprefill=15 (5.1% of rendered)
ttft: diverged_at=281 kv_had=62316|Say| rerender_has=176289|Explain|
tok 200005 |<|channel|>|
tok  35644 |analysis|
tok 200008 |<|message|>|
tok   2167 |We|
tok   1309 | need|
tok    316 | to|
tok  16644 | explain|
tok 146677 | Earth's|
tok  18704 | formation|
tok    326 | and|
tok   4436 | why|
tok    480 | it|
tok    665 | can|
tok   2498 | support|
tok   2615 | life|
tok     13 |.|
tok  51441 | Provide|
tok  82463 | concise|
tok    889 | but|
tok  21182 | thorough|
tok  30547 | explanation|
tok     13 |.|
tok   7649 | Use|
tok 118908 | headings|
tok     11 |,|
tok  31926 | bullet|
tok   5571 | points|
tok     13 |.|
tok  18057 | Should|
tok   4321 | cover|
tok  53678 | neb|
tok   1492 |ular|
tok  65604 | hypothesis|
tok     11 |,|
tok   1259 | acc|
tok    264 |re|
tok   1141 |tion|
tok     11 |,|
tok  94550 | differentiation|
tok     11 |,|
tok  34328 | cooling|
tok     11 |,|
tok  22137 | atmosphere|
tok     11 |,|
tok   3411 | water|
tok     11 |,|
tok  33641 | magnetic|
tok   3259 | field|
tok     11 |,|
tok  14651 | plate|
tok 172242 | tect|
tok 121926 |onics|
tok     11 |,|
tok  22105 | stable|
tok  16721 | climate|
tok     11 |,|
tok   5178 | etc|
tok     13 |.|
tok   8820 | Also|
tok   8633 | mention|
mode=streamed prompt_toks=296 reused=281 generated=60 n_ubatch=128
prefill: 3.61 s (4.15 tok/s)
decode:  7.64 s (7.86 tok/s)
io: cb_calls=1464 decode_uses=5760 decode_misses=466 (hit 0.919) prefill_uses=1384 prefill_misses=417
io: pf_calls=23 pf_experts=413 union avg=18.0 min=13 max=26 fill=3.04 s (pool 32 slots)
io: prefetch_issued=246 prefetch_hits=71 prefetch_used=228 stall=4.01 s total_read=14963.5 MB avg_bw=1330 MB/s
io: read_work=52.80 s preads=6774 per_stream_bw=283 MB/s
mem: peak_rss=11.13 GB phys_footprint=6.73 GB
therm: nominal
logits_hash=81ae688d0b3b58f1
text: <|channel|>analysis<|message|>We need to explain Earth's formation and why it can support life. Provide concise but thorough explanation. Use headings, bullet points. Should cover nebular hypothesis, accretion, differentiation, cooling, atmosphere, water, magnetic field, plate tectonics, stable climate, etc. Also mention
<<<READY>>>
