llmstream: 24 layers, 16 slots/layer, 6 tensors/expert, 13.25 MB/expert, prefetch=on
llmstream: prefill pool 32 slots x 6 type-variants (424 MB), shared across layers
<<<READY>>>
ttft: total=14432 ms | template=0 tokenize=1 kv_match=0 prefill=14429 first_sample=1
ttft: ctx_held=0 rendered=301 reused=0 reprefill=301 (100.0% of rendered)
ttft: diverged_at=0 kv_had=-1|| rerender_has=200006|<|start|>|
tok 200005 |<|channel|>|
tok  35644 |analysis|
tok 200008 |<|message|>|
tok   2167 |We|
tok   1309 | need|
tok    316 | to|
tok   5067 | write|
tok    261 | a|
tok  26534 | Python|
tok   1114 | function|
tok    484 | that|
tok 176901 | merges|
tok   1920 | two|
tok  20099 | sorted|
tok  19471 | lists|
tok   1511 | into|
tok   1001 | one|
tok  20099 | sorted|
tok   1562 | list|
tok   2935 | without|
tok   2360 | using|
tok   4506 | sort|
tok   1454 |().|
tok 127523 | Essentially|
tok   6365 | implement|
tok  20345 | merge|
tok   5983 | step|
tok    328 | of|
tok  20345 | merge|
tok   4506 | sort|
tok     13 |.|
tok  51441 | Provide|
tok   3490 | code|
tok     13 |.|
tok  18057 | Should|
tok   5318 | handle|
tok  19471 | lists|
tok    328 | of|
tok   1062 | any|
tok  38899 | comparable|
tok   8632 | elements|
tok     13 |.|
tok  51441 | Provide|
tok  30547 | explanation|
tok     13 |.|
tok  51441 | Provide|
tok   1114 | function|
tok  18960 | signature|
tok     25 |:|
tok  20345 | merge|
tok 104993 |_sorted|
tok  93609 |_lists|
tok   6271 |(a|
tok     11 |,|
tok    287 | b|
tok    741 |).|
tok   7649 | Use|
tok   1920 | two|
tok  58762 | pointers|
tok     13 |.|
mode=streamed prompt_toks=301 reused=0 generated=60 n_ubatch=128
prefill: 14.43 s (20.86 tok/s)
decode:  11.44 s (5.24 tok/s)
io: cb_calls=1512 decode_uses=5760 decode_misses=760 (hit 0.868) prefill_uses=27696 prefill_misses=1655
io: pf_calls=69 pf_experts=1651 union avg=23.9 min=14 max=31 fill=7.50 s (pool 32 slots)
io: prefetch_issued=337 prefetch_hits=126 prefetch_used=276 stall=7.14 s total_read=36474.3 MB avg_bw=1410 MB/s
io: read_work=114.11 s preads=16512 per_stream_bw=320 MB/s
mem: peak_rss=11.02 GB phys_footprint=6.75 GB
therm: nominal
logits_hash=98f74209ad375f96
text: <|channel|>analysis<|message|>We need to write a Python function that merges two sorted lists into one sorted list without using sort(). Essentially implement merge step of merge sort. Provide code. Should handle lists of any comparable elements. Provide explanation. Provide function signature: merge_sorted_lists(a, b). Use two pointers.
<<<READY>>>
ttft: total=8660 ms | template=0 tokenize=18 kv_match=0 prefill=8641 first_sample=1
ttft: ctx_held=361 rendered=380 reused=301 reprefill=79 (20.8% of rendered)
ttft: diverged_at=301 kv_had=200005|<|channel|>| rerender_has=200008|<|message|>|
tok 200005 |<|channel|>|
tok  35644 |analysis|
tok 200008 |<|message|>|
tok   2167 |We|
tok   1309 | need|
tok    316 | to|
tok   6052 | answer|
tok     25 |:|
tok   1058 | time|
tok  37588 | complexity|
tok    328 | of|
tok 107009 | merging|
tok   1920 | two|
tok  20099 | sorted|
tok  19471 | lists|
tok     13 |.|
tok   7744 | It's|
tok    532 | O|
tok   2406 |(n|
tok 139456 |+m|
tok    741 |).|
tok  51441 | Provide|
tok  14567 | brief|
tok  30547 | explanation|
tok     13 |.|
tok 200007 |<|end|>|
tok 200006 |<|start|>|
tok 173781 |assistant|
tok 200005 |<|channel|>|
tok  17196 |final|
tok 200008 |<|message|>|
tok    410 |**|
tok   1929 |Time|
tok  37588 | complexity|
tok 142760 |:**|
tok   4066 |  
|
tok    976 |The|
tok  20345 | merge|
tok   1114 | function|
tok  13719 | runs|
tok    306 | in|
tok   6240 | **|
tok     46 |O|
tok   2406 |(n|
tok  35971 | |
tok     10 |+|
tok  35971 | |
tok     76 |m|
tok  80066 |)**|
tok   1058 | time|
tok     11 |,|
tok   1919 | where|
tok   2700 | `|
tok     77 |n|
tok     63 |`|
tok    382 | is|
tok    290 | the|
tok   5517 | length|
tok    328 | of|
tok    290 | the|
mode=streamed prompt_toks=380 reused=301 generated=60 n_ubatch=128
prefill: 8.64 s (9.14 tok/s)
decode:  12.68 s (4.73 tok/s)
io: cb_calls=1464 decode_uses=5760 decode_misses=980 (hit 0.830) prefill_uses=7272 prefill_misses=640
io: pf_calls=23 pf_experts=640 union avg=27.8 min=22 max=32 fill=6.58 s (pool 32 slots)
io: prefetch_issued=1264 prefetch_hits=490 prefetch_used=990 stall=8.34 s total_read=38223.8 MB avg_bw=1793 MB/s
io: read_work=133.51 s preads=17304 per_stream_bw=286 MB/s
io: guard pressure_drops=3 cap_evictions=144 final_cap=10
mem: peak_rss=11.02 GB phys_footprint=4.85 GB
therm: nominal
logits_hash=ffba3493e609bc34
text: <|channel|>analysis<|message|>We need to answer: time complexity of merging two sorted lists. It's O(n+m). Provide brief explanation.<|end|><|start|>assistant<|channel|>final<|message|>**Time complexity:**  
The merge function runs in **O(n + m)** time, where `n` is the length of the
<<<READY>>>
