llmstream: 24 layers, 16 slots/layer, 6 tensors/expert, 13.25 MB/expert, prefetch=on
llmstream: prefill pool 32 slots x 6 type-variants (424 MB), shared across layers
<<<READY>>>
ttft: total=6995 ms | template=0 tokenize=2 kv_match=0 prefill=6991 first_sample=1
ttft: ctx_held=361 rendered=380 reused=301 reprefill=79 (20.8% of rendered)
ttft: diverged_at=301 kv_had=200005|<|channel|>| rerender_has=200008|<|message|>|
tok 200005 |<|channel|>|
tok  35644 |analysis|
tok 200008 |<|message|>|
tok   2167 |We|
tok   1309 | need|
tok    316 | to|
tok   6052 | answer|
tok     25 |:|
tok   1058 | time|
tok  37588 | complexity|
tok    328 | of|
tok 107009 | merging|
tok   1920 | two|
tok  20099 | sorted|
tok  19471 | lists|
tok     13 |.|
tok   7744 | It's|
tok    532 | O|
tok   2406 |(n|
tok 139456 |+m|
tok    741 |).|
tok  51441 | Provide|
tok  14567 | brief|
tok  30547 | explanation|
tok     13 |.|
tok 200007 |<|end|>|
tok 200006 |<|start|>|
tok 173781 |assistant|
tok 200005 |<|channel|>|
tok  17196 |final|
tok 200008 |<|message|>|
tok    410 |**|
tok   1929 |Time|
tok  37588 | complexity|
tok 142760 |:**|
tok   4066 |  
|
tok    976 |The|
tok  20345 | merge|
tok   1114 | function|
tok  13719 | runs|
tok    306 | in|
tok   6240 | **|
tok     46 |O|
tok   2406 |(n|
tok  35971 | |
tok     10 |+|
tok  35971 | |
tok     76 |m|
tok  80066 |)**|
tok   1058 | time|
tok     11 |,|
tok   1919 | where|
tok   2700 | `|
tok     77 |n|
tok     63 |`|
tok    382 | is|
tok    290 | the|
tok   5517 | length|
tok    328 | of|
tok    290 | the|
mode=streamed prompt_toks=380 reused=301 generated=60 n_ubatch=128
prefill: 6.99 s (11.30 tok/s)
decode:  12.97 s (4.63 tok/s)
io: cb_calls=1464 decode_uses=5760 decode_misses=923 (hit 0.840) prefill_uses=7272 prefill_misses=644
io: pf_calls=23 pf_experts=640 union avg=27.8 min=22 max=32 fill=4.94 s (pool 32 slots)
io: prefetch_issued=387 prefetch_hits=149 prefetch_used=342 stall=8.48 s total_read=25897.8 MB avg_bw=1297 MB/s
io: read_work=98.33 s preads=11724 per_stream_bw=263 MB/s
mem: peak_rss=11.11 GB phys_footprint=6.74 GB
therm: nominal
logits_hash=70efacc95c4ca3a6
text: <|channel|>analysis<|message|>We need to answer: time complexity of merging two sorted lists. It's O(n+m). Provide brief explanation.<|end|><|start|>assistant<|channel|>final<|message|>**Time complexity:**  
The merge function runs in **O(n + m)** time, where `n` is the length of the
<<<READY>>>
