llmstream: 24 layers, 16 slots/layer, 6 tensors/expert, 13.25 MB/expert, prefetch=on
llmstream: prefill pool 32 slots x 6 type-variants (424 MB), shared across layers
<<<READY>>>
ttft: total=13878 ms | template=0 tokenize=1 kv_match=0 prefill=13876 first_sample=1
ttft: ctx_held=0 rendered=301 reused=0 reprefill=301 (100.0% of rendered)
ttft: diverged_at=0 kv_had=-1|| rerender_has=200006|<|start|>|
tok 200005 |<|channel|>|
tok  35644 |analysis|
tok 200008 |<|message|>|
tok   2167 |We|
tok   1309 | need|
tok    316 | to|
tok   5067 | write|
tok    261 | a|
tok  26534 | Python|
tok   1114 | function|
tok    484 | that|
tok 176901 | merges|
tok   1920 | two|
tok  20099 | sorted|
tok  19471 | lists|
tok   1511 | into|
tok   1001 | one|
tok  20099 | sorted|
tok   1562 | list|
tok   2935 | without|
tok   2360 | using|
tok   4506 | sort|
tok   1454 |().|
tok 127523 | Essentially|
tok   6365 | implement|
tok  20345 | merge|
tok   5983 | step|
tok    328 | of|
tok  20345 | merge|
tok   4506 | sort|
tok     13 |.|
tok  51441 | Provide|
tok   3490 | code|
tok     13 |.|
tok  18057 | Should|
tok   5318 | handle|
tok  19471 | lists|
tok    328 | of|
tok   1062 | any|
tok  38899 | comparable|
tok   8632 | elements|
tok     13 |.|
tok  51441 | Provide|
tok  30547 | explanation|
tok     13 |.|
tok  51441 | Provide|
tok   1114 | function|
tok  18960 | signature|
tok     25 |:|
tok  20345 | merge|
tok 104993 |_sorted|
tok  93609 |_lists|
tok   6271 |(a|
tok     11 |,|
tok    287 | b|
tok    741 |).|
tok   7649 | Use|
tok   1920 | two|
tok  58762 | pointers|
tok     13 |.|
mode=streamed prompt_toks=301 reused=0 generated=60 n_ubatch=128
prefill: 13.88 s (21.69 tok/s)
decode:  11.38 s (5.27 tok/s)
io: cb_calls=1512 decode_uses=5760 decode_misses=766 (hit 0.867) prefill_uses=27696 prefill_misses=1655
io: pf_calls=69 pf_experts=1651 union avg=23.9 min=14 max=31 fill=6.97 s (pool 32 slots)
io: prefetch_issued=331 prefetch_hits=126 prefetch_used=275 stall=7.13 s total_read=36474.3 MB avg_bw=1444 MB/s
io: read_work=108.89 s preads=16512 per_stream_bw=335 MB/s
mem: peak_rss=11.17 GB phys_footprint=6.75 GB
therm: nominal
logits_hash=98f74209ad375f96
text: <|channel|>analysis<|message|>We need to write a Python function that merges two sorted lists into one sorted list without using sort(). Essentially implement merge step of merge sort. Provide code. Should handle lists of any comparable elements. Provide explanation. Provide function signature: merge_sorted_lists(a, b). Use two pointers.
<<<READY>>>
