ttft: total=4830 ms | template=0 tokenize=0 kv_match=0 prefill=4829 first_sample=1
ttft: ctx_held=0 rendered=27 reused=0 reprefill=27 (100.0% of rendered)
ttft: diverged_at=0 kv_had=-1|| rerender_has=200006|<|start|>|
tok 200005 |<|channel|>|
tok  35644 |analysis|
tok 200008 |<|message|>|
tok   2167 |We|
tok   1309 | need|
tok    316 | to|
tok   6052 | answer|
tok     25 |:|
tok   9809 | difference|
tok   2870 | between|
tok  10825 | stack|
tok    326 | and|
tok  13661 | queue|
tok     13 |.|
tok  51441 | Provide|
tok  30547 | explanation|
tok     25 |:|
tok  10825 | stack|
tok    451 | L|
tok  79012 |IFO|
tok     11 |,|
tok  13661 | queue|
tok 114077 | FIFO|
tok     11 |,|
tok  12084 | operations|
tok   9349 | push|
tok 195932 |/pop|
tok  10217 | vs|
tok 117229 | enqueue|
tok  32262 |/de|
tok   9409 |queue|
tok     11 |,|
tok   1199 | use|
tok   7911 | cases|
tok     11 |,|
tok   5178 | etc|
tok     13 |.|
tok  51441 | Provide|
tok  15652 | examples|
tok     13 |.|
tok 200007 |<|end|>|
tok 200006 |<|start|>|
tok 173781 |assistant|
tok 200005 |<|channel|>|
tok  17196 |final|
tok 200008 |<|message|>|
tok    410 |**|
tok   5622 |Stack|
tok  10217 | vs|
tok     13 |.|
tok  35581 | Queue|
tok   1127 | –|
tok    290 | the|
tok   3464 | big|
tok   8723 | picture|
tok  91587 |**

|
tok     91 |||
tok  29261 | Feature|
tok   1022 | ||
tok  25134 | Stack|
tok   1022 | ||
tok  35581 | Queue|
tok  15972 | |
|
tok     91 |||
tok  55446 |---------|
tok     91 |||
tok  39028 |-------|
tok     91 |||
tok  39028 |-------|
tok  14876 ||
|
tok     91 |||
tok   6240 | **|
tok   4861 |Order|
tok    328 | of|
tok   8632 | elements|
tok    410 |**|
tok   1022 | ||
tok   6240 | **|
tok   6949 |Last|
tok  50005 |‑|
tok    637 |In|
tok     11 |,|
tok   8338 | First|
tok  50005 |‑|
tok   3227 |Out|
tok    350 | (|
tok     43 |L|
tok  79012 |IFO|
tok  80066 |)**|
tok   1127 | –|
tok    290 | the|
tok   1645 | most|
tok   8422 | recently|
tok   5768 | added|
tok   3577 | element|
tok    382 | is|
tok    290 | the|
tok   1577 | first|
tok   1001 | one|
tok  11906 | removed|
tok     13 |.|
tok   1022 | ||
tok   6240 | **|
tok   7127 |First|
tok  50005 |‑|
tok    637 |In|
tok     11 |,|
tok   8338 | First|
tok  50005 |‑|
tok   3227 |Out|
tok    350 | (|
tok 196867 |FIFO|
tok  80066 |)**|
tok   1127 | –|
tok    290 | the|
tok   3577 | element|
tok    484 | that|
tok    853 | has|
tok   1339 | been|
tok    306 | in|
tok    290 | the|
tok   8866 | structure|
tok    290 | the|
tok  37511 | longest|
tok    382 | is|
tok    290 | the|
tok   1577 | first|
tok   1001 | one|
tok  11906 | removed|
tok     13 |.|
tok  15972 | |
|
tok     91 |||
tok   6240 | **|
tok  21536 |Primary|
tok  12084 | operations|
tok    410 |**|
tok   1022 | ||
tok   2700 | `|
tok  18873 |push|
tok  10016 |(item|
tok 120738 |)`|
tok   1127 | –|
tok   1147 | add|
tok    316 | to|
tok    290 | the|
tok   2344 | top|
tok     26 |;|
tok   2700 | `|
tok  15042 |pop|
tok 116048 |()`|
tok   1127 | –|
tok   6234 | remove|
tok    591 | from|
tok    290 | the|
tok   2344 | top|
tok     13 |.|
tok   1022 | ||
tok   2700 | `|
tok 133113 |enqueue|
tok  10016 |(item|
tok 120738 |)`|
tok   1127 | –|
tok   1147 | add|
tok    316 | to|
tok    290 | the|
tok  20749 | rear|
tok     26 |;|
tok   2700 | `|
tok    613 |de|
tok   9409 |queue|
tok 116048 |()`|
tok   1127 | –|
tok   6234 | remove|
tok    591 | from|
tok    290 | the|
tok   5567 | front|
tok     13 |.|
tok  15972 | |
|
tok     91 |||
tok   6240 | **|
tok 164657 |Typical|
tok   1199 | use|
tok  50005 |‑|
tok  39373 |cases|
tok    410 |**|
tok   1022 | ||
tok    533 | -|
tok  11035 | Function|
tok   2421 | call|
tok  10825 | stack|
tok    350 | (|
tok   9285 |rec|
tok  41658 |ursion|
tok    741 |).|
tok     27 |<|
tok   1697 |br|
tok  93089 |>-|
tok 137052 | Undo|
tok     14 |/|
tok  69380 |redo|
mode=streamed prompt_toks=27 reused=0 generated=200 n_ubatch=128
prefill: 4.83 s (5.59 tok/s)
decode:  26.69 s (7.49 tok/s)
io: cb_calls=4824 decode_uses=19200 decode_misses=2749 (hit 0.857) prefill_uses=2488 prefill_misses=535
io: pf_calls=23 pf_experts=531 union avg=23.1 min=19 max=29 fill=4.04 s (pool 32 slots)
io: prefetch_issued=845 prefetch_hits=345 prefetch_used=681 stall=15.54 s total_read=54724.8 MB avg_bw=1737 MB/s
io: read_work=127.44 s preads=24774 per_stream_bw=429 MB/s
mem: peak_rss=12.69 GB phys_footprint=6.73 GB
therm: nominal
logits_hash=12e9470c792e611e
text: <|channel|>analysis<|message|>We need to answer: difference between stack and queue. Provide explanation: stack LIFO, queue FIFO, operations push/pop vs enqueue/dequeue, use cases, etc. Provide examples.<|end|><|start|>assistant<|channel|>final<|message|>**Stack vs. Queue – the big picture**

| Feature | Stack | Queue |
|---------|-------|-------|
| **Order of elements** | **Last‑In, First‑Out (LIFO)** – the most recently added element is the first one removed. | **First‑In, First‑Out (FIFO)** – the element that has been in the structure the longest is the first one removed. |
| **Primary operations** | `push(item)` – add to the top; `pop()` – remove from the top. | `enqueue(item)` – add to the rear; `dequeue()` – remove from the front. |
| **Typical use‑cases** | - Function call stack (recursion).<br>- Undo/redo
canon: held=227 kept=27 dropped=200 decoded=156 canonical=183 (11.22 s, post-reply)
canon_reply: **Stack vs. Queue – the big picture**\n\n| Feature | Stack | Queue |\n|---------|-------|-------|\n| **Order of elements** | **Last‑In, First‑Out (LIFO)** – the most recently added element is the first one removed. | **First‑In, First‑Out (FIFO)** – the element that has been in the structure the longest is the first one removed. |\n| **Primary operations** | `push(item)` – add to the top; `pop()` – remove from the top. | `enqueue(item)` – add to the rear; `dequeue()` – remove from the front. |\n| **Typical use‑cases** | - Function call stack (recursion).<br>- Undo/redo

<<<TURN>>>
ttft: total=2011 ms | template=0 tokenize=3 kv_match=0 prefill=2006 first_sample=1
ttft: ctx_held=183 rendered=198 reused=183 reprefill=15 (7.6% of rendered)
ttft: diverged_at=183 kv_had=-1|| rerender_has=200006|<|start|>|
tok 200005 |<|channel|>|
tok  35644 |analysis|
tok 200008 |<|message|>|
tok   2167 |We|
tok   1309 | need|
tok    316 | to|
tok   3644 | give|
tok   1001 | one|
tok   1374 | real|
tok   1199 | use|
tok   1890 | case|
tok    395 | for|
tok   2454 | each|
tok     25 |:|
tok  10825 | stack|
tok    326 | and|
tok  13661 | queue|
tok     13 |.|
tok  51441 | Provide|
tok    261 | a|
tok  82463 | concise|
tok   6052 | answer|
tok     13 |.|
tok  63659 | Probably|
tok   8633 | mention|
tok 122185 | recursion|
tok  10825 | stack|
tok    395 | for|
tok  10825 | stack|
tok     11 |,|
tok    326 | and|
tok   2123 | print|
tok 199454 | spool|
tok    259 |er|
tok    503 | or|
tok   3176 | message|
tok  13661 | queue|
tok    395 | for|
tok  13661 | queue|
tok     13 |.|
tok  51441 | Provide|
tok   1001 | one|
tok   1374 | real|
tok   1199 | use|
tok   1890 | case|
tok    395 | for|
tok   2454 | each|
tok     13 |.|
tok 200007 |<|end|>|
tok 200006 |<|start|>|
tok 173781 |assistant|
tok 200005 |<|channel|>|
tok  17196 |final|
tok 200008 |<|message|>|
tok    410 |**|
tok   5622 |Stack|
tok   1127 | –|
tok   1001 | one|
tok   1374 | real|
tok   1199 | use|
tok   1890 | case|
tok    410 |**|
tok   4066 |  
|
tok      9 |*|
tok   6892 |Function|
tok  50005 |‑|
tok   9925 |call|
tok  10825 | stack|
tok    306 | in|
tok    261 | a|
tok   2193 | program|
tok      9 |*|
tok   1127 | –|
tok   1753 | every|
tok   1058 | time|
tok    261 | a|
tok   1114 | function|
tok    382 | is|
tok  60745 | invoked|
tok     11 |,|
tok   1617 | its|
tok    622 | return|
tok   3772 | address|
tok    326 | and|
tok   2698 | local|
tok  13955 | variables|
tok    553 | are|
tok  31155 | pushed|
tok  13291 | onto|
tok    290 | the|
tok  10825 | stack|
tok     13 |.|
tok   4296 | When|
tok    290 | the|
tok   1114 | function|
tok  48473 | finishes|
tok     11 |,|
tok    290 | the|
tok  10825 | stack|
tok    382 | is|
tok  75959 | popped|
tok    316 | to|
tok  24540 | restore|
tok    290 | the|
tok   5880 | previous|
tok   2608 | state|
tok     13 |.|
tok   1328 | This|
tok    451 | L|
tok  79012 |IFO|
tok  12741 | behavior|
tok    382 | is|
tok   8731 | essential|
tok    395 | for|
tok 122185 | recursion|
tok    326 | and|
tok    395 | for|
tok  26513 | maintaining|
tok    290 | the|
tok   6145 | correct|
tok  20860 | execution|
tok   2569 | order|
tok    328 | of|
tok  47576 | nested|
tok  11666 | calls|
tok     13 |.|
tok  11691 |  

|
tok    410 |**|
tok   9801 |Queue|
tok   1127 | –|
tok   1001 | one|
tok   1374 | real|
tok   1199 | use|
tok   1890 | case|
tok    410 |**|
tok   4066 |  
|
tok      9 |*|
tok  13302 |Print|
tok  50005 |‑|
tok   1148 |sp|
tok    971 |ool|
tok    259 |er|
tok    350 | (|
tok   1598 |print|
tok  13661 | queue|
tok  11043 |)*|
tok   1127 | –|
tok   1261 | when|
tok    481 | you|
tok   4952 | send|
tok   7598 | multiple|
tok  13427 | documents|
tok    316 | to|
tok    261 | a|
tok  28923 | printer|
tok     11 |,|
tok   1023 | they|
tok    553 | are|
tok  12989 | placed|
tok    306 | in|
tok    261 | a|
tok 114077 | FIFO|
tok  13661 | queue|
tok     13 |.|
tok    623 | The|
tok  28923 | printer|
tok  14340 | processes|
tok    290 | the|
tok   1577 | first|
tok   3213 | document|
tok    484 | that|
tok  18157 | arrived|
tok     11 |,|
tok   1815 | then|
tok    290 | the|
tok   2613 | next|
tok     11 |,|
tok    326 | and|
tok    813 | so|
tok    402 | on|
tok     11 |,|
tok  26386 | ensuring|
tok    484 | that|
tok  10420 | jobs|
tok    553 | are|
tok  29594 | handled|
tok    306 | in|
tok    290 | the|
tok   2569 | order|
tok   1023 | they|
tok   1504 | were|
tok  19847 | submitted|
tok     13 |.|
mode=streamed prompt_toks=198 reused=183 generated=193 n_ubatch=128
prefill: 2.01 s (7.48 tok/s)
decode:  20.03 s (9.64 tok/s)
io: cb_calls=4656 decode_uses=18528 decode_misses=2151 (hit 0.884) prefill_uses=1384 prefill_misses=390
io: pf_calls=23 pf_experts=388 union avg=16.9 min=12 max=24 fill=1.53 s (pool 32 slots)
io: prefetch_issued=170 prefetch_hits=68 prefetch_used=136 stall=9.44 s total_read=35930.9 MB avg_bw=1631 MB/s
io: read_work=62.92 s preads=16266 per_stream_bw=571 MB/s
mem: peak_rss=12.69 GB phys_footprint=6.75 GB
therm: nominal
logits_hash=8a582703c0f7d25a
text: <|channel|>analysis<|message|>We need to give one real use case for each: stack and queue. Provide a concise answer. Probably mention recursion stack for stack, and print spooler or message queue for queue. Provide one real use case for each.<|end|><|start|>assistant<|channel|>final<|message|>**Stack – one real use case**  
*Function‑call stack in a program* – every time a function is invoked, its return address and local variables are pushed onto the stack. When the function finishes, the stack is popped to restore the previous state. This LIFO behavior is essential for recursion and for maintaining the correct execution order of nested calls.  

**Queue – one real use case**  
*Print‑spooler (print queue)* – when you send multiple documents to a printer, they are placed in a FIFO queue. The printer processes the first document that arrived, then the next, and so on, ensuring that jobs are handled in the order they were submitted.
canon: held=391 kept=198 dropped=193 decoded=141 canonical=339 (10.31 s, post-reply)
canon_reply: **Stack – one real use case**  \n*Function‑call stack in a program* – every time a function is invoked, its return address and local variables are pushed onto the stack. When the function finishes, the stack is popped to restore the previous state. This LIFO behavior is essential for recursion and for maintaining the correct execution order of nested calls.  \n\n**Queue – one real use case**  \n*Print‑spooler (print queue)* – when you send multiple documents to a printer, they are placed in a FIFO queue. The printer processes the first document that arrived, then the next, and so on, ensuring that jobs are handled in the order they were submitted.
