llmstream: 24 layers, 16 slots/layer, 6 tensors/expert, 13.25 MB/expert, prefetch=on
llmstream: prefill pool 32 slots x 6 type-variants (424 MB), shared across layers
ttft: total=10524 ms | template=0 tokenize=1 kv_match=0 prefill=10521 first_sample=1
ttft: ctx_held=0 rendered=198 reused=0 reprefill=198 (100.0% of rendered)
tok 200005 |<|channel|>|
tok  35644 |analysis|
tok 200008 |<|message|>|
tok   2167 |We|
tok   1309 | need|
tok    316 | to|
tok   3644 | give|
tok   1001 | one|
tok   1374 | real|
tok   1199 | use|
tok   1890 | case|
tok    395 | for|
tok   2454 | each|
tok     25 |:|
tok  10825 | stack|
tok    326 | and|
tok  13661 | queue|
tok     13 |.|
tok  51441 | Provide|
tok    261 | a|
tok  82463 | concise|
tok   6052 | answer|
tok     13 |.|
tok  63659 | Probably|
tok   8633 | mention|
tok 122185 | recursion|
tok  10825 | stack|
tok    395 | for|
tok  10825 | stack|
tok     11 |,|
tok    326 | and|
tok   2123 | print|
tok 199454 | spool|
tok    259 |er|
tok    503 | or|
tok   3176 | message|
tok  13661 | queue|
tok    395 | for|
tok  13661 | queue|
tok     13 |.|
tok  51441 | Provide|
tok   1001 | one|
tok   1374 | real|
tok   1199 | use|
tok   1890 | case|
tok    395 | for|
tok   2454 | each|
tok     13 |.|
tok 200007 |<|end|>|
tok 200006 |<|start|>|
tok 173781 |assistant|
tok 200005 |<|channel|>|
tok  17196 |final|
tok 200008 |<|message|>|
tok    410 |**|
tok   5622 |Stack|
tok   1127 | –|
tok   1001 | one|
tok   1374 | real|
tok   1199 | use|
tok   1890 | case|
tok    410 |**|
tok   4066 |  
|
tok      9 |*|
tok   6892 |Function|
tok  50005 |‑|
tok   9925 |call|
tok  10825 | stack|
tok    306 | in|
tok    261 | a|
tok   2193 | program|
tok      9 |*|
tok   1127 | –|
tok   9312 | Every|
tok   1058 | time|
tok    261 | a|
tok   1114 | function|
tok    382 | is|
tok  60745 | invoked|
tok     11 |,|
tok   1617 | its|
tok    622 | return|
tok   3772 | address|
tok    326 | and|
tok   2698 | local|
tok  13955 | variables|
tok    553 | are|
tok  31155 | pushed|
tok  13291 | onto|
tok    290 | the|
tok  10825 | stack|
tok     13 |.|
tok   4296 | When|
tok    290 | the|
tok   1114 | function|
tok  48473 | finishes|
tok     11 |,|
tok    290 | the|
tok  10825 | stack|
tok    382 | is|
tok  75959 | popped|
tok    316 | to|
tok  24540 | restore|
tok    290 | the|
tok   5880 | previous|
tok   2608 | state|
tok     13 |.|
tok   1328 | This|
tok    451 | L|
tok  79012 |IFO|
tok  12741 | behavior|
tok    382 | is|
tok   8731 | essential|
tok    395 | for|
tok 122185 | recursion|
tok    326 | and|
tok    395 | for|
tok  26513 | maintaining|
tok    290 | the|
tok   6145 | correct|
tok  20860 | execution|
tok   2569 | order|
tok    328 | of|
tok  47576 | nested|
tok  11666 | calls|
tok     13 |.|
tok  11691 |  

|
tok    410 |**|
tok   9801 |Queue|
tok   1127 | –|
tok   1001 | one|
tok   1374 | real|
tok   1199 | use|
tok   1890 | case|
tok    410 |**|
tok   4066 |  
|
tok      9 |*|
tok  13302 |Print|
tok  50005 |‑|
tok   1148 |sp|
tok    971 |ool|
tok    259 |er|
tok    350 | (|
tok   1598 |print|
tok  13661 | queue|
tok  11043 |)*|
tok   1127 | –|
tok   4296 | When|
tok   7598 | multiple|
tok  13427 | documents|
tok    553 | are|
tok   3860 | sent|
tok    316 | to|
tok    261 | a|
tok  28923 | printer|
tok     11 |,|
tok   1023 | they|
tok    553 | are|
tok  12989 | placed|
tok    306 | in|
tok    261 | a|
tok 114077 | FIFO|
tok  13661 | queue|
tok     13 |.|
tok    623 | The|
tok  28923 | printer|
tok  14340 | processes|
tok    290 | the|
tok   1577 | first|
tok   3213 | document|
tok    484 | that|
tok  18157 | arrived|
tok     11 |,|
tok   1815 | then|
tok    290 | the|
tok   2613 | next|
tok     11 |,|
tok    326 | and|
tok    813 | so|
tok    402 | on|
tok     11 |,|
tok  26386 | ensuring|
tok    484 | that|
tok  10420 | jobs|
tok    553 | are|
tok  29594 | handled|
tok    306 | in|
tok    290 | the|
tok   2569 | order|
tok   1023 | they|
tok   1504 | were|
tok  19847 | submitted|
tok     13 |.|
mode=streamed prompt_toks=198 reused=0 generated=193 n_ubatch=128
prefill: 10.52 s (18.82 tok/s)
decode:  21.00 s (9.19 tok/s)
io: cb_calls=4680 decode_uses=18528 decode_misses=2125 (hit 0.885) prefill_uses=18220 prefill_misses=1262
io: pf_calls=46 pf_experts=1258 union avg=27.3 min=18 max=32 fill=5.93 s (pool 32 slots)
io: prefetch_issued=383 prefetch_hits=131 prefetch_used=331 stall=10.40 s total_read=49966.7 MB avg_bw=1585 MB/s
io: read_work=114.23 s preads=22620 per_stream_bw=437 MB/s
mem: peak_rss=12.76 GB phys_footprint=6.75 GB
therm: nominal
logits_hash=d687eb046a7c771a
text: <|channel|>analysis<|message|>We need to give one real use case for each: stack and queue. Provide a concise answer. Probably mention recursion stack for stack, and print spooler or message queue for queue. Provide one real use case for each.<|end|><|start|>assistant<|channel|>final<|message|>**Stack – one real use case**  
*Function‑call stack in a program* – Every time a function is invoked, its return address and local variables are pushed onto the stack. When the function finishes, the stack is popped to restore the previous state. This LIFO behavior is essential for recursion and for maintaining the correct execution order of nested calls.  

**Queue – one real use case**  
*Print‑spooler (print queue)* – When multiple documents are sent to a printer, they are placed in a FIFO queue. The printer processes the first document that arrived, then the next, and so on, ensuring that jobs are handled in the order they were submitted.
